Archive member included to satisfy reference by file (symbol)

/usr/local/Caskroom/gcc-arm-embedded/7-2017-q4-major/gcc-arm-none-eabi-7-2017-q4-major/bin/../lib/gcc/arm-none-eabi/7.2.1/../../../../arm-none-eabi/lib/thumb/v7e-m/fpv4-sp/hard/libc_nano.a(lib_a-exit.o)
                              /usr/local/Caskroom/gcc-arm-embedded/7-2017-q4-major/gcc-arm-none-eabi-7-2017-q4-major/bin/../lib/gcc/arm-none-eabi/7.2.1/../../../../arm-none-eabi/lib/thumb/v7e-m/fpv4-sp/hard/crt0.o (exit)
/usr/local/Caskroom/gcc-arm-embedded/7-2017-q4-major/gcc-arm-none-eabi-7-2017-q4-major/bin/../lib/gcc/arm-none-eabi/7.2.1/../../../../arm-none-eabi/lib/thumb/v7e-m/fpv4-sp/hard/libc_nano.a(lib_a-impure.o)
                              /usr/local/Caskroom/gcc-arm-embedded/7-2017-q4-major/gcc-arm-none-eabi-7-2017-q4-major/bin/../lib/gcc/arm-none-eabi/7.2.1/../../../../arm-none-eabi/lib/thumb/v7e-m/fpv4-sp/hard/libc_nano.a(lib_a-exit.o) (_global_impure_ptr)
/usr/local/Caskroom/gcc-arm-embedded/7-2017-q4-major/gcc-arm-none-eabi-7-2017-q4-major/bin/../lib/gcc/arm-none-eabi/7.2.1/../../../../arm-none-eabi/lib/thumb/v7e-m/fpv4-sp/hard/libc_nano.a(lib_a-init.o)
                              /usr/local/Caskroom/gcc-arm-embedded/7-2017-q4-major/gcc-arm-none-eabi-7-2017-q4-major/bin/../lib/gcc/arm-none-eabi/7.2.1/../../../../arm-none-eabi/lib/thumb/v7e-m/fpv4-sp/hard/crt0.o (__libc_init_array)
/usr/local/Caskroom/gcc-arm-embedded/7-2017-q4-major/gcc-arm-none-eabi-7-2017-q4-major/bin/../lib/gcc/arm-none-eabi/7.2.1/../../../../arm-none-eabi/lib/thumb/v7e-m/fpv4-sp/hard/libc_nano.a(lib_a-locale.o)
                              _build/nrf52832_xxaa/nrf_log_str_formatter.c.o (__locale_ctype_ptr)
/usr/local/Caskroom/gcc-arm-embedded/7-2017-q4-major/gcc-arm-none-eabi-7-2017-q4-major/bin/../lib/gcc/arm-none-eabi/7.2.1/../../../../arm-none-eabi/lib/thumb/v7e-m/fpv4-sp/hard/libc_nano.a(lib_a-mbtowc_r.o)
                              /usr/local/Caskroom/gcc-arm-embedded/7-2017-q4-major/gcc-arm-none-eabi-7-2017-q4-major/bin/../lib/gcc/arm-none-eabi/7.2.1/../../../../arm-none-eabi/lib/thumb/v7e-m/fpv4-sp/hard/libc_nano.a(lib_a-locale.o) (__ascii_mbtowc)
/usr/local/Caskroom/gcc-arm-embedded/7-2017-q4-major/gcc-arm-none-eabi-7-2017-q4-major/bin/../lib/gcc/arm-none-eabi/7.2.1/../../../../arm-none-eabi/lib/thumb/v7e-m/fpv4-sp/hard/libc_nano.a(lib_a-memcpy-stub.o)
                              _build/nrf52832_xxaa/nrf_log_frontend.c.o (memcpy)
/usr/local/Caskroom/gcc-arm-embedded/7-2017-q4-major/gcc-arm-none-eabi-7-2017-q4-major/bin/../lib/gcc/arm-none-eabi/7.2.1/../../../../arm-none-eabi/lib/thumb/v7e-m/fpv4-sp/hard/libc_nano.a(lib_a-memset.o)
                              /usr/local/Caskroom/gcc-arm-embedded/7-2017-q4-major/gcc-arm-none-eabi-7-2017-q4-major/bin/../lib/gcc/arm-none-eabi/7.2.1/../../../../arm-none-eabi/lib/thumb/v7e-m/fpv4-sp/hard/crt0.o (memset)
/usr/local/Caskroom/gcc-arm-embedded/7-2017-q4-major/gcc-arm-none-eabi-7-2017-q4-major/bin/../lib/gcc/arm-none-eabi/7.2.1/../../../../arm-none-eabi/lib/thumb/v7e-m/fpv4-sp/hard/libc_nano.a(lib_a-strcmp.o)
                              /usr/local/Caskroom/gcc-arm-embedded/7-2017-q4-major/gcc-arm-none-eabi-7-2017-q4-major/bin/../lib/gcc/arm-none-eabi/7.2.1/../../../../arm-none-eabi/lib/thumb/v7e-m/fpv4-sp/hard/libc_nano.a(lib_a-locale.o) (strcmp)
/usr/local/Caskroom/gcc-arm-embedded/7-2017-q4-major/gcc-arm-none-eabi-7-2017-q4-major/bin/../lib/gcc/arm-none-eabi/7.2.1/../../../../arm-none-eabi/lib/thumb/v7e-m/fpv4-sp/hard/libc_nano.a(lib_a-strcpy.o)
                              _build/nrf52832_xxaa/SEGGER_RTT.c.o (strcpy)
/usr/local/Caskroom/gcc-arm-embedded/7-2017-q4-major/gcc-arm-none-eabi-7-2017-q4-major/bin/../lib/gcc/arm-none-eabi/7.2.1/../../../../arm-none-eabi/lib/thumb/v7e-m/fpv4-sp/hard/libc_nano.a(lib_a-strlen.o)
                              _build/nrf52832_xxaa/nrf_log_frontend.c.o (strlen)
/usr/local/Caskroom/gcc-arm-embedded/7-2017-q4-major/gcc-arm-none-eabi-7-2017-q4-major/bin/../lib/gcc/arm-none-eabi/7.2.1/../../../../arm-none-eabi/lib/thumb/v7e-m/fpv4-sp/hard/libc_nano.a(lib_a-wctomb_r.o)
                              /usr/local/Caskroom/gcc-arm-embedded/7-2017-q4-major/gcc-arm-none-eabi-7-2017-q4-major/bin/../lib/gcc/arm-none-eabi/7.2.1/../../../../arm-none-eabi/lib/thumb/v7e-m/fpv4-sp/hard/libc_nano.a(lib_a-locale.o) (__ascii_wctomb)
/usr/local/Caskroom/gcc-arm-embedded/7-2017-q4-major/gcc-arm-none-eabi-7-2017-q4-major/bin/../lib/gcc/arm-none-eabi/7.2.1/../../../../arm-none-eabi/lib/thumb/v7e-m/fpv4-sp/hard/libc_nano.a(lib_a-ctype_.o)
                              /usr/local/Caskroom/gcc-arm-embedded/7-2017-q4-major/gcc-arm-none-eabi-7-2017-q4-major/bin/../lib/gcc/arm-none-eabi/7.2.1/../../../../arm-none-eabi/lib/thumb/v7e-m/fpv4-sp/hard/libc_nano.a(lib_a-locale.o) (_ctype_)
/usr/local/Caskroom/gcc-arm-embedded/7-2017-q4-major/gcc-arm-none-eabi-7-2017-q4-major/bin/../lib/gcc/arm-none-eabi/7.2.1/../../../../arm-none-eabi/lib/thumb/v7e-m/fpv4-sp/hard/libnosys.a(_exit.o)
[...]
Memory Configuration

Name             Origin             Length             Attributes
FLASH            0x0000000000000000 0x0000000000080000 xr
RAM              0x0000000020000000 0x0000000000010000 xrw
*default*        0x0000000000000000 0xffffffffffffffff

Linker script and memory map


.text           0x0000000000000000     0x3c84
 *(.isr_vector)
 .isr_vector    0x0000000000000000      0x200 _build/nrf52832_xxaa/gcc_startup_nrf52.S.o
                0x0000000000000000                __isr_vector
 *(.text*)
 .text          0x0000000000000200       0x40 /usr/local/Caskroom/gcc-arm-embedded/7-2017-q4-major/gcc-arm-none-eabi-7-2017-q4-major/bin/../lib/gcc/arm-none-eabi/7.2.1/thumb/v7e-m/fpv4-sp/hard/crtbegin.o
 .text          0x0000000000000240       0x74 /usr/local/Caskroom/gcc-arm-embedded/7-2017-q4-major/gcc-arm-none-eabi-7-2017-q4-major/bin/../lib/gcc/arm-none-eabi/7.2.1/../../../../arm-none-eabi/lib/thumb/v7e-m/fpv4-sp/hard/crt0.o
                0x0000000000000240                _mainCRTStartup
                0x0000000000000240                _start
 .text.nrf_log_backend_serial_put
                0x00000000000002b4       0xe4 _build/nrf52832_xxaa/nrf_log_backend_serial.c.o
                0x00000000000002b4                nrf_log_backend_serial_put
 .text.uart_evt_handler
                0x0000000000000398        0xc _build/nrf52832_xxaa/nrf_log_backend_uart.c.o
 .text.nrf_log_backend_uart_flush
                0x00000000000003a4        0x4 _build/nrf52832_xxaa/nrf_log_backend_uart.c.o
 .text.nrf_log_backend_uart_panic_set
                0x00000000000003a8       0x48 _build/nrf52832_xxaa/nrf_log_backend_uart.c.o
 .text.nrf_log_backend_uart_put
                0x00000000000003f0       0x20 _build/nrf52832_xxaa/nrf_log_backend_uart.c.o
 .text.serial_tx
                0x0000000000000410       0x34 _build/nrf52832_xxaa/nrf_log_backend_uart.c.o
 .text.nrf_log_backend_uart_init
                0x0000000000000444       0x48 _build/nrf52832_xxaa/nrf_log_backend_uart.c.o
                0x0000000000000444                nrf_log_backend_uart_init
 .text.nrf_log_default_backends_init
                0x000000000000048c       0x1c _build/nrf52832_xxaa/nrf_log_default_backends.c.o
                0x000000000000048c                nrf_log_default_backends_init
 .text.nrf_log_frontend_dequeue.part.5
                0x00000000000004a8      0x210 _build/nrf52832_xxaa/nrf_log_frontend.c.o
 .text.nrf_log_init
                0x00000000000006b8       0x50 _build/nrf52832_xxaa/nrf_log_frontend.c.o
                0x00000000000006b8                nrf_log_init
 .text.nrf_log_module_name_get
                0x0000000000000708       0x5c _build/nrf52832_xxaa/nrf_log_frontend.c.o
                0x0000000000000708                nrf_log_module_name_get
 .text.nrf_log_color_id_get
                0x0000000000000764       0x2c _build/nrf52832_xxaa/nrf_log_frontend.c.o
                0x0000000000000764                nrf_log_color_id_get
 .text.nrf_log_frontend_std_0
                0x0000000000000790      0x18c _build/nrf52832_xxaa/nrf_log_frontend.c.o
                0x0000000000000790                nrf_log_frontend_std_0
 .text.nrf_log_frontend_dequeue
                0x000000000000091c       0x18 _build/nrf52832_xxaa/nrf_log_frontend.c.o
                0x000000000000091c                nrf_log_frontend_dequeue
 .text.nrf_log_backend_add
                0x0000000000000934       0x5c _build/nrf52832_xxaa/nrf_log_frontend.c.o
                0x0000000000000934                nrf_log_backend_add
 .text.nrf_log_panic
                0x0000000000000990       0x28 _build/nrf52832_xxaa/nrf_log_frontend.c.o
                0x0000000000000990                nrf_log_panic
 .text.nrf_log_std_entry_process
                0x00000000000009b8      0x130 _build/nrf52832_xxaa/nrf_log_str_formatter.c.o
                0x00000000000009b8                nrf_log_std_entry_process
 .text.nrf_log_hexdump_entry_process
                0x0000000000000ae8      0x13c _build/nrf52832_xxaa/nrf_log_str_formatter.c.o
                0x0000000000000ae8                nrf_log_hexdump_entry_process
 .text.bsp_board_led_invert
                0x0000000000000c24       0x24 _build/nrf52832_xxaa/boards.c.o
                0x0000000000000c24                bsp_board_led_invert
 .text.bsp_board_leds_init
                0x0000000000000c48       0x3c _build/nrf52832_xxaa/boards.c.o
                0x0000000000000c48                bsp_board_leds_init
 .text.app_error_handler_bare
                0x0000000000000c84       0x20 _build/nrf52832_xxaa/app_error.c.o
                0x0000000000000c84                app_error_handler_bare
 .text.app_error_fault_handler
                0x0000000000000ca4       0x68 _build/nrf52832_xxaa/app_error_weak.c.o
                0x0000000000000ca4                app_error_fault_handler
 .text.RTC1_IRQHandler
                0x0000000000000d0c       0xa0 _build/nrf52832_xxaa/app_timer.c.o
                0x0000000000000d0c                RTC1_IRQHandler
 .text.SWI0_EGU0_IRQHandler
                0x0000000000000dac      0x670 _build/nrf52832_xxaa/app_timer.c.o
                0x0000000000000dac                SWI0_EGU0_IRQHandler
 .text.app_util_critical_region_enter
                0x000000000000141c       0x10 _build/nrf52832_xxaa/app_util_platform.c.o
                0x000000000000141c                app_util_critical_region_enter
 .text.app_util_critical_region_exit
                0x000000000000142c       0x14 _build/nrf52832_xxaa/app_util_platform.c.o
                0x000000000000142c                app_util_critical_region_exit
 .text.nrf_balloc_init
                0x0000000000001440       0x38 _build/nrf52832_xxaa/nrf_balloc.c.o
                0x0000000000001440                nrf_balloc_init
 .text.nrf_balloc_alloc
                0x0000000000001478       0x44 _build/nrf52832_xxaa/nrf_balloc.c.o
                0x0000000000001478                nrf_balloc_alloc
 .text.nrf_balloc_free
                0x00000000000014bc       0x2c _build/nrf52832_xxaa/nrf_balloc.c.o
                0x00000000000014bc                nrf_balloc_free
 .text.nrf_fprintf_buffer_flush
                0x00000000000014e8       0x18 _build/nrf52832_xxaa/nrf_fprintf.c.o
                0x00000000000014e8                nrf_fprintf_buffer_flush
 .text.nrf_fprintf
                0x0000000000001500       0x20 _build/nrf52832_xxaa/nrf_fprintf.c.o
                0x0000000000001500                nrf_fprintf
 .text.unsigned_print
                0x0000000000001520      0x10c _build/nrf52832_xxaa/nrf_fprintf_format.c.o
 .text.nrf_fprintf_fmt
                0x000000000000162c      0x5bc _build/nrf52832_xxaa/nrf_fprintf_format.c.o
                0x000000000000162c                nrf_fprintf_fmt
 .text.nrf_memobj_pool_init
                0x0000000000001be8        0x4 _build/nrf52832_xxaa/nrf_memobj.c.o
                0x0000000000001be8                nrf_memobj_pool_init
 .text.nrf_memobj_alloc
                0x0000000000001bec       0x84 _build/nrf52832_xxaa/nrf_memobj.c.o
                0x0000000000001bec                nrf_memobj_alloc
 .text.nrf_memobj_get
                0x0000000000001c70       0x20 _build/nrf52832_xxaa/nrf_memobj.c.o
                0x0000000000001c70                nrf_memobj_get
 .text.nrf_memobj_put
                0x0000000000001c90       0x50 _build/nrf52832_xxaa/nrf_memobj.c.o
                0x0000000000001c90                nrf_memobj_put
 .text.nrf_memobj_write
                0x0000000000001ce0       0x5c _build/nrf52832_xxaa/nrf_memobj.c.o
                0x0000000000001ce0                nrf_memobj_write
 .text.nrf_memobj_read
                0x0000000000001d3c       0x5c _build/nrf52832_xxaa/nrf_memobj.c.o
                0x0000000000001d3c                nrf_memobj_read
 .text.nrf_drv_common_irq_enable
                0x0000000000001d98       0x48 _build/nrf52832_xxaa/nrf_drv_common.c.o
                0x0000000000001d98                nrf_drv_common_irq_enable
 .text.GPIOTE_IRQHandler
                0x0000000000001de0      0x548 _build/nrf52832_xxaa/nrf_drv_gpiote.c.o
                0x0000000000001de0                GPIOTE_IRQHandler
 .text.nrf_drv_spi_init
                0x0000000000002328      0x15c _build/nrf52832_xxaa/nrf_drv_spi.c.o
                0x0000000000002328                nrf_drv_spi_init
 .text.nrf_drv_spi_transfer
                0x0000000000002484      0x11c _build/nrf52832_xxaa/nrf_drv_spi.c.o
                0x0000000000002484                nrf_drv_spi_transfer
 .text.SPIM0_SPIS0_TWIM0_TWIS0_SPI0_TWI0_IRQHandler
                0x00000000000025a0       0x4c _build/nrf52832_xxaa/nrf_drv_spi.c.o
                0x00000000000025a0                SPIM0_SPIS0_TWIM0_TWIS0_SPI0_TWI0_IRQHandler
 .text.nrf_drv_uart_init
                0x00000000000025ec      0x1d0 _build/nrf52832_xxaa/nrf_drv_uart.c.o
                0x00000000000025ec                nrf_drv_uart_init
 .text.nrf_drv_uart_uninit
                0x00000000000027bc      0x108 _build/nrf52832_xxaa/nrf_drv_uart.c.o
                0x00000000000027bc                nrf_drv_uart_uninit
 .text.nrf_drv_uart_tx
                0x00000000000028c4      0x154 _build/nrf52832_xxaa/nrf_drv_uart.c.o
                0x00000000000028c4                nrf_drv_uart_tx
 .text.UARTE0_UART0_IRQHandler
                0x0000000000002a18      0x2e4 _build/nrf52832_xxaa/nrf_drv_uart.c.o
                0x0000000000002a18                UARTE0_UART0_IRQHandler
 .text.spi_event_handler
                0x0000000000002cfc        0xc _build/nrf52832_xxaa/main.c.o
                0x0000000000002cfc                spi_event_handler
 .text.nrf_delay_us.part.1
                0x0000000000002d08       0x88 _build/nrf52832_xxaa/main.c.o
 .text.st7586_write.constprop.2
                0x0000000000002d90       0xd4 _build/nrf52832_xxaa/main.c.o
 .text.st7586_write
                0x0000000000002e64       0xe0 _build/nrf52832_xxaa/main.c.o
                0x0000000000002e64                st7586_write
 .text.startup.main
                0x0000000000002f44      0x5d0 _build/nrf52832_xxaa/main.c.o
                0x0000000000002f44                main
 .text          0x0000000000003514       0x3c _build/nrf52832_xxaa/gcc_startup_nrf52.S.o
                0x0000000000003514                Reset_Handler
                0x000000000000353c                NMI_Handler
                0x000000000000353e                HardFault_Handler
                0x0000000000003540                MemoryManagement_Handler
                0x0000000000003542                BusFault_Handler
                0x0000000000003544                UsageFault_Handler
                0x0000000000003546                SVC_Handler
                0x0000000000003548                DebugMon_Handler
                0x000000000000354a                PendSV_Handler
                0x000000000000354c                SysTick_Handler
                0x000000000000354e                FPU_IRQHandler
                0x000000000000354e                TIMER4_IRQHandler
                0x000000000000354e                I2S_IRQHandler
                0x000000000000354e                SWI4_EGU4_IRQHandler
                0x000000000000354e                TIMER0_IRQHandler
                0x000000000000354e                TIMER1_IRQHandler
                0x000000000000354e                PWM2_IRQHandler
                0x000000000000354e                ECB_IRQHandler
                0x000000000000354e                SPIM1_SPIS1_TWIM1_TWIS1_SPI1_TWI1_IRQHandler
                0x000000000000354e                Default_Handler
                0x000000000000354e                SAADC_IRQHandler
                0x000000000000354e                CCM_AAR_IRQHandler
                0x000000000000354e                WDT_IRQHandler
                0x000000000000354e                SWI5_EGU5_IRQHandler
                0x000000000000354e                RNG_IRQHandler
                0x000000000000354e                RTC2_IRQHandler
                0x000000000000354e                PWM0_IRQHandler
                0x000000000000354e                SWI3_EGU3_IRQHandler
                0x000000000000354e                SWI1_EGU1_IRQHandler
                0x000000000000354e                SPIM2_SPIS2_SPI2_IRQHandler
                0x000000000000354e                NFCT_IRQHandler
                0x000000000000354e                MWU_IRQHandler
                0x000000000000354e                TIMER2_IRQHandler
                0x000000000000354e                COMP_LPCOMP_IRQHandler
                0x000000000000354e                RTC0_IRQHandler
                0x000000000000354e                SWI2_EGU2_IRQHandler
                0x000000000000354e                PWM1_IRQHandler
                0x000000000000354e                POWER_CLOCK_IRQHandler
                0x000000000000354e                RADIO_IRQHandler
                0x000000000000354e                PDM_IRQHandler
                0x000000000000354e                TEMP_IRQHandler
                0x000000000000354e                QDEC_IRQHandler
                0x000000000000354e                TIMER3_IRQHandler
 .text.SystemInit
                0x0000000000003550      0x384 _build/nrf52832_xxaa/system_nrf52.c.o
                0x0000000000003550                SystemInit
 .text.exit     0x00000000000038d4       0x28 /usr/local/Caskroom/gcc-arm-embedded/7-2017-q4-major/gcc-arm-none-eabi-7-2017-q4-major/bin/../lib/gcc/arm-none-eabi/7.2.1/../../../../arm-none-eabi/lib/thumb/v7e-m/fpv4-sp/hard/libc_nano.a(lib_a-exit.o)
                0x00000000000038d4                exit
 .text.__libc_init_array
                0x00000000000038fc       0x48 /usr/local/Caskroom/gcc-arm-embedded/7-2017-q4-major/gcc-arm-none-eabi-7-2017-q4-major/bin/../lib/gcc/arm-none-eabi/7.2.1/../../../../arm-none-eabi/lib/thumb/v7e-m/fpv4-sp/hard/libc_nano.a(lib_a-init.o)
                0x00000000000038fc                __libc_init_array
 .text.__locale_ctype_ptr
                0x0000000000003944       0x1c /usr/local/Caskroom/gcc-arm-embedded/7-2017-q4-major/gcc-arm-none-eabi-7-2017-q4-major/bin/../lib/gcc/arm-none-eabi/7.2.1/../../../../arm-none-eabi/lib/thumb/v7e-m/fpv4-sp/hard/libc_nano.a(lib_a-locale.o)
                0x0000000000003944                __locale_ctype_ptr
 .text.__ascii_mbtowc
                0x0000000000003960       0x24 /usr/local/Caskroom/gcc-arm-embedded/7-2017-q4-major/gcc-arm-none-eabi-7-2017-q4-major/bin/../lib/gcc/arm-none-eabi/7.2.1/../../../../arm-none-eabi/lib/thumb/v7e-m/fpv4-sp/hard/libc_nano.a(lib_a-mbtowc_r.o)
                0x0000000000003960                __ascii_mbtowc
 .text.memcpy   0x0000000000003984       0x16 /usr/local/Caskroom/gcc-arm-embedded/7-2017-q4-major/gcc-arm-none-eabi-7-2017-q4-major/bin/../lib/gcc/arm-none-eabi/7.2.1/../../../../arm-none-eabi/lib/thumb/v7e-m/fpv4-sp/hard/libc_nano.a(lib_a-memcpy-stub.o)
                0x0000000000003984                memcpy
 .text.memset   0x000000000000399a       0x10 /usr/local/Caskroom/gcc-arm-embedded/7-2017-q4-major/gcc-arm-none-eabi-7-2017-q4-major/bin/../lib/gcc/arm-none-eabi/7.2.1/../../../../arm-none-eabi/lib/thumb/v7e-m/fpv4-sp/hard/libc_nano.a(lib_a-memset.o)
                0x000000000000399a                memset
 .text          0x00000000000039aa       0x10 /usr/local/Caskroom/gcc-arm-embedded/7-2017-q4-major/gcc-arm-none-eabi-7-2017-q4-major/bin/../lib/gcc/arm-none-eabi/7.2.1/../../../../arm-none-eabi/lib/thumb/v7e-m/fpv4-sp/hard/libc_nano.a(lib_a-strlen.o)
                0x00000000000039aa                strlen
 .text.__ascii_wctomb
                0x00000000000039ba       0x1a /usr/local/Caskroom/gcc-arm-embedded/7-2017-q4-major/gcc-arm-none-eabi-7-2017-q4-major/bin/../lib/gcc/arm-none-eabi/7.2.1/../../../../arm-none-eabi/lib/thumb/v7e-m/fpv4-sp/hard/libc_nano.a(lib_a-wctomb_r.o)
                0x00000000000039ba                __ascii_wctomb
 .text._exit    0x00000000000039d4        0x4 /usr/local/Caskroom/gcc-arm-embedded/7-2017-q4-major/gcc-arm-none-eabi-7-2017-q4-major/bin/../lib/gcc/arm-none-eabi/7.2.1/../../../../arm-none-eabi/lib/thumb/v7e-m/fpv4-sp/hard/libnosys.a(_exit.o)
                0x00000000000039d4                _exit
 *(.init)
 .init          0x00000000000039d8        0x4 /usr/local/Caskroom/gcc-arm-embedded/7-2017-q4-major/gcc-arm-none-eabi-7-2017-q4-major/bin/../lib/gcc/arm-none-eabi/7.2.1/thumb/v7e-m/fpv4-sp/hard/crti.o
                0x00000000000039d8                _init
 .init          0x00000000000039dc        0x8 /usr/local/Caskroom/gcc-arm-embedded/7-2017-q4-major/gcc-arm-none-eabi-7-2017-q4-major/bin/../lib/gcc/arm-none-eabi/7.2.1/thumb/v7e-m/fpv4-sp/hard/crtn.o
 *(.fini)
 .fini          0x00000000000039e4        0x4 /usr/local/Caskroom/gcc-arm-embedded/7-2017-q4-major/gcc-arm-none-eabi-7-2017-q4-major/bin/../lib/gcc/arm-none-eabi/7.2.1/thumb/v7e-m/fpv4-sp/hard/crti.o
                0x00000000000039e4                _fini
 .fini          0x00000000000039e8        0x8 /usr/local/Caskroom/gcc-arm-embedded/7-2017-q4-major/gcc-arm-none-eabi-7-2017-q4-major/bin/../lib/gcc/arm-none-eabi/7.2.1/thumb/v7e-m/fpv4-sp/hard/crtn.o
 *crtbegin.o(.ctors)
 *crtbegin?.o(.ctors)
 *(EXCLUDE_FILE(*crtend.o *crtend?.o) .ctors)
 *(SORT_BY_NAME(.ctors.*))
 *(.ctors)
 *crtbegin.o(.dtors)
 *crtbegin?.o(.dtors)
 *(EXCLUDE_FILE(*crtend.o *crtend?.o) .dtors)
 *(SORT_BY_NAME(.dtors.*))
 *(.dtors)
 *(.rodata*)
 .rodata        0x00000000000039f0       0x20 _build/nrf52832_xxaa/nrf_log_backend_uart.c.o
 .rodata.nrf_log_backend_uart_api
                0x0000000000003a10        0xc _build/nrf52832_xxaa/nrf_log_backend_uart.c.o
                0x0000000000003a10                nrf_log_backend_uart_api
 .rodata.mempool
                0x0000000000003a1c       0x14 _build/nrf52832_xxaa/nrf_log_frontend.c.o
 .rodata.str1.4
                0x0000000000003a30        0x4 _build/nrf52832_xxaa/nrf_log_frontend.c.o
 .rodata.m_colors
                0x0000000000003a34       0x24 _build/nrf52832_xxaa/nrf_log_str_formatter.c.o
 .rodata.nrf_log_hexdump_entry_process.str1.4
                0x0000000000003a58       0x13 _build/nrf52832_xxaa/nrf_log_str_formatter.c.o
                                         0x16 (size before relaxing)
 *fill*         0x0000000000003a6b        0x1 
 .rodata.nrf_log_std_entry_process.str1.4
                0x0000000000003a6c       0x1b _build/nrf52832_xxaa/nrf_log_str_formatter.c.o
 *fill*         0x0000000000003a87        0x1 
 .rodata.severity_names
                0x0000000000003a88       0x14 _build/nrf52832_xxaa/nrf_log_str_formatter.c.o
 .rodata.str1.4
                0x0000000000003a9c       0x5e _build/nrf52832_xxaa/nrf_log_str_formatter.c.o
 *fill*         0x0000000000003afa        0x2 
 .rodata.m_board_led_list
                0x0000000000003afc        0x4 _build/nrf52832_xxaa/boards.c.o
 .rodata.app_error_fault_handler.str1.4
                0x0000000000003b00       0x19 _build/nrf52832_xxaa/app_error_weak.c.o
 *fill*         0x0000000000003b19        0x3 
 .rodata.str1.4
                0x0000000000003b1c        0x7 _build/nrf52832_xxaa/nrf_balloc.c.o
 *fill*         0x0000000000003b23        0x1 
 .rodata._aV2C.7959
                0x0000000000003b24       0x10 _build/nrf52832_xxaa/nrf_fprintf_format.c.o
 .rodata.str1.4
                0x0000000000003b34        0x7 _build/nrf52832_xxaa/nrf_drv_gpiote.c.o
 *fill*         0x0000000000003b3b        0x1 
 .rodata.str1.4
                0x0000000000003b3c        0x4 _build/nrf52832_xxaa/nrf_drv_spi.c.o
 .rodata.str1.4
                0x0000000000003b40        0x5 _build/nrf52832_xxaa/nrf_drv_uart.c.o
 *fill*         0x0000000000003b45        0x3 
 .rodata        0x0000000000003b48       0x10 _build/nrf52832_xxaa/main.c.o
 .rodata.main.str1.4
                0x0000000000003b58       0x10 _build/nrf52832_xxaa/main.c.o
                                          0xd (size before relaxing)
 .rodata.st7586_spi
                0x0000000000003b68        0x8 _build/nrf52832_xxaa/main.c.o
 .rodata._global_impure_ptr
                0x0000000000003b70        0x4 /usr/local/Caskroom/gcc-arm-embedded/7-2017-q4-major/gcc-arm-none-eabi-7-2017-q4-major/bin/../lib/gcc/arm-none-eabi/7.2.1/../../../../arm-none-eabi/lib/thumb/v7e-m/fpv4-sp/hard/libc_nano.a(lib_a-impure.o)
                0x0000000000003b70                _global_impure_ptr
 .rodata._setlocale_r.str1.1
                0x0000000000003b74        0x8 /usr/local/Caskroom/gcc-arm-embedded/7-2017-q4-major/gcc-arm-none-eabi-7-2017-q4-major/bin/../lib/gcc/arm-none-eabi/7.2.1/../../../../arm-none-eabi/lib/thumb/v7e-m/fpv4-sp/hard/libc_nano.a(lib_a-locale.o)
                                          0x9 (size before relaxing)
 .rodata.str1.1
                0x0000000000003b7c        0x2 /usr/local/Caskroom/gcc-arm-embedded/7-2017-q4-major/gcc-arm-none-eabi-7-2017-q4-major/bin/../lib/gcc/arm-none-eabi/7.2.1/../../../../arm-none-eabi/lib/thumb/v7e-m/fpv4-sp/hard/libc_nano.a(lib_a-locale.o)
 .rodata._ctype_
                0x0000000000003b7e      0x101 /usr/local/Caskroom/gcc-arm-embedded/7-2017-q4-major/gcc-arm-none-eabi-7-2017-q4-major/bin/../lib/gcc/arm-none-eabi/7.2.1/../../../../arm-none-eabi/lib/thumb/v7e-m/fpv4-sp/hard/libc_nano.a(lib_a-ctype_.o)
                0x0000000000003b7e                _ctype_
 *(.eh_frame*)
 *fill*         0x0000000000003c7f        0x1 
 .eh_frame      0x0000000000003c80        0x0 /usr/local/Caskroom/gcc-arm-embedded/7-2017-q4-major/gcc-arm-none-eabi-7-2017-q4-major/bin/../lib/gcc/arm-none-eabi/7.2.1/thumb/v7e-m/fpv4-sp/hard/crtbegin.o
 .eh_frame      0x0000000000003c80        0x4 /usr/local/Caskroom/gcc-arm-embedded/7-2017-q4-major/gcc-arm-none-eabi-7-2017-q4-major/bin/../lib/gcc/arm-none-eabi/7.2.1/thumb/v7e-m/fpv4-sp/hard/crtend.o

.glue_7         0x0000000000003c84        0x0
 .glue_7        0x0000000000003c84        0x0 linker stubs

.glue_7t        0x0000000000003c84        0x0
 .glue_7t       0x0000000000003c84        0x0 linker stubs

.vfp11_veneer   0x0000000000003c84        0x0
 .vfp11_veneer  0x0000000000003c84        0x0 linker stubs

.v4_bx          0x0000000000003c84        0x0
 .v4_bx         0x0000000000003c84        0x0 linker stubs

.iplt           0x0000000000003c84        0x0
 .iplt          0x0000000000003c84        0x0 /usr/local/Caskroom/gcc-arm-embedded/7-2017-q4-major/gcc-arm-none-eabi-7-2017-q4-major/bin/../lib/gcc/arm-none-eabi/7.2.1/thumb/v7e-m/fpv4-sp/hard/crtbegin.o

.mem_section_dummy_rom

.log_const_data
                0x0000000000003c84       0x28
                0x0000000000003c84                PROVIDE (__start_log_const_data, .)
 *(SORT_BY_NAME(.log_const_data*))
 .log_const_data_app
                0x0000000000003c84        0x8 _build/nrf52832_xxaa/nrf_log_frontend.c.o
                0x0000000000003c84                m_nrf_log_app_logs_data_const
 .log_const_data_balloc
                0x0000000000003c8c        0x8 _build/nrf52832_xxaa/nrf_balloc.c.o
                0x0000000000003c8c                m_nrf_log_balloc_logs_data_const
 .log_const_data_gpiote
                0x0000000000003c94        0x8 _build/nrf52832_xxaa/nrf_drv_gpiote.c.o
                0x0000000000003c94                m_nrf_log_gpiote_logs_data_const
 .log_const_data_spi
                0x0000000000003c9c        0x8 _build/nrf52832_xxaa/nrf_drv_spi.c.o
                0x0000000000003c9c                m_nrf_log_spi_logs_data_const
 .log_const_data_uart
                0x0000000000003ca4        0x8 _build/nrf52832_xxaa/nrf_drv_uart.c.o
                0x0000000000003ca4                m_nrf_log_uart_logs_data_const
                0x0000000000003cac                PROVIDE (__stop_log_const_data, .)

.ARM.extab
 *(.ARM.extab* .gnu.linkonce.armextab.*)
                0x0000000000003cac                __exidx_start = .

.ARM.exidx      0x0000000000003cac        0x8
 *(.ARM.exidx* .gnu.linkonce.armexidx.*)
 .ARM.exidx     0x0000000000003cac        0x8 /usr/local/Caskroom/gcc-arm-embedded/7-2017-q4-major/gcc-arm-none-eabi-7-2017-q4-major/bin/../lib/gcc/arm-none-eabi/7.2.1/../../../../arm-none-eabi/lib/thumb/v7e-m/fpv4-sp/hard/crt0.o
                0x0000000000003cb4                __exidx_end = .
                0x0000000000003cb4                __etext = .

.rel.dyn        0x0000000000003cb4        0x0
 .rel.iplt      0x0000000000003cb4        0x0 /usr/local/Caskroom/gcc-arm-embedded/7-2017-q4-major/gcc-arm-none-eabi-7-2017-q4-major/bin/../lib/gcc/arm-none-eabi/7.2.1/thumb/v7e-m/fpv4-sp/hard/crtbegin.o

.data           0x0000000020000000      0x1f0 load address 0x0000000000003cb4
                0x0000000020000000                __data_start__ = .
 *(vtable)
 *(.data*)
 .data.m_uart   0x0000000020000000        0x8 _build/nrf52832_xxaa/nrf_log_backend_uart.c.o
                0x0000000020000000                m_uart
 .data.uart_log_backend
                0x0000000020000008        0xc _build/nrf52832_xxaa/nrf_log_default_backends.c.o
 .data.SystemCoreClock
                0x0000000020000014        0x4 _build/nrf52832_xxaa/system_nrf52.c.o
                0x0000000020000014                SystemCoreClock
 .data._impure_ptr
                0x0000000020000018        0x4 /usr/local/Caskroom/gcc-arm-embedded/7-2017-q4-major/gcc-arm-none-eabi-7-2017-q4-major/bin/../lib/gcc/arm-none-eabi/7.2.1/../../../../arm-none-eabi/lib/thumb/v7e-m/fpv4-sp/hard/libc_nano.a(lib_a-impure.o)
                0x0000000020000018                _impure_ptr
 .data.impure_data
                0x000000002000001c       0x60 /usr/local/Caskroom/gcc-arm-embedded/7-2017-q4-major/gcc-arm-none-eabi-7-2017-q4-major/bin/../lib/gcc/arm-none-eabi/7.2.1/../../../../arm-none-eabi/lib/thumb/v7e-m/fpv4-sp/hard/libc_nano.a(lib_a-impure.o)
 .data.__global_locale
                0x000000002000007c      0x16c /usr/local/Caskroom/gcc-arm-embedded/7-2017-q4-major/gcc-arm-none-eabi-7-2017-q4-major/bin/../lib/gcc/arm-none-eabi/7.2.1/../../../../arm-none-eabi/lib/thumb/v7e-m/fpv4-sp/hard/libc_nano.a(lib_a-locale.o)
                0x000000002000007c                __global_locale
                0x00000000200001e8                . = ALIGN (0x4)
                0x00000000200001e8                PROVIDE (__preinit_array_start, .)
 *(.preinit_array)
                0x00000000200001e8                PROVIDE (__preinit_array_end, .)
                0x00000000200001e8                . = ALIGN (0x4)
                0x00000000200001e8                PROVIDE (__init_array_start, .)
 *(SORT_BY_NAME(.init_array.*))
 *(.init_array)
 .init_array    0x00000000200001e8        0x4 /usr/local/Caskroom/gcc-arm-embedded/7-2017-q4-major/gcc-arm-none-eabi-7-2017-q4-major/bin/../lib/gcc/arm-none-eabi/7.2.1/thumb/v7e-m/fpv4-sp/hard/crtbegin.o
                0x00000000200001ec                PROVIDE (__init_array_end, .)
                0x00000000200001ec                . = ALIGN (0x4)
                [!provide]                        PROVIDE (__fini_array_start, .)
 *(SORT_BY_NAME(.fini_array.*))
 *(.fini_array)
 .fini_array    0x00000000200001ec        0x4 /usr/local/Caskroom/gcc-arm-embedded/7-2017-q4-major/gcc-arm-none-eabi-7-2017-q4-major/bin/../lib/gcc/arm-none-eabi/7.2.1/thumb/v7e-m/fpv4-sp/hard/crtbegin.o
                [!provide]                        PROVIDE (__fini_array_end, .)
 *(.jcr*)
                0x00000000200001f0                . = ALIGN (0x4)
                0x00000000200001f0                __data_end__ = .
LOAD /usr/local/Caskroom/gcc-arm-embedded/7-2017-q4-major/gcc-arm-none-eabi-7-2017-q4-major/bin/../lib/gcc/arm-none-eabi/7.2.1/thumb/v7e-m/fpv4-sp/hard/crti.o
LOAD /usr/local/Caskroom/gcc-arm-embedded/7-2017-q4-major/gcc-arm-none-eabi-7-2017-q4-major/bin/../lib/gcc/arm-none-eabi/7.2.1/thumb/v7e-m/fpv4-sp/hard/crtbegin.o
LOAD /usr/local/Caskroom/gcc-arm-embedded/7-2017-q4-major/gcc-arm-none-eabi-7-2017-q4-major/bin/../lib/gcc/arm-none-eabi/7.2.1/../../../../arm-none-eabi/lib/thumb/v7e-m/fpv4-sp/hard/crt0.o
LOAD _build/nrf52832_xxaa/nrf_log_backend_rtt.c.o
LOAD _build/nrf52832_xxaa/nrf_log_backend_serial.c.o
LOAD _build/nrf52832_xxaa/nrf_log_backend_uart.c.o
LOAD _build/nrf52832_xxaa/nrf_log_default_backends.c.o
LOAD _build/nrf52832_xxaa/nrf_log_frontend.c.o
LOAD _build/nrf52832_xxaa/nrf_log_str_formatter.c.o
LOAD _build/nrf52832_xxaa/boards.c.o
LOAD _build/nrf52832_xxaa/app_button.c.o
LOAD _build/nrf52832_xxaa/app_error.c.o
LOAD _build/nrf52832_xxaa/app_error_weak.c.o
LOAD _build/nrf52832_xxaa/app_scheduler.c.o
LOAD _build/nrf52832_xxaa/app_timer.c.o
LOAD _build/nrf52832_xxaa/app_util_platform.c.o
LOAD _build/nrf52832_xxaa/nrf_assert.c.o
LOAD _build/nrf52832_xxaa/nrf_balloc.c.o
LOAD _build/nrf52832_xxaa/nrf_fprintf.c.o
LOAD _build/nrf52832_xxaa/nrf_fprintf_format.c.o
LOAD _build/nrf52832_xxaa/nrf_memobj.c.o
LOAD _build/nrf52832_xxaa/nrf_strerror.c.o
LOAD _build/nrf52832_xxaa/nrf_drv_common.c.o
LOAD _build/nrf52832_xxaa/nrf_drv_gpiote.c.o
LOAD _build/nrf52832_xxaa/nrf_drv_spi.c.o
LOAD _build/nrf52832_xxaa/nrf_drv_uart.c.o
LOAD _build/nrf52832_xxaa/bsp.c.o
LOAD _build/nrf52832_xxaa/bsp_nfc.c.o
LOAD _build/nrf52832_xxaa/main.c.o
LOAD _build/nrf52832_xxaa/SEGGER_RTT.c.o
LOAD _build/nrf52832_xxaa/SEGGER_RTT_Syscalls_GCC.c.o
LOAD _build/nrf52832_xxaa/SEGGER_RTT_printf.c.o
LOAD _build/nrf52832_xxaa/gcc_startup_nrf52.S.o
LOAD _build/nrf52832_xxaa/system_nrf52.c.o
LOAD /usr/local/Caskroom/gcc-arm-embedded/7-2017-q4-major/gcc-arm-none-eabi-7-2017-q4-major/bin/../lib/gcc/arm-none-eabi/7.2.1/../../../../arm-none-eabi/lib/thumb/v7e-m/fpv4-sp/hard/libc_nano.a
LOAD /usr/local/Caskroom/gcc-arm-embedded/7-2017-q4-major/gcc-arm-none-eabi-7-2017-q4-major/bin/../lib/gcc/arm-none-eabi/7.2.1/../../../../arm-none-eabi/lib/thumb/v7e-m/fpv4-sp/hard/libnosys.a
LOAD /usr/local/Caskroom/gcc-arm-embedded/7-2017-q4-major/gcc-arm-none-eabi-7-2017-q4-major/bin/../lib/gcc/arm-none-eabi/7.2.1/../../../../arm-none-eabi/lib/thumb/v7e-m/fpv4-sp/hard/libm.a
START GROUP
LOAD /usr/local/Caskroom/gcc-arm-embedded/7-2017-q4-major/gcc-arm-none-eabi-7-2017-q4-major/bin/../lib/gcc/arm-none-eabi/7.2.1/thumb/v7e-m/fpv4-sp/hard/libgcc.a
LOAD /usr/local/Caskroom/gcc-arm-embedded/7-2017-q4-major/gcc-arm-none-eabi-7-2017-q4-major/bin/../lib/gcc/arm-none-eabi/7.2.1/../../../../arm-none-eabi/lib/thumb/v7e-m/fpv4-sp/hard/libg_nano.a
LOAD /usr/local/Caskroom/gcc-arm-embedded/7-2017-q4-major/gcc-arm-none-eabi-7-2017-q4-major/bin/../lib/gcc/arm-none-eabi/7.2.1/../../../../arm-none-eabi/lib/thumb/v7e-m/fpv4-sp/hard/libc_nano.a
END GROUP
START GROUP
LOAD /usr/local/Caskroom/gcc-arm-embedded/7-2017-q4-major/gcc-arm-none-eabi-7-2017-q4-major/bin/../lib/gcc/arm-none-eabi/7.2.1/thumb/v7e-m/fpv4-sp/hard/libgcc.a
LOAD /usr/local/Caskroom/gcc-arm-embedded/7-2017-q4-major/gcc-arm-none-eabi-7-2017-q4-major/bin/../lib/gcc/arm-none-eabi/7.2.1/../../../../arm-none-eabi/lib/thumb/v7e-m/fpv4-sp/hard/libc_nano.a
END GROUP
LOAD /usr/local/Caskroom/gcc-arm-embedded/7-2017-q4-major/gcc-arm-none-eabi-7-2017-q4-major/bin/../lib/gcc/arm-none-eabi/7.2.1/thumb/v7e-m/fpv4-sp/hard/crtend.o
LOAD /usr/local/Caskroom/gcc-arm-embedded/7-2017-q4-major/gcc-arm-none-eabi-7-2017-q4-major/bin/../lib/gcc/arm-none-eabi/7.2.1/thumb/v7e-m/fpv4-sp/hard/crtn.o
START GROUP
LOAD /usr/local/Caskroom/gcc-arm-embedded/7-2017-q4-major/gcc-arm-none-eabi-7-2017-q4-major/bin/../lib/gcc/arm-none-eabi/7.2.1/thumb/v7e-m/fpv4-sp/hard/libgcc.a
LOAD /usr/local/Caskroom/gcc-arm-embedded/7-2017-q4-major/gcc-arm-none-eabi-7-2017-q4-major/bin/../lib/gcc/arm-none-eabi/7.2.1/../../../../arm-none-eabi/lib/thumb/v7e-m/fpv4-sp/hard/libc.a
LOAD /usr/local/Caskroom/gcc-arm-embedded/7-2017-q4-major/gcc-arm-none-eabi-7-2017-q4-major/bin/../lib/gcc/arm-none-eabi/7.2.1/../../../../arm-none-eabi/lib/thumb/v7e-m/fpv4-sp/hard/libnosys.a
END GROUP

.igot.plt       0x00000000200001f0        0x0 load address 0x0000000000003ea4
 .igot.plt      0x00000000200001f0        0x0 /usr/local/Caskroom/gcc-arm-embedded/7-2017-q4-major/gcc-arm-none-eabi-7-2017-q4-major/bin/../lib/gcc/arm-none-eabi/7.2.1/thumb/v7e-m/fpv4-sp/hard/crtbegin.o
                0x00000000200001f0                . = ALIGN (0x4)

.mem_section_dummy_ram

.log_dynamic_data
                0x00000000200001f0       0x3c load address 0x0000000000003ea4
                0x00000000200001f0                PROVIDE (__start_log_dynamic_data, .)
 *(SORT_BY_NAME(.log_dynamic_data*))
 .log_dynamic_data_app
                0x00000000200001f0        0xc _build/nrf52832_xxaa/nrf_log_frontend.c.o
                0x00000000200001f0                m_nrf_log_app_logs_data_dynamic
 .log_dynamic_data_balloc
                0x00000000200001fc        0xc _build/nrf52832_xxaa/nrf_balloc.c.o
                0x00000000200001fc                m_nrf_log_balloc_logs_data_dynamic
 .log_dynamic_data_gpiote
                0x0000000020000208        0xc _build/nrf52832_xxaa/nrf_drv_gpiote.c.o
                0x0000000020000208                m_nrf_log_gpiote_logs_data_dynamic
 .log_dynamic_data_spi
                0x0000000020000214        0xc _build/nrf52832_xxaa/nrf_drv_spi.c.o
                0x0000000020000214                m_nrf_log_spi_logs_data_dynamic
 .log_dynamic_data_uart
                0x0000000020000220        0xc _build/nrf52832_xxaa/nrf_drv_uart.c.o
                0x0000000020000220                m_nrf_log_uart_logs_data_dynamic
                [!provide]                        PROVIDE (__stop_log_dynamic_data, .)

.bss            0x000000002000022c      0x71c load address 0x0000000000003ee0
                0x000000002000022c                . = ALIGN (0x4)
                0x000000002000022c                __bss_start__ = .
 *(.bss*)
 .bss           0x000000002000022c       0x1c /usr/local/Caskroom/gcc-arm-embedded/7-2017-q4-major/gcc-arm-none-eabi-7-2017-q4-major/bin/../lib/gcc/arm-none-eabi/7.2.1/thumb/v7e-m/fpv4-sp/hard/crtbegin.o
 .bss.m_async_mode
                0x0000000020000248        0x1 _build/nrf52832_xxaa/nrf_log_backend_uart.c.o
 *fill*         0x0000000020000249        0x3 
 .bss.m_string_buff
                0x000000002000024c       0x40 _build/nrf52832_xxaa/nrf_log_backend_uart.c.o
 .bss.m_xfer_done
                0x000000002000028c        0x1 _build/nrf52832_xxaa/nrf_log_backend_uart.c.o
 *fill*         0x000000002000028d        0x3 
 .bss.m_log_data
                0x0000000020000290      0x420 _build/nrf52832_xxaa/nrf_log_frontend.c.o
 .bss.mempool_nrf_balloc_cb
                0x00000000200006b0        0x8 _build/nrf52832_xxaa/nrf_log_frontend.c.o
 .bss.mempool_nrf_balloc_pool_mem
                0x00000000200006b8       0xc0 _build/nrf52832_xxaa/nrf_log_frontend.c.o
 .bss.mempool_nrf_balloc_pool_stack
                0x0000000020000778        0x8 _build/nrf52832_xxaa/nrf_log_frontend.c.o
 .bss.m_op_queue
                0x0000000020000780      0x10c _build/nrf52832_xxaa/app_timer.c.o
 .bss.m_rtc1_reset
                0x000000002000088c        0x1 _build/nrf52832_xxaa/app_timer.c.o
 .bss.m_rtc1_running
                0x000000002000088d        0x1 _build/nrf52832_xxaa/app_timer.c.o
 *fill*         0x000000002000088e        0x2 
 .bss.m_ticks_elapsed
                0x0000000020000890        0x8 _build/nrf52832_xxaa/app_timer.c.o
 .bss.m_ticks_elapsed_q_read_ind
                0x0000000020000898        0x1 _build/nrf52832_xxaa/app_timer.c.o
 .bss.m_ticks_elapsed_q_write_ind
                0x0000000020000899        0x1 _build/nrf52832_xxaa/app_timer.c.o
 *fill*         0x000000002000089a        0x2 
 .bss.m_ticks_latest
                0x000000002000089c        0x4 _build/nrf52832_xxaa/app_timer.c.o
 .bss.mp_timer_id_head
                0x00000000200008a0        0x4 _build/nrf52832_xxaa/app_timer.c.o
 .bss.m_in_critical_region
                0x00000000200008a4        0x4 _build/nrf52832_xxaa/app_util_platform.c.o
 .bss.m_cb      0x00000000200008a8       0x58 _build/nrf52832_xxaa/nrf_drv_gpiote.c.o
 .bss.m_cb      0x0000000020000900       0x24 _build/nrf52832_xxaa/nrf_drv_spi.c.o
 .bss.m_cb      0x0000000020000924       0x20 _build/nrf52832_xxaa/nrf_drv_uart.c.o
 .bss.rx_data   0x0000000020000944        0x1 _build/nrf52832_xxaa/main.c.o
 .bss.st7586_spi_xfer_done
                0x0000000020000945        0x1 _build/nrf52832_xxaa/main.c.o
 *(COMMON)
                0x0000000020000948                . = ALIGN (0x4)
 *fill*         0x0000000020000946        0x2 
                0x0000000020000948                __bss_end__ = .

.heap           0x0000000020000948     0x2000
                0x0000000020000948                __HeapBase = .
                0x0000000020000948                __end__ = .
                [!provide]                        PROVIDE (end, .)
 *(.heap*)
 .heap          0x0000000020000948     0x2000 _build/nrf52832_xxaa/gcc_startup_nrf52.S.o
                0x0000000020002948                __HeapLimit = .

.stack_dummy    0x0000000020000948     0x2000
 *(.stack*)
 .stack         0x0000000020000948     0x2000 _build/nrf52832_xxaa/gcc_startup_nrf52.S.o
                0x0000000020010000                __StackTop = (ORIGIN (RAM) + LENGTH (RAM))
                0x000000002000e000                __StackLimit = (__StackTop - SIZEOF (.stack_dummy))
                0x0000000020010000                PROVIDE (__stack, __StackTop)
                0x0000000000000001                ASSERT ((__StackLimit >= __HeapLimit), region RAM overflowed with stack)
                0x000000000000022c                DataInitFlashUsed = (__bss_start__ - __data_start__)
                0x0000000000003cb4                CodeFlashUsed = (__etext - ORIGIN (FLASH))
                0x0000000000003ee0                TotalFlashUsed = (CodeFlashUsed + DataInitFlashUsed)
                0x0000000000000001                ASSERT ((TotalFlashUsed <= LENGTH (FLASH)), region FLASH overflowed with .data and user data)
OUTPUT(_build/nrf52832_xxaa.out elf32-littlearm)

.ARM.attributes
                0x0000000000000000       0x30
 .ARM.attributes
                0x0000000000000000       0x22 /usr/local/Caskroom/gcc-arm-embedded/7-2017-q4-major/gcc-arm-none-eabi-7-2017-q4-major/bin/../lib/gcc/arm-none-eabi/7.2.1/thumb/v7e-m/fpv4-sp/hard/crti.o
 .ARM.attributes
                0x0000000000000022       0x34 /usr/local/Caskroom/gcc-arm-embedded/7-2017-q4-major/gcc-arm-none-eabi-7-2017-q4-major/bin/../lib/gcc/arm-none-eabi/7.2.1/thumb/v7e-m/fpv4-sp/hard/crtbegin.o
 .ARM.attributes
                0x0000000000000056       0x20 /usr/local/Caskroom/gcc-arm-embedded/7-2017-q4-major/gcc-arm-none-eabi-7-2017-q4-major/bin/../lib/gcc/arm-none-eabi/7.2.1/../../../../arm-none-eabi/lib/thumb/v7e-m/fpv4-sp/hard/crt0.o
 .ARM.attributes
                0x0000000000000076       0x39 _build/nrf52832_xxaa/nrf_log_backend_serial.c.o
 .ARM.attributes
                0x00000000000000af       0x39 _build/nrf52832_xxaa/nrf_log_backend_uart.c.o
 .ARM.attributes
                0x00000000000000e8       0x39 _build/nrf52832_xxaa/nrf_log_default_backends.c.o
 .ARM.attributes
                0x0000000000000121       0x39 _build/nrf52832_xxaa/nrf_log_frontend.c.o
 .ARM.attributes
                0x000000000000015a       0x39 _build/nrf52832_xxaa/nrf_log_str_formatter.c.o
 .ARM.attributes
                0x0000000000000193       0x39 _build/nrf52832_xxaa/boards.c.o
 .ARM.attributes
                0x00000000000001cc       0x39 _build/nrf52832_xxaa/app_error.c.o
 .ARM.attributes
                0x0000000000000205       0x39 _build/nrf52832_xxaa/app_error_weak.c.o
 .ARM.attributes
                0x000000000000023e       0x39 _build/nrf52832_xxaa/app_timer.c.o
 .ARM.attributes
                0x0000000000000277       0x39 _build/nrf52832_xxaa/app_util_platform.c.o
 .ARM.attributes
                0x00000000000002b0       0x39 _build/nrf52832_xxaa/nrf_balloc.c.o
 .ARM.attributes
                0x00000000000002e9       0x39 _build/nrf52832_xxaa/nrf_fprintf.c.o
 .ARM.attributes
                0x0000000000000322       0x39 _build/nrf52832_xxaa/nrf_fprintf_format.c.o
 .ARM.attributes
                0x000000000000035b       0x39 _build/nrf52832_xxaa/nrf_memobj.c.o
 .ARM.attributes
                0x0000000000000394       0x39 _build/nrf52832_xxaa/nrf_drv_common.c.o
 .ARM.attributes
                0x00000000000003cd       0x39 _build/nrf52832_xxaa/nrf_drv_gpiote.c.o
 .ARM.attributes
                0x0000000000000406       0x39 _build/nrf52832_xxaa/nrf_drv_spi.c.o
 .ARM.attributes
                0x000000000000043f       0x39 _build/nrf52832_xxaa/nrf_drv_uart.c.o
 .ARM.attributes
                0x0000000000000478       0x39 _build/nrf52832_xxaa/main.c.o
 .ARM.attributes
                0x00000000000004b1       0x20 _build/nrf52832_xxaa/gcc_startup_nrf52.S.o
 .ARM.attributes
                0x00000000000004d1       0x39 _build/nrf52832_xxaa/system_nrf52.c.o
 .ARM.attributes
                0x000000000000050a       0x34 /usr/local/Caskroom/gcc-arm-embedded/7-2017-q4-major/gcc-arm-none-eabi-7-2017-q4-major/bin/../lib/gcc/arm-none-eabi/7.2.1/../../../../arm-none-eabi/lib/thumb/v7e-m/fpv4-sp/hard/libc_nano.a(lib_a-exit.o)
 .ARM.attributes
                0x000000000000053e       0x34 /usr/local/Caskroom/gcc-arm-embedded/7-2017-q4-major/gcc-arm-none-eabi-7-2017-q4-major/bin/../lib/gcc/arm-none-eabi/7.2.1/../../../../arm-none-eabi/lib/thumb/v7e-m/fpv4-sp/hard/libc_nano.a(lib_a-impure.o)
 .ARM.attributes
                0x0000000000000572       0x34 /usr/local/Caskroom/gcc-arm-embedded/7-2017-q4-major/gcc-arm-none-eabi-7-2017-q4-major/bin/../lib/gcc/arm-none-eabi/7.2.1/../../../../arm-none-eabi/lib/thumb/v7e-m/fpv4-sp/hard/libc_nano.a(lib_a-init.o)
 .ARM.attributes
                0x00000000000005a6       0x34 /usr/local/Caskroom/gcc-arm-embedded/7-2017-q4-major/gcc-arm-none-eabi-7-2017-q4-major/bin/../lib/gcc/arm-none-eabi/7.2.1/../../../../arm-none-eabi/lib/thumb/v7e-m/fpv4-sp/hard/libc_nano.a(lib_a-locale.o)
 .ARM.attributes
                0x00000000000005da       0x34 /usr/local/Caskroom/gcc-arm-embedded/7-2017-q4-major/gcc-arm-none-eabi-7-2017-q4-major/bin/../lib/gcc/arm-none-eabi/7.2.1/../../../../arm-none-eabi/lib/thumb/v7e-m/fpv4-sp/hard/libc_nano.a(lib_a-mbtowc_r.o)
 .ARM.attributes
                0x000000000000060e       0x34 /usr/local/Caskroom/gcc-arm-embedded/7-2017-q4-major/gcc-arm-none-eabi-7-2017-q4-major/bin/../lib/gcc/arm-none-eabi/7.2.1/../../../../arm-none-eabi/lib/thumb/v7e-m/fpv4-sp/hard/libc_nano.a(lib_a-memcpy-stub.o)
 .ARM.attributes
                0x0000000000000642       0x34 /usr/local/Caskroom/gcc-arm-embedded/7-2017-q4-major/gcc-arm-none-eabi-7-2017-q4-major/bin/../lib/gcc/arm-none-eabi/7.2.1/../../../../arm-none-eabi/lib/thumb/v7e-m/fpv4-sp/hard/libc_nano.a(lib_a-memset.o)
 .ARM.attributes
                0x0000000000000676       0x1b /usr/local/Caskroom/gcc-arm-embedded/7-2017-q4-major/gcc-arm-none-eabi-7-2017-q4-major/bin/../lib/gcc/arm-none-eabi/7.2.1/../../../../arm-none-eabi/lib/thumb/v7e-m/fpv4-sp/hard/libc_nano.a(lib_a-strlen.o)
 .ARM.attributes
                0x0000000000000691       0x34 /usr/local/Caskroom/gcc-arm-embedded/7-2017-q4-major/gcc-arm-none-eabi-7-2017-q4-major/bin/../lib/gcc/arm-none-eabi/7.2.1/../../../../arm-none-eabi/lib/thumb/v7e-m/fpv4-sp/hard/libc_nano.a(lib_a-wctomb_r.o)
 .ARM.attributes
                0x00000000000006c5       0x34 /usr/local/Caskroom/gcc-arm-embedded/7-2017-q4-major/gcc-arm-none-eabi-7-2017-q4-major/bin/../lib/gcc/arm-none-eabi/7.2.1/../../../../arm-none-eabi/lib/thumb/v7e-m/fpv4-sp/hard/libc_nano.a(lib_a-ctype_.o)
 .ARM.attributes
                0x00000000000006f9       0x34 /usr/local/Caskroom/gcc-arm-embedded/7-2017-q4-major/gcc-arm-none-eabi-7-2017-q4-major/bin/../lib/gcc/arm-none-eabi/7.2.1/../../../../arm-none-eabi/lib/thumb/v7e-m/fpv4-sp/hard/libnosys.a(_exit.o)
 .ARM.attributes
                0x000000000000072d       0x34 /usr/local/Caskroom/gcc-arm-embedded/7-2017-q4-major/gcc-arm-none-eabi-7-2017-q4-major/bin/../lib/gcc/arm-none-eabi/7.2.1/thumb/v7e-m/fpv4-sp/hard/crtend.o
 .ARM.attributes
                0x0000000000000761       0x22 /usr/local/Caskroom/gcc-arm-embedded/7-2017-q4-major/gcc-arm-none-eabi-7-2017-q4-major/bin/../lib/gcc/arm-none-eabi/7.2.1/thumb/v7e-m/fpv4-sp/hard/crtn.o

.comment        0x0000000000000000       0x7e
 .comment       0x0000000000000000       0x7e _build/nrf52832_xxaa/nrf_log_backend_serial.c.o
                                         0x7f (size before relaxing)
 .comment       0x000000000000007e       0x7f _build/nrf52832_xxaa/nrf_log_backend_uart.c.o
 .comment       0x000000000000007e       0x7f _build/nrf52832_xxaa/nrf_log_default_backends.c.o
 .comment       0x000000000000007e       0x7f _build/nrf52832_xxaa/nrf_log_frontend.c.o
 .comment       0x000000000000007e       0x7f _build/nrf52832_xxaa/nrf_log_str_formatter.c.o
 .comment       0x000000000000007e       0x7f _build/nrf52832_xxaa/boards.c.o
 .comment       0x000000000000007e       0x7f _build/nrf52832_xxaa/app_error.c.o
 .comment       0x000000000000007e       0x7f _build/nrf52832_xxaa/app_error_weak.c.o
 .comment       0x000000000000007e       0x7f _build/nrf52832_xxaa/app_timer.c.o
 .comment       0x000000000000007e       0x7f _build/nrf52832_xxaa/app_util_platform.c.o
 .comment       0x000000000000007e       0x7f _build/nrf52832_xxaa/nrf_balloc.c.o
 .comment       0x000000000000007e       0x7f _build/nrf52832_xxaa/nrf_fprintf.c.o
 .comment       0x000000000000007e       0x7f _build/nrf52832_xxaa/nrf_fprintf_format.c.o
 .comment       0x000000000000007e       0x7f _build/nrf52832_xxaa/nrf_memobj.c.o
 .comment       0x000000000000007e       0x7f _build/nrf52832_xxaa/nrf_drv_common.c.o
 .comment       0x000000000000007e       0x7f _build/nrf52832_xxaa/nrf_drv_gpiote.c.o
 .comment       0x000000000000007e       0x7f _build/nrf52832_xxaa/nrf_drv_spi.c.o
 .comment       0x000000000000007e       0x7f _build/nrf52832_xxaa/nrf_drv_uart.c.o
 .comment       0x000000000000007e       0x7f _build/nrf52832_xxaa/main.c.o
 .comment       0x000000000000007e       0x7f _build/nrf52832_xxaa/system_nrf52.c.o

.debug_info     0x0000000000000000    0x209a6
 .debug_info    0x0000000000000000     0x1006 _build/nrf52832_xxaa/nrf_log_backend_serial.c.o
 .debug_info    0x0000000000001006     0x1761 _build/nrf52832_xxaa/nrf_log_backend_uart.c.o
 .debug_info    0x0000000000002767      0xb50 _build/nrf52832_xxaa/nrf_log_default_backends.c.o
 .debug_info    0x00000000000032b7     0x3b8d _build/nrf52832_xxaa/nrf_log_frontend.c.o
 .debug_info    0x0000000000006e44     0x101b _build/nrf52832_xxaa/nrf_log_str_formatter.c.o
 .debug_info    0x0000000000007e5f     0x1405 _build/nrf52832_xxaa/boards.c.o
 .debug_info    0x0000000000009264      0xb58 _build/nrf52832_xxaa/app_error.c.o
 .debug_info    0x0000000000009dbc      0xc6a _build/nrf52832_xxaa/app_error_weak.c.o
 .debug_info    0x000000000000aa26     0x2304 _build/nrf52832_xxaa/app_timer.c.o
 .debug_info    0x000000000000cd2a      0xfa6 _build/nrf52832_xxaa/app_util_platform.c.o
 .debug_info    0x000000000000dcd0      0xc62 _build/nrf52832_xxaa/nrf_balloc.c.o
 .debug_info    0x000000000000e932      0xa92 _build/nrf52832_xxaa/nrf_fprintf.c.o
 .debug_info    0x000000000000f3c4     0x11df _build/nrf52832_xxaa/nrf_fprintf_format.c.o
 .debug_info    0x00000000000105a3     0x122d _build/nrf52832_xxaa/nrf_memobj.c.o
 .debug_info    0x00000000000117d0      0xe03 _build/nrf52832_xxaa/nrf_drv_common.c.o
 .debug_info    0x00000000000125d3     0x306d _build/nrf52832_xxaa/nrf_drv_gpiote.c.o
 .debug_info    0x0000000000015640     0x2bea _build/nrf52832_xxaa/nrf_drv_spi.c.o
 .debug_info    0x000000000001822a     0x4c1a _build/nrf52832_xxaa/nrf_drv_uart.c.o
 .debug_info    0x000000000001ce44     0x2a3e _build/nrf52832_xxaa/main.c.o
 .debug_info    0x000000000001f882       0x26 _build/nrf52832_xxaa/gcc_startup_nrf52.S.o
 .debug_info    0x000000000001f8a8     0x10fe _build/nrf52832_xxaa/system_nrf52.c.o

.debug_abbrev   0x0000000000000000     0x433b
 .debug_abbrev  0x0000000000000000      0x27f _build/nrf52832_xxaa/nrf_log_backend_serial.c.o
 .debug_abbrev  0x000000000000027f      0x353 _build/nrf52832_xxaa/nrf_log_backend_uart.c.o
 .debug_abbrev  0x00000000000005d2      0x256 _build/nrf52832_xxaa/nrf_log_default_backends.c.o
 .debug_abbrev  0x0000000000000828      0x560 _build/nrf52832_xxaa/nrf_log_frontend.c.o
 .debug_abbrev  0x0000000000000d88      0x29d _build/nrf52832_xxaa/nrf_log_str_formatter.c.o
 .debug_abbrev  0x0000000000001025      0x384 _build/nrf52832_xxaa/boards.c.o
 .debug_abbrev  0x00000000000013a9      0x235 _build/nrf52832_xxaa/app_error.c.o
 .debug_abbrev  0x00000000000015de      0x260 _build/nrf52832_xxaa/app_error_weak.c.o
 .debug_abbrev  0x000000000000183e      0x470 _build/nrf52832_xxaa/app_timer.c.o
 .debug_abbrev  0x0000000000001cae      0x326 _build/nrf52832_xxaa/app_util_platform.c.o
 .debug_abbrev  0x0000000000001fd4      0x2d9 _build/nrf52832_xxaa/nrf_balloc.c.o
 .debug_abbrev  0x00000000000022ad      0x239 _build/nrf52832_xxaa/nrf_fprintf.c.o
 .debug_abbrev  0x00000000000024e6      0x352 _build/nrf52832_xxaa/nrf_fprintf_format.c.o
 .debug_abbrev  0x0000000000002838      0x397 _build/nrf52832_xxaa/nrf_memobj.c.o
 .debug_abbrev  0x0000000000002bcf      0x287 _build/nrf52832_xxaa/nrf_drv_common.c.o
 .debug_abbrev  0x0000000000002e56      0x529 _build/nrf52832_xxaa/nrf_drv_gpiote.c.o
 .debug_abbrev  0x000000000000337f      0x4a8 _build/nrf52832_xxaa/nrf_drv_spi.c.o
 .debug_abbrev  0x0000000000003827      0x47b _build/nrf52832_xxaa/nrf_drv_uart.c.o
 .debug_abbrev  0x0000000000003ca2      0x4a3 _build/nrf52832_xxaa/main.c.o
 .debug_abbrev  0x0000000000004145       0x14 _build/nrf52832_xxaa/gcc_startup_nrf52.S.o
 .debug_abbrev  0x0000000000004159      0x1e2 _build/nrf52832_xxaa/system_nrf52.c.o

.debug_loc      0x0000000000000000     0xd479
 .debug_loc     0x0000000000000000      0x160 _build/nrf52832_xxaa/nrf_log_backend_serial.c.o
 .debug_loc     0x0000000000000160      0x153 _build/nrf52832_xxaa/nrf_log_backend_uart.c.o
 .debug_loc     0x00000000000002b3       0x15 _build/nrf52832_xxaa/nrf_log_default_backends.c.o
 .debug_loc     0x00000000000002c8     0x3201 _build/nrf52832_xxaa/nrf_log_frontend.c.o
 .debug_loc     0x00000000000034c9      0x544 _build/nrf52832_xxaa/nrf_log_str_formatter.c.o
 .debug_loc     0x0000000000003a0d      0x845 _build/nrf52832_xxaa/boards.c.o
 .debug_loc     0x0000000000004252      0x145 _build/nrf52832_xxaa/app_error.c.o
 .debug_loc     0x0000000000004397       0x63 _build/nrf52832_xxaa/app_error_weak.c.o
 .debug_loc     0x00000000000043fa      0xe0d _build/nrf52832_xxaa/app_timer.c.o
 .debug_loc     0x0000000000005207       0xc3 _build/nrf52832_xxaa/app_util_platform.c.o
 .debug_loc     0x00000000000052ca      0x21b _build/nrf52832_xxaa/nrf_balloc.c.o
 .debug_loc     0x00000000000054e5       0x4a _build/nrf52832_xxaa/nrf_fprintf.c.o
 .debug_loc     0x000000000000552f      0xf00 _build/nrf52832_xxaa/nrf_fprintf_format.c.o
 .debug_loc     0x000000000000642f      0xa3b _build/nrf52832_xxaa/nrf_memobj.c.o
 .debug_loc     0x0000000000006e6a       0xc3 _build/nrf52832_xxaa/nrf_drv_common.c.o
 .debug_loc     0x0000000000006f2d     0x24b8 _build/nrf52832_xxaa/nrf_drv_gpiote.c.o
 .debug_loc     0x00000000000093e5     0x10cd _build/nrf52832_xxaa/nrf_drv_spi.c.o
 .debug_loc     0x000000000000a4b2     0x2889 _build/nrf52832_xxaa/nrf_drv_uart.c.o
 .debug_loc     0x000000000000cd3b      0x73e _build/nrf52832_xxaa/main.c.o

.debug_aranges  0x0000000000000000      0x618
 .debug_aranges
                0x0000000000000000       0x20 _build/nrf52832_xxaa/nrf_log_backend_serial.c.o
 .debug_aranges
                0x0000000000000020       0x48 _build/nrf52832_xxaa/nrf_log_backend_uart.c.o
 .debug_aranges
                0x0000000000000068       0x20 _build/nrf52832_xxaa/nrf_log_default_backends.c.o
 .debug_aranges
                0x0000000000000088       0xc0 _build/nrf52832_xxaa/nrf_log_frontend.c.o
 .debug_aranges
                0x0000000000000148       0x28 _build/nrf52832_xxaa/nrf_log_str_formatter.c.o
 .debug_aranges
                0x0000000000000170       0x80 _build/nrf52832_xxaa/boards.c.o
 .debug_aranges
                0x00000000000001f0       0x30 _build/nrf52832_xxaa/app_error.c.o
 .debug_aranges
                0x0000000000000220       0x20 _build/nrf52832_xxaa/app_error_weak.c.o
 .debug_aranges
                0x0000000000000240       0x70 _build/nrf52832_xxaa/app_timer.c.o
 .debug_aranges
                0x00000000000002b0       0x48 _build/nrf52832_xxaa/app_util_platform.c.o
 .debug_aranges
                0x00000000000002f8       0x30 _build/nrf52832_xxaa/nrf_balloc.c.o
 .debug_aranges
                0x0000000000000328       0x28 _build/nrf52832_xxaa/nrf_fprintf.c.o
 .debug_aranges
                0x0000000000000350       0x28 _build/nrf52832_xxaa/nrf_fprintf_format.c.o
 .debug_aranges
                0x0000000000000378       0x50 _build/nrf52832_xxaa/nrf_memobj.c.o
 .debug_aranges
                0x00000000000003c8       0x20 _build/nrf52832_xxaa/nrf_drv_common.c.o
 .debug_aranges
                0x00000000000003e8       0xd8 _build/nrf52832_xxaa/nrf_drv_gpiote.c.o
 .debug_aranges
                0x00000000000004c0       0x58 _build/nrf52832_xxaa/nrf_drv_spi.c.o
 .debug_aranges
                0x0000000000000518       0x78 _build/nrf52832_xxaa/nrf_drv_uart.c.o
 .debug_aranges
                0x0000000000000590       0x40 _build/nrf52832_xxaa/main.c.o
 .debug_aranges
                0x00000000000005d0       0x20 _build/nrf52832_xxaa/gcc_startup_nrf52.S.o
 .debug_aranges
                0x00000000000005f0       0x28 _build/nrf52832_xxaa/system_nrf52.c.o

.debug_ranges   0x0000000000000000     0x2e38
 .debug_ranges  0x0000000000000000       0x28 _build/nrf52832_xxaa/nrf_log_backend_serial.c.o
 .debug_ranges  0x0000000000000028       0x80 _build/nrf52832_xxaa/nrf_log_backend_uart.c.o
 .debug_ranges  0x00000000000000a8       0x10 _build/nrf52832_xxaa/nrf_log_default_backends.c.o
 .debug_ranges  0x00000000000000b8      0x8a8 _build/nrf52832_xxaa/nrf_log_frontend.c.o
 .debug_ranges  0x0000000000000960       0xe8 _build/nrf52832_xxaa/nrf_log_str_formatter.c.o
 .debug_ranges  0x0000000000000a48      0x178 _build/nrf52832_xxaa/boards.c.o
 .debug_ranges  0x0000000000000bc0       0x20 _build/nrf52832_xxaa/app_error.c.o
 .debug_ranges  0x0000000000000be0       0x10 _build/nrf52832_xxaa/app_error_weak.c.o
 .debug_ranges  0x0000000000000bf0      0x498 _build/nrf52832_xxaa/app_timer.c.o
 .debug_ranges  0x0000000000001088       0x50 _build/nrf52832_xxaa/app_util_platform.c.o
 .debug_ranges  0x00000000000010d8       0x38 _build/nrf52832_xxaa/nrf_balloc.c.o
 .debug_ranges  0x0000000000001110       0x18 _build/nrf52832_xxaa/nrf_fprintf.c.o
 .debug_ranges  0x0000000000001128      0x1e8 _build/nrf52832_xxaa/nrf_fprintf_format.c.o
 .debug_ranges  0x0000000000001310       0xa8 _build/nrf52832_xxaa/nrf_memobj.c.o
 .debug_ranges  0x00000000000013b8       0x30 _build/nrf52832_xxaa/nrf_drv_common.c.o
 .debug_ranges  0x00000000000013e8      0xa60 _build/nrf52832_xxaa/nrf_drv_gpiote.c.o
 .debug_ranges  0x0000000000001e48      0x378 _build/nrf52832_xxaa/nrf_drv_spi.c.o
 .debug_ranges  0x00000000000021c0      0x800 _build/nrf52832_xxaa/nrf_drv_uart.c.o
 .debug_ranges  0x00000000000029c0      0x328 _build/nrf52832_xxaa/main.c.o
 .debug_ranges  0x0000000000002ce8      0x150 _build/nrf52832_xxaa/system_nrf52.c.o

.debug_macro    0x0000000000000000     0x54ce
 .debug_macro   0x0000000000000000      0x332 _build/nrf52832_xxaa/nrf_log_backend_serial.c.o
 .debug_macro   0x0000000000000332       0x16 _build/nrf52832_xxaa/nrf_log_backend_serial.c.o
 .debug_macro   0x0000000000000348       0x22 _build/nrf52832_xxaa/nrf_log_backend_serial.c.o
 .debug_macro   0x000000000000036a       0x1c _build/nrf52832_xxaa/nrf_log_backend_serial.c.o
 .debug_macro   0x0000000000000386       0x10 _build/nrf52832_xxaa/nrf_log_backend_serial.c.o
 .debug_macro   0x0000000000000396       0x10 _build/nrf52832_xxaa/nrf_log_backend_serial.c.o
 .debug_macro   0x00000000000003a6       0xb6 _build/nrf52832_xxaa/nrf_log_backend_serial.c.o
 .debug_macro   0x000000000000045c       0x16 _build/nrf52832_xxaa/nrf_log_backend_serial.c.o
 .debug_macro   0x0000000000000472      0x129 _build/nrf52832_xxaa/nrf_log_backend_serial.c.o
 .debug_macro   0x000000000000059b       0x2b _build/nrf52832_xxaa/nrf_log_backend_serial.c.o
 .debug_macro   0x00000000000005c6       0x10 _build/nrf52832_xxaa/nrf_log_backend_serial.c.o
 .debug_macro   0x00000000000005d6       0x7e _build/nrf52832_xxaa/nrf_log_backend_serial.c.o
 .debug_macro   0x0000000000000654       0x8c _build/nrf52832_xxaa/nrf_log_backend_serial.c.o
 .debug_macro   0x00000000000006e0       0x10 _build/nrf52832_xxaa/nrf_log_backend_serial.c.o
 .debug_macro   0x00000000000006f0       0x22 _build/nrf52832_xxaa/nrf_log_backend_serial.c.o
 .debug_macro   0x0000000000000712       0x1c _build/nrf52832_xxaa/nrf_log_backend_serial.c.o
 .debug_macro   0x000000000000072e      0x16d _build/nrf52832_xxaa/nrf_log_backend_serial.c.o
 .debug_macro   0x000000000000089b      0x371 _build/nrf52832_xxaa/nrf_log_backend_uart.c.o
 .debug_macro   0x0000000000000c0c      0x372 _build/nrf52832_xxaa/nrf_log_backend_uart.c.o
 .debug_macro   0x0000000000000f7e       0x10 _build/nrf52832_xxaa/nrf_log_backend_uart.c.o
 .debug_macro   0x0000000000000f8e       0x43 _build/nrf52832_xxaa/nrf_log_backend_uart.c.o
 .debug_macro   0x0000000000000fd1      0x323 _build/nrf52832_xxaa/nrf_log_default_backends.c.o
 .debug_macro   0x00000000000012f4       0x10 _build/nrf52832_xxaa/nrf_log_default_backends.c.o
 .debug_macro   0x0000000000001304      0x37d _build/nrf52832_xxaa/nrf_log_frontend.c.o
 .debug_macro   0x0000000000001681       0x31 _build/nrf52832_xxaa/nrf_log_frontend.c.o
 .debug_macro   0x00000000000016b2       0x10 _build/nrf52832_xxaa/nrf_log_frontend.c.o
 .debug_macro   0x00000000000016c2       0x76 _build/nrf52832_xxaa/nrf_log_frontend.c.o
 .debug_macro   0x0000000000001738       0x92 _build/nrf52832_xxaa/nrf_log_frontend.c.o
 .debug_macro   0x00000000000017ca       0x16 _build/nrf52832_xxaa/nrf_log_frontend.c.o
 .debug_macro   0x00000000000017e0       0x3b _build/nrf52832_xxaa/nrf_log_frontend.c.o
 .debug_macro   0x000000000000181b      0x36e _build/nrf52832_xxaa/nrf_log_str_formatter.c.o
 .debug_macro   0x0000000000001b89       0x9c _build/nrf52832_xxaa/nrf_log_str_formatter.c.o
 .debug_macro   0x0000000000001c25      0x29c _build/nrf52832_xxaa/boards.c.o
 .debug_macro   0x0000000000001ec1       0x35 _build/nrf52832_xxaa/boards.c.o
 .debug_macro   0x0000000000001ef6       0x22 _build/nrf52832_xxaa/boards.c.o
 .debug_macro   0x0000000000001f18       0x16 _build/nrf52832_xxaa/boards.c.o
 .debug_macro   0x0000000000001f2e       0x97 _build/nrf52832_xxaa/boards.c.o
 .debug_macro   0x0000000000001fc5       0xf6 _build/nrf52832_xxaa/boards.c.o
 .debug_macro   0x00000000000020bb       0x16 _build/nrf52832_xxaa/boards.c.o
 .debug_macro   0x00000000000020d1      0x261 _build/nrf52832_xxaa/boards.c.o
 .debug_macro   0x0000000000002332      0x115 _build/nrf52832_xxaa/boards.c.o
 .debug_macro   0x0000000000002447      0x228 _build/nrf52832_xxaa/app_error.c.o
 .debug_macro   0x000000000000266f      0x337 _build/nrf52832_xxaa/app_error_weak.c.o
 .debug_macro   0x00000000000029a6       0x16 _build/nrf52832_xxaa/app_error_weak.c.o
 .debug_macro   0x00000000000029bc      0x167 _build/nrf52832_xxaa/app_error_weak.c.o
 .debug_macro   0x0000000000002b23       0x16 _build/nrf52832_xxaa/app_error_weak.c.o
 .debug_macro   0x0000000000002b39      0x31a _build/nrf52832_xxaa/app_timer.c.o
 .debug_macro   0x0000000000002e53       0x16 _build/nrf52832_xxaa/app_timer.c.o
 .debug_macro   0x0000000000002e69      0x244 _build/nrf52832_xxaa/app_util_platform.c.o
 .debug_macro   0x00000000000030ad      0x306 _build/nrf52832_xxaa/nrf_balloc.c.o
 .debug_macro   0x00000000000033b3      0x167 _build/nrf52832_xxaa/nrf_balloc.c.o
 .debug_macro   0x000000000000351a      0x299 _build/nrf52832_xxaa/nrf_fprintf.c.o
 .debug_macro   0x00000000000037b3       0x58 _build/nrf52832_xxaa/nrf_fprintf.c.o
 .debug_macro   0x000000000000380b      0x2ab _build/nrf52832_xxaa/nrf_fprintf_format.c.o
 .debug_macro   0x0000000000003ab6      0x2f1 _build/nrf52832_xxaa/nrf_memobj.c.o
 .debug_macro   0x0000000000003da7      0x10e _build/nrf52832_xxaa/nrf_memobj.c.o
 .debug_macro   0x0000000000003eb5       0x86 _build/nrf52832_xxaa/nrf_memobj.c.o
 .debug_macro   0x0000000000003f3b       0x10 _build/nrf52832_xxaa/nrf_memobj.c.o
 .debug_macro   0x0000000000003f4b      0x2b8 _build/nrf52832_xxaa/nrf_drv_common.c.o
 .debug_macro   0x0000000000004203       0x22 _build/nrf52832_xxaa/nrf_drv_common.c.o
 .debug_macro   0x0000000000004225      0x3a0 _build/nrf52832_xxaa/nrf_drv_gpiote.c.o
 .debug_macro   0x00000000000045c5       0x28 _build/nrf52832_xxaa/nrf_drv_gpiote.c.o
 .debug_macro   0x00000000000045ed       0x16 _build/nrf52832_xxaa/nrf_drv_gpiote.c.o
 .debug_macro   0x0000000000004603      0x161 _build/nrf52832_xxaa/nrf_drv_gpiote.c.o
 .debug_macro   0x0000000000004764      0x3dc _build/nrf52832_xxaa/nrf_drv_spi.c.o
 .debug_macro   0x0000000000004b40       0x22 _build/nrf52832_xxaa/nrf_drv_spi.c.o
 .debug_macro   0x0000000000004b62       0x9e _build/nrf52832_xxaa/nrf_drv_spi.c.o
 .debug_macro   0x0000000000004c00       0x37 _build/nrf52832_xxaa/nrf_drv_spi.c.o
 .debug_macro   0x0000000000004c37      0x397 _build/nrf52832_xxaa/nrf_drv_uart.c.o
 .debug_macro   0x0000000000004fce      0x3fb _build/nrf52832_xxaa/main.c.o
 .debug_macro   0x00000000000053c9       0x10 _build/nrf52832_xxaa/main.c.o
 .debug_macro   0x00000000000053d9       0xf5 _build/nrf52832_xxaa/system_nrf52.c.o

.debug_line     0x0000000000000000     0xbf8e
 .debug_line    0x0000000000000000      0x82d _build/nrf52832_xxaa/nrf_log_backend_serial.c.o
 .debug_line    0x000000000000082d      0x8db _build/nrf52832_xxaa/nrf_log_backend_uart.c.o
 .debug_line    0x0000000000001108      0x7a7 _build/nrf52832_xxaa/nrf_log_default_backends.c.o
 .debug_line    0x00000000000018af      0xfea _build/nrf52832_xxaa/nrf_log_frontend.c.o
 .debug_line    0x0000000000002899      0x861 _build/nrf52832_xxaa/nrf_log_str_formatter.c.o
 .debug_line    0x00000000000030fa      0x7d0 _build/nrf52832_xxaa/boards.c.o
 .debug_line    0x00000000000038ca      0x5ba _build/nrf52832_xxaa/app_error.c.o
 .debug_line    0x0000000000003e84      0x845 _build/nrf52832_xxaa/app_error_weak.c.o
 .debug_line    0x00000000000046c9      0xb2c _build/nrf52832_xxaa/app_timer.c.o
 .debug_line    0x00000000000051f5      0x644 _build/nrf52832_xxaa/app_util_platform.c.o
 .debug_line    0x0000000000005839      0x7b6 _build/nrf52832_xxaa/nrf_balloc.c.o
 .debug_line    0x0000000000005fef      0x637 _build/nrf52832_xxaa/nrf_fprintf.c.o
 .debug_line    0x0000000000006626      0x834 _build/nrf52832_xxaa/nrf_fprintf_format.c.o
 .debug_line    0x0000000000006e5a      0x829 _build/nrf52832_xxaa/nrf_memobj.c.o
 .debug_line    0x0000000000007683      0x6a3 _build/nrf52832_xxaa/nrf_drv_common.c.o
 .debug_line    0x0000000000007d26     0x11fa _build/nrf52832_xxaa/nrf_drv_gpiote.c.o
 .debug_line    0x0000000000008f20      0xc51 _build/nrf52832_xxaa/nrf_drv_spi.c.o
 .debug_line    0x0000000000009b71     0x1272 _build/nrf52832_xxaa/nrf_drv_uart.c.o
 .debug_line    0x000000000000ade3      0xc05 _build/nrf52832_xxaa/main.c.o
 .debug_line    0x000000000000b9e8       0x8e _build/nrf52832_xxaa/gcc_startup_nrf52.S.o
 .debug_line    0x000000000000ba76      0x518 _build/nrf52832_xxaa/system_nrf52.c.o

.debug_str      0x0000000000000000    0x724a7
 .debug_str     0x0000000000000000    0x683ea _build/nrf52832_xxaa/nrf_log_backend_serial.c.o
                                      0x690f0 (size before relaxing)
 .debug_str     0x00000000000683ea     0x1556 _build/nrf52832_xxaa/nrf_log_backend_uart.c.o
                                      0x6a144 (size before relaxing)
 .debug_str     0x0000000000069940      0x131 _build/nrf52832_xxaa/nrf_log_default_backends.c.o
                                      0x68eb2 (size before relaxing)
 .debug_str     0x0000000000069a71     0x180b _build/nrf52832_xxaa/nrf_log_frontend.c.o
                                      0x6a693 (size before relaxing)
 .debug_str     0x000000000006b27c      0x630 _build/nrf52832_xxaa/nrf_log_str_formatter.c.o
                                      0x694f5 (size before relaxing)
 .debug_str     0x000000000006b8ac     0x1417 _build/nrf52832_xxaa/boards.c.o
                                      0x63dce (size before relaxing)
 .debug_str     0x000000000006ccc3      0x106 _build/nrf52832_xxaa/app_error.c.o
                                      0x62018 (size before relaxing)
 .debug_str     0x000000000006cdc9       0xcf _build/nrf52832_xxaa/app_error_weak.c.o
                                      0x69633 (size before relaxing)
 .debug_str     0x000000000006ce98      0xc5d _build/nrf52832_xxaa/app_timer.c.o
                                      0x676c1 (size before relaxing)
 .debug_str     0x000000000006daf5      0x1b3 _build/nrf52832_xxaa/app_util_platform.c.o
                                      0x6272a (size before relaxing)
 .debug_str     0x000000000006dca8      0x19e _build/nrf52832_xxaa/nrf_balloc.c.o
                                      0x693d6 (size before relaxing)
 .debug_str     0x000000000006de46      0x144 _build/nrf52832_xxaa/nrf_fprintf.c.o
                                      0x66898 (size before relaxing)
 .debug_str     0x000000000006df8a      0x11d _build/nrf52832_xxaa/nrf_fprintf_format.c.o
                                      0x6698d (size before relaxing)
 .debug_str     0x000000000006e0a7      0x1c9 _build/nrf52832_xxaa/nrf_memobj.c.o
                                      0x67bf3 (size before relaxing)
 .debug_str     0x000000000006e270      0x1b7 _build/nrf52832_xxaa/nrf_drv_common.c.o
                                      0x67609 (size before relaxing)
 .debug_str     0x000000000006e427     0x1664 _build/nrf52832_xxaa/nrf_drv_gpiote.c.o
                                      0x6aed8 (size before relaxing)
 .debug_str     0x000000000006fa8b     0x1582 _build/nrf52832_xxaa/nrf_drv_spi.c.o
                                      0x6afc8 (size before relaxing)
 .debug_str     0x000000000007100d      0xe93 _build/nrf52832_xxaa/nrf_drv_uart.c.o
                                      0x6b203 (size before relaxing)
 .debug_str     0x0000000000071ea0      0x188 _build/nrf52832_xxaa/main.c.o
                                      0x6c314 (size before relaxing)
 .debug_str     0x0000000000072028       0x4e _build/nrf52832_xxaa/gcc_startup_nrf52.S.o
                                         0xbb (size before relaxing)
 .debug_str     0x0000000000072076      0x431 _build/nrf52832_xxaa/system_nrf52.c.o
                                      0x5c385 (size before relaxing)

.debug_frame    0x0000000000000000     0x1254
 .debug_frame   0x0000000000000000       0x40 _build/nrf52832_xxaa/nrf_log_backend_serial.c.o
 .debug_frame   0x0000000000000040       0xac _build/nrf52832_xxaa/nrf_log_backend_uart.c.o
 .debug_frame   0x00000000000000ec       0x28 _build/nrf52832_xxaa/nrf_log_default_backends.c.o
 .debug_frame   0x0000000000000114      0x304 _build/nrf52832_xxaa/nrf_log_frontend.c.o
 .debug_frame   0x0000000000000418       0x8c _build/nrf52832_xxaa/nrf_log_str_formatter.c.o
 .debug_frame   0x00000000000004a4      0x104 _build/nrf52832_xxaa/boards.c.o
 .debug_frame   0x00000000000005a8       0x70 _build/nrf52832_xxaa/app_error.c.o
 .debug_frame   0x0000000000000618       0x28 _build/nrf52832_xxaa/app_error_weak.c.o
 .debug_frame   0x0000000000000640      0x130 _build/nrf52832_xxaa/app_timer.c.o
 .debug_frame   0x0000000000000770       0x70 _build/nrf52832_xxaa/app_util_platform.c.o
 .debug_frame   0x00000000000007e0       0x6c _build/nrf52832_xxaa/nrf_balloc.c.o
 .debug_frame   0x000000000000084c       0x5c _build/nrf52832_xxaa/nrf_fprintf.c.o
 .debug_frame   0x00000000000008a8       0x9c _build/nrf52832_xxaa/nrf_fprintf_format.c.o
 .debug_frame   0x0000000000000944       0xe4 _build/nrf52832_xxaa/nrf_memobj.c.o
 .debug_frame   0x0000000000000a28       0x2c _build/nrf52832_xxaa/nrf_drv_common.c.o
 .debug_frame   0x0000000000000a54      0x290 _build/nrf52832_xxaa/nrf_drv_gpiote.c.o
 .debug_frame   0x0000000000000ce4      0x118 _build/nrf52832_xxaa/nrf_drv_spi.c.o
 .debug_frame   0x0000000000000dfc      0x1d0 _build/nrf52832_xxaa/nrf_drv_uart.c.o
 .debug_frame   0x0000000000000fcc       0xa0 _build/nrf52832_xxaa/main.c.o
 .debug_frame   0x000000000000106c       0x40 _build/nrf52832_xxaa/system_nrf52.c.o
 .debug_frame   0x00000000000010ac       0x28 /usr/local/Caskroom/gcc-arm-embedded/7-2017-q4-major/gcc-arm-none-eabi-7-2017-q4-major/bin/../lib/gcc/arm-none-eabi/7.2.1/../../../../arm-none-eabi/lib/thumb/v7e-m/fpv4-sp/hard/libc_nano.a(lib_a-exit.o)
 .debug_frame   0x00000000000010d4       0x2c /usr/local/Caskroom/gcc-arm-embedded/7-2017-q4-major/gcc-arm-none-eabi-7-2017-q4-major/bin/../lib/gcc/arm-none-eabi/7.2.1/../../../../arm-none-eabi/lib/thumb/v7e-m/fpv4-sp/hard/libc_nano.a(lib_a-init.o)
 .debug_frame   0x0000000000001100       0x68 /usr/local/Caskroom/gcc-arm-embedded/7-2017-q4-major/gcc-arm-none-eabi-7-2017-q4-major/bin/../lib/gcc/arm-none-eabi/7.2.1/../../../../arm-none-eabi/lib/thumb/v7e-m/fpv4-sp/hard/libc_nano.a(lib_a-locale.o)
 .debug_frame   0x0000000000001168       0x48 /usr/local/Caskroom/gcc-arm-embedded/7-2017-q4-major/gcc-arm-none-eabi-7-2017-q4-major/bin/../lib/gcc/arm-none-eabi/7.2.1/../../../../arm-none-eabi/lib/thumb/v7e-m/fpv4-sp/hard/libc_nano.a(lib_a-mbtowc_r.o)
 .debug_frame   0x00000000000011b0       0x28 /usr/local/Caskroom/gcc-arm-embedded/7-2017-q4-major/gcc-arm-none-eabi-7-2017-q4-major/bin/../lib/gcc/arm-none-eabi/7.2.1/../../../../arm-none-eabi/lib/thumb/v7e-m/fpv4-sp/hard/libc_nano.a(lib_a-memcpy-stub.o)
 .debug_frame   0x00000000000011d8       0x20 /usr/local/Caskroom/gcc-arm-embedded/7-2017-q4-major/gcc-arm-none-eabi-7-2017-q4-major/bin/../lib/gcc/arm-none-eabi/7.2.1/../../../../arm-none-eabi/lib/thumb/v7e-m/fpv4-sp/hard/libc_nano.a(lib_a-memset.o)
 .debug_frame   0x00000000000011f8       0x3c /usr/local/Caskroom/gcc-arm-embedded/7-2017-q4-major/gcc-arm-none-eabi-7-2017-q4-major/bin/../lib/gcc/arm-none-eabi/7.2.1/../../../../arm-none-eabi/lib/thumb/v7e-m/fpv4-sp/hard/libc_nano.a(lib_a-wctomb_r.o)
 .debug_frame   0x0000000000001234       0x20 /usr/local/Caskroom/gcc-arm-embedded/7-2017-q4-major/gcc-arm-none-eabi-7-2017-q4-major/bin/../lib/gcc/arm-none-eabi/7.2.1/../../../../arm-none-eabi/lib/thumb/v7e-m/fpv4-sp/hard/libnosys.a(_exit.o)
