Archive member included to satisfy reference by file (symbol)

/usr/local/gcc-arm/gcc-arm-none-eabi-7-2017-q4-major/bin/../lib/gcc/arm-none-eabi/7.2.1/../../../../arm-none-eabi/lib/thumb/v7e-m/fpv4-sp/hard/libc_nano.a(lib_a-exit.o)
                              /usr/local/gcc-arm/gcc-arm-none-eabi-7-2017-q4-major/bin/../lib/gcc/arm-none-eabi/7.2.1/../../../../arm-none-eabi/lib/thumb/v7e-m/fpv4-sp/hard/crt0.o (exit)
/usr/local/gcc-arm/gcc-arm-none-eabi-7-2017-q4-major/bin/../lib/gcc/arm-none-eabi/7.2.1/../../../../arm-none-eabi/lib/thumb/v7e-m/fpv4-sp/hard/libc_nano.a(lib_a-impure.o)
                              /usr/local/gcc-arm/gcc-arm-none-eabi-7-2017-q4-major/bin/../lib/gcc/arm-none-eabi/7.2.1/../../../../arm-none-eabi/lib/thumb/v7e-m/fpv4-sp/hard/libc_nano.a(lib_a-exit.o) (_global_impure_ptr)
/usr/local/gcc-arm/gcc-arm-none-eabi-7-2017-q4-major/bin/../lib/gcc/arm-none-eabi/7.2.1/../../../../arm-none-eabi/lib/thumb/v7e-m/fpv4-sp/hard/libc_nano.a(lib_a-init.o)
                              /usr/local/gcc-arm/gcc-arm-none-eabi-7-2017-q4-major/bin/../lib/gcc/arm-none-eabi/7.2.1/../../../../arm-none-eabi/lib/thumb/v7e-m/fpv4-sp/hard/crt0.o (__libc_init_array)
/usr/local/gcc-arm/gcc-arm-none-eabi-7-2017-q4-major/bin/../lib/gcc/arm-none-eabi/7.2.1/../../../../arm-none-eabi/lib/thumb/v7e-m/fpv4-sp/hard/libc_nano.a(lib_a-locale.o)
                              _build/nrf52832_xxaa/nrf_log_str_formatter.c.o (__locale_ctype_ptr)
/usr/local/gcc-arm/gcc-arm-none-eabi-7-2017-q4-major/bin/../lib/gcc/arm-none-eabi/7.2.1/../../../../arm-none-eabi/lib/thumb/v7e-m/fpv4-sp/hard/libc_nano.a(lib_a-mbtowc_r.o)
                              /usr/local/gcc-arm/gcc-arm-none-eabi-7-2017-q4-major/bin/../lib/gcc/arm-none-eabi/7.2.1/../../../../arm-none-eabi/lib/thumb/v7e-m/fpv4-sp/hard/libc_nano.a(lib_a-locale.o) (__ascii_mbtowc)
/usr/local/gcc-arm/gcc-arm-none-eabi-7-2017-q4-major/bin/../lib/gcc/arm-none-eabi/7.2.1/../../../../arm-none-eabi/lib/thumb/v7e-m/fpv4-sp/hard/libc_nano.a(lib_a-memcpy-stub.o)
                              _build/nrf52832_xxaa/nrf_log_frontend.c.o (memcpy)
/usr/local/gcc-arm/gcc-arm-none-eabi-7-2017-q4-major/bin/../lib/gcc/arm-none-eabi/7.2.1/../../../../arm-none-eabi/lib/thumb/v7e-m/fpv4-sp/hard/libc_nano.a(lib_a-memset.o)
                              /usr/local/gcc-arm/gcc-arm-none-eabi-7-2017-q4-major/bin/../lib/gcc/arm-none-eabi/7.2.1/../../../../arm-none-eabi/lib/thumb/v7e-m/fpv4-sp/hard/crt0.o (memset)
/usr/local/gcc-arm/gcc-arm-none-eabi-7-2017-q4-major/bin/../lib/gcc/arm-none-eabi/7.2.1/../../../../arm-none-eabi/lib/thumb/v7e-m/fpv4-sp/hard/libc_nano.a(lib_a-strcmp.o)
                              /usr/local/gcc-arm/gcc-arm-none-eabi-7-2017-q4-major/bin/../lib/gcc/arm-none-eabi/7.2.1/../../../../arm-none-eabi/lib/thumb/v7e-m/fpv4-sp/hard/libc_nano.a(lib_a-locale.o) (strcmp)
/usr/local/gcc-arm/gcc-arm-none-eabi-7-2017-q4-major/bin/../lib/gcc/arm-none-eabi/7.2.1/../../../../arm-none-eabi/lib/thumb/v7e-m/fpv4-sp/hard/libc_nano.a(lib_a-strcpy.o)
                              _build/nrf52832_xxaa/SEGGER_RTT.c.o (strcpy)
/usr/local/gcc-arm/gcc-arm-none-eabi-7-2017-q4-major/bin/../lib/gcc/arm-none-eabi/7.2.1/../../../../arm-none-eabi/lib/thumb/v7e-m/fpv4-sp/hard/libc_nano.a(lib_a-strlen.o)
                              _build/nrf52832_xxaa/nrf_log_frontend.c.o (strlen)
/usr/local/gcc-arm/gcc-arm-none-eabi-7-2017-q4-major/bin/../lib/gcc/arm-none-eabi/7.2.1/../../../../arm-none-eabi/lib/thumb/v7e-m/fpv4-sp/hard/libc_nano.a(lib_a-wctomb_r.o)
                              /usr/local/gcc-arm/gcc-arm-none-eabi-7-2017-q4-major/bin/../lib/gcc/arm-none-eabi/7.2.1/../../../../arm-none-eabi/lib/thumb/v7e-m/fpv4-sp/hard/libc_nano.a(lib_a-locale.o) (__ascii_wctomb)
/usr/local/gcc-arm/gcc-arm-none-eabi-7-2017-q4-major/bin/../lib/gcc/arm-none-eabi/7.2.1/../../../../arm-none-eabi/lib/thumb/v7e-m/fpv4-sp/hard/libc_nano.a(lib_a-ctype_.o)
                              /usr/local/gcc-arm/gcc-arm-none-eabi-7-2017-q4-major/bin/../lib/gcc/arm-none-eabi/7.2.1/../../../../arm-none-eabi/lib/thumb/v7e-m/fpv4-sp/hard/libc_nano.a(lib_a-locale.o) (_ctype_)
/usr/local/gcc-arm/gcc-arm-none-eabi-7-2017-q4-major/bin/../lib/gcc/arm-none-eabi/7.2.1/../../../../arm-none-eabi/lib/thumb/v7e-m/fpv4-sp/hard/libnosys.a(_exit.o)
                              /usr/local/gcc-arm/gcc-arm-none-eabi-7-2017-q4-major/bin/../lib/gcc/arm-none-eabi/7.2.1/../../../../arm-none-eabi/lib/thumb/v7e-m/fpv4-sp/hard/libc_nano.a(lib_a-exit.o) (_exit)
/usr/local/gcc-arm/gcc-arm-none-eabi-7-2017-q4-major/bin/../lib/gcc/arm-none-eabi/7.2.1/thumb/v7e-m/fpv4-sp/hard/libgcc.a(_aeabi_ldivmod.o)
                              _build/nrf52832_xxaa/bsp.c.o (__aeabi_ldivmod)
/usr/local/gcc-arm/gcc-arm-none-eabi-7-2017-q4-major/bin/../lib/gcc/arm-none-eabi/7.2.1/thumb/v7e-m/fpv4-sp/hard/libgcc.a(_aeabi_uldivmod.o)
                              _build/nrf52832_xxaa/bsp.c.o (__aeabi_uldivmod)
[...]
Memory Configuration

Name             Origin             Length             Attributes
FLASH            0x0000000000023000 0x000000000005d000 xr
RAM              0x0000000020002180 0x000000000000de80 xrw
*default*        0x0000000000000000 0xffffffffffffffff

Linker script and memory map


.text           0x0000000000023000     0x796c
 *(.isr_vector)
 .isr_vector    0x0000000000023000      0x200 _build/nrf52832_xxaa/gcc_startup_nrf52.S.o
                0x0000000000023000                __isr_vector
 *(.text*)
 .text          0x0000000000023200       0x40 /usr/local/gcc-arm/gcc-arm-none-eabi-7-2017-q4-major/bin/../lib/gcc/arm-none-eabi/7.2.1/thumb/v7e-m/fpv4-sp/hard/crtbegin.o
 .text          0x0000000000023240       0x74 /usr/local/gcc-arm/gcc-arm-none-eabi-7-2017-q4-major/bin/../lib/gcc/arm-none-eabi/7.2.1/../../../../arm-none-eabi/lib/thumb/v7e-m/fpv4-sp/hard/crt0.o
                0x0000000000023240                _mainCRTStartup
                0x0000000000023240                _start
 .text.nrf_log_backend_serial_put
                0x00000000000232b4       0xe4 _build/nrf52832_xxaa/nrf_log_backend_serial.c.o
                0x00000000000232b4                nrf_log_backend_serial_put
 .text.uart_evt_handler
                0x0000000000023398        0xc _build/nrf52832_xxaa/nrf_log_backend_uart.c.o
 .text.nrf_log_backend_uart_flush
                0x00000000000233a4        0x4 _build/nrf52832_xxaa/nrf_log_backend_uart.c.o
 .text.nrf_log_backend_uart_panic_set
                0x00000000000233a8       0x48 _build/nrf52832_xxaa/nrf_log_backend_uart.c.o
 .text.nrf_log_backend_uart_put
                0x00000000000233f0       0x20 _build/nrf52832_xxaa/nrf_log_backend_uart.c.o
 .text.serial_tx
                0x0000000000023410       0x34 _build/nrf52832_xxaa/nrf_log_backend_uart.c.o
 .text.nrf_log_backend_uart_init
                0x0000000000023444       0x48 _build/nrf52832_xxaa/nrf_log_backend_uart.c.o
                0x0000000000023444                nrf_log_backend_uart_init
 .text.nrf_log_default_backends_init
                0x000000000002348c       0x1c _build/nrf52832_xxaa/nrf_log_default_backends.c.o
                0x000000000002348c                nrf_log_default_backends_init
 .text.nrf_log_frontend_dequeue.part.5
                0x00000000000234a8      0x21c _build/nrf52832_xxaa/nrf_log_frontend.c.o
 .text.nrf_log_init
                0x00000000000236c4       0x50 _build/nrf52832_xxaa/nrf_log_frontend.c.o
                0x00000000000236c4                nrf_log_init
 .text.nrf_log_module_name_get
                0x0000000000023714       0x5c _build/nrf52832_xxaa/nrf_log_frontend.c.o
                0x0000000000023714                nrf_log_module_name_get
 .text.nrf_log_color_id_get
                0x0000000000023770       0x2c _build/nrf52832_xxaa/nrf_log_frontend.c.o
                0x0000000000023770                nrf_log_color_id_get
 .text.nrf_log_frontend_std_0
                0x000000000002379c      0x194 _build/nrf52832_xxaa/nrf_log_frontend.c.o
                0x000000000002379c                nrf_log_frontend_std_0
 .text.nrf_log_frontend_std_1
                0x0000000000023930      0x1a4 _build/nrf52832_xxaa/nrf_log_frontend.c.o
                0x0000000000023930                nrf_log_frontend_std_1
 .text.nrf_log_frontend_std_2
                0x0000000000023ad4      0x1b8 _build/nrf52832_xxaa/nrf_log_frontend.c.o
                0x0000000000023ad4                nrf_log_frontend_std_2
 .text.nrf_log_frontend_dequeue
                0x0000000000023c8c       0x18 _build/nrf52832_xxaa/nrf_log_frontend.c.o
                0x0000000000023c8c                nrf_log_frontend_dequeue
 .text.nrf_log_backend_add
                0x0000000000023ca4       0x5c _build/nrf52832_xxaa/nrf_log_frontend.c.o
                0x0000000000023ca4                nrf_log_backend_add
 .text.nrf_log_panic
                0x0000000000023d00       0x28 _build/nrf52832_xxaa/nrf_log_frontend.c.o
                0x0000000000023d00                nrf_log_panic
 .text.nrf_log_std_entry_process
                0x0000000000023d28      0x130 _build/nrf52832_xxaa/nrf_log_str_formatter.c.o
                0x0000000000023d28                nrf_log_std_entry_process
 .text.nrf_log_hexdump_entry_process
                0x0000000000023e58      0x13c _build/nrf52832_xxaa/nrf_log_str_formatter.c.o
                0x0000000000023e58                nrf_log_hexdump_entry_process
 .text.bsp_board_led_on
                0x0000000000023f94       0x18 _build/nrf52832_xxaa/boards.c.o
                0x0000000000023f94                bsp_board_led_on
 .text.bsp_board_led_off
                0x0000000000023fac       0x18 _build/nrf52832_xxaa/boards.c.o
                0x0000000000023fac                bsp_board_led_off
 .text.bsp_board_leds_init
                0x0000000000023fc4       0x3c _build/nrf52832_xxaa/boards.c.o
                0x0000000000023fc4                bsp_board_leds_init
 .text.detection_delay_timeout_handler
                0x0000000000024000       0xac _build/nrf52832_xxaa/app_button.c.o
 .text.gpiote_event_handler
                0x00000000000240ac       0x5c _build/nrf52832_xxaa/app_button.c.o
 .text.app_button_init
                0x0000000000024108       0xac _build/nrf52832_xxaa/app_button.c.o
                0x0000000000024108                app_button_init
 .text.app_button_enable
                0x00000000000241b4       0x2c _build/nrf52832_xxaa/app_button.c.o
                0x00000000000241b4                app_button_enable
 .text.app_button_disable
                0x00000000000241e0       0x34 _build/nrf52832_xxaa/app_button.c.o
                0x00000000000241e0                app_button_disable
 .text.app_error_handler_bare
                0x0000000000024214       0x20 _build/nrf52832_xxaa/app_error.c.o
                0x0000000000024214                app_error_handler_bare
 .text.app_error_fault_handler
                0x0000000000024234       0x68 _build/nrf52832_xxaa/app_error_weak.c.o
                0x0000000000024234                app_error_fault_handler
 .text.app_sched_init
                0x000000000002429c       0x50 _build/nrf52832_xxaa/app_scheduler.c.o
                0x000000000002429c                app_sched_init
 .text.app_sched_event_put
                0x00000000000242ec       0xd4 _build/nrf52832_xxaa/app_scheduler.c.o
                0x00000000000242ec                app_sched_event_put
 .text.app_sched_execute
                0x00000000000243c0       0x8c _build/nrf52832_xxaa/app_scheduler.c.o
                0x00000000000243c0                app_sched_execute
 .text.RTC1_IRQHandler
                0x000000000002444c       0xa0 _build/nrf52832_xxaa/app_timer.c.o
                0x000000000002444c                RTC1_IRQHandler
 .text.SWI0_EGU0_IRQHandler
                0x00000000000244ec      0x670 _build/nrf52832_xxaa/app_timer.c.o
                0x00000000000244ec                SWI0_EGU0_IRQHandler
 .text.app_timer_init
                0x0000000000024b5c      0x180 _build/nrf52832_xxaa/app_timer.c.o
                0x0000000000024b5c                app_timer_init
 .text.app_timer_create
                0x0000000000024cdc       0x24 _build/nrf52832_xxaa/app_timer.c.o
                0x0000000000024cdc                app_timer_create
 .text.app_timer_start
                0x0000000000024d00       0xac _build/nrf52832_xxaa/app_timer.c.o
                0x0000000000024d00                app_timer_start
 .text.app_timer_stop
                0x0000000000024dac       0x74 _build/nrf52832_xxaa/app_timer.c.o
                0x0000000000024dac                app_timer_stop
 .text.app_util_critical_region_enter
                0x0000000000024e20       0x4c _build/nrf52832_xxaa/app_util_platform.c.o
                0x0000000000024e20                app_util_critical_region_enter
 .text.app_util_critical_region_exit
                0x0000000000024e6c       0x30 _build/nrf52832_xxaa/app_util_platform.c.o
                0x0000000000024e6c                app_util_critical_region_exit
 .text.nrf_balloc_init
                0x0000000000024e9c       0x38 _build/nrf52832_xxaa/nrf_balloc.c.o
                0x0000000000024e9c                nrf_balloc_init
 .text.nrf_balloc_alloc
                0x0000000000024ed4       0x50 _build/nrf52832_xxaa/nrf_balloc.c.o
                0x0000000000024ed4                nrf_balloc_alloc
 .text.nrf_balloc_free
                0x0000000000024f24       0x38 _build/nrf52832_xxaa/nrf_balloc.c.o
                0x0000000000024f24                nrf_balloc_free
 .text.nrf_fprintf_buffer_flush
                0x0000000000024f5c       0x18 _build/nrf52832_xxaa/nrf_fprintf.c.o
                0x0000000000024f5c                nrf_fprintf_buffer_flush
 .text.nrf_fprintf
                0x0000000000024f74       0x20 _build/nrf52832_xxaa/nrf_fprintf.c.o
                0x0000000000024f74                nrf_fprintf
 .text.unsigned_print
                0x0000000000024f94      0x10c _build/nrf52832_xxaa/nrf_fprintf_format.c.o
 .text.nrf_fprintf_fmt
                0x00000000000250a0      0x5bc _build/nrf52832_xxaa/nrf_fprintf_format.c.o
                0x00000000000250a0                nrf_fprintf_fmt
 .text.nrf_memobj_pool_init
                0x000000000002565c        0x4 _build/nrf52832_xxaa/nrf_memobj.c.o
                0x000000000002565c                nrf_memobj_pool_init
 .text.nrf_memobj_alloc
                0x0000000000025660       0x84 _build/nrf52832_xxaa/nrf_memobj.c.o
                0x0000000000025660                nrf_memobj_alloc
 .text.nrf_memobj_get
                0x00000000000256e4       0x20 _build/nrf52832_xxaa/nrf_memobj.c.o
                0x00000000000256e4                nrf_memobj_get
 .text.nrf_memobj_put
                0x0000000000025704       0x50 _build/nrf52832_xxaa/nrf_memobj.c.o
                0x0000000000025704                nrf_memobj_put
 .text.nrf_memobj_write
                0x0000000000025754       0x5c _build/nrf52832_xxaa/nrf_memobj.c.o
                0x0000000000025754                nrf_memobj_write
 .text.nrf_memobj_read
                0x00000000000257b0       0x5c _build/nrf52832_xxaa/nrf_memobj.c.o
                0x00000000000257b0                nrf_memobj_read
 .text.nrf_section_iter_init
                0x000000000002580c       0x14 _build/nrf52832_xxaa/nrf_section_iter.c.o
                0x000000000002580c                nrf_section_iter_init
 .text.nrf_section_iter_next
                0x0000000000025820       0x18 _build/nrf52832_xxaa/nrf_section_iter.c.o
                0x0000000000025820                nrf_section_iter_next
 .text.nrf_strerror_get
                0x0000000000025838       0x6c _build/nrf52832_xxaa/nrf_strerror.c.o
                0x0000000000025838                nrf_strerror_get
 .text.sdk_mapped_flags_first_key_index_get
                0x00000000000258a4       0x30 _build/nrf52832_xxaa/sdk_mapped_flags.c.o
                0x00000000000258a4                sdk_mapped_flags_first_key_index_get
 .text.sdk_mapped_flags_update_by_key
                0x00000000000258d4       0x38 _build/nrf52832_xxaa/sdk_mapped_flags.c.o
                0x00000000000258d4                sdk_mapped_flags_update_by_key
 .text.sdk_mapped_flags_bulk_update_by_key
                0x000000000002590c       0x5c _build/nrf52832_xxaa/sdk_mapped_flags.c.o
                0x000000000002590c                sdk_mapped_flags_bulk_update_by_key
 .text.sdk_mapped_flags_key_list_get
                0x0000000000025968       0x34 _build/nrf52832_xxaa/sdk_mapped_flags.c.o
                0x0000000000025968                sdk_mapped_flags_key_list_get
 .text.soc_evt_handler
                0x000000000002599c       0x24 _build/nrf52832_xxaa/nrf_drv_clock.c.o
 .text.sd_state_evt_handler
                0x00000000000259c0       0xc0 _build/nrf52832_xxaa/nrf_drv_clock.c.o
 .text.POWER_CLOCK_IRQHandler
                0x0000000000025a80       0x7c _build/nrf52832_xxaa/nrf_drv_clock.c.o
                0x0000000000025a80                POWER_CLOCK_IRQHandler
 .text.nrf_drv_common_irq_enable
                0x0000000000025afc       0x48 _build/nrf52832_xxaa/nrf_drv_common.c.o
                0x0000000000025afc                nrf_drv_common_irq_enable
 .text.nrf_drv_gpiote_init
                0x0000000000025b44       0x74 _build/nrf52832_xxaa/nrf_drv_gpiote.c.o
                0x0000000000025b44                nrf_drv_gpiote_init
 .text.nrf_drv_gpiote_is_init
                0x0000000000025bb8       0x14 _build/nrf52832_xxaa/nrf_drv_gpiote.c.o
                0x0000000000025bb8                nrf_drv_gpiote_is_init
 .text.nrf_drv_gpiote_in_init
                0x0000000000025bcc      0x19c _build/nrf52832_xxaa/nrf_drv_gpiote.c.o
                0x0000000000025bcc                nrf_drv_gpiote_in_init
 .text.nrf_drv_gpiote_in_event_enable
                0x0000000000025d68       0xc4 _build/nrf52832_xxaa/nrf_drv_gpiote.c.o
                0x0000000000025d68                nrf_drv_gpiote_in_event_enable
 .text.nrf_drv_gpiote_in_event_disable
                0x0000000000025e2c       0x64 _build/nrf52832_xxaa/nrf_drv_gpiote.c.o
                0x0000000000025e2c                nrf_drv_gpiote_in_event_disable
 .text.nrf_drv_gpiote_in_is_set
                0x0000000000025e90       0x14 _build/nrf52832_xxaa/nrf_drv_gpiote.c.o
                0x0000000000025e90                nrf_drv_gpiote_in_is_set
 .text.GPIOTE_IRQHandler
                0x0000000000025ea4      0x548 _build/nrf52832_xxaa/nrf_drv_gpiote.c.o
                0x0000000000025ea4                GPIOTE_IRQHandler
 .text.nrf_drv_spi_init
                0x00000000000263ec      0x15c _build/nrf52832_xxaa/nrf_drv_spi.c.o
                0x00000000000263ec                nrf_drv_spi_init
 .text.nrf_drv_spi_transfer
                0x0000000000026548      0x11c _build/nrf52832_xxaa/nrf_drv_spi.c.o
                0x0000000000026548                nrf_drv_spi_transfer
 .text.SPIM0_SPIS0_TWIM0_TWIS0_SPI0_TWI0_IRQHandler
                0x0000000000026664       0x4c _build/nrf52832_xxaa/nrf_drv_spi.c.o
                0x0000000000026664                SPIM0_SPIS0_TWIM0_TWIS0_SPI0_TWI0_IRQHandler
 .text.SPIM1_SPIS1_TWIM1_TWIS1_SPI1_TWI1_IRQHandler
                0x00000000000266b0       0x50 _build/nrf52832_xxaa/nrf_drv_spi.c.o
                0x00000000000266b0                SPIM1_SPIS1_TWIM1_TWIS1_SPI1_TWI1_IRQHandler
 .text.nrf_drv_uart_init
                0x0000000000026700      0x1d0 _build/nrf52832_xxaa/nrf_drv_uart.c.o
                0x0000000000026700                nrf_drv_uart_init
 .text.nrf_drv_uart_uninit
                0x00000000000268d0      0x108 _build/nrf52832_xxaa/nrf_drv_uart.c.o
                0x00000000000268d0                nrf_drv_uart_uninit
 .text.nrf_drv_uart_tx
                0x00000000000269d8      0x154 _build/nrf52832_xxaa/nrf_drv_uart.c.o
                0x00000000000269d8                nrf_drv_uart_tx
 .text.UARTE0_UART0_IRQHandler
                0x0000000000026b2c      0x2e4 _build/nrf52832_xxaa/nrf_drv_uart.c.o
                0x0000000000026b2c                UARTE0_UART0_IRQHandler
 .text.sd_ble_gap_adv_start
                0x0000000000026e10        0x4 _build/nrf52832_xxaa/main.c.o
 .text.sd_ble_gap_disconnect
                0x0000000000026e14        0x4 _build/nrf52832_xxaa/main.c.o
 .text.sd_ble_gap_ppcp_set
                0x0000000000026e18        0x4 _build/nrf52832_xxaa/main.c.o
 .text.sd_ble_gap_device_name_set
                0x0000000000026e1c        0x4 _build/nrf52832_xxaa/main.c.o
 .text.sd_ble_gap_sec_params_reply
                0x0000000000026e20        0x4 _build/nrf52832_xxaa/main.c.o
 .text.sd_ble_gap_phy_update
                0x0000000000026e24        0x4 _build/nrf52832_xxaa/main.c.o
 .text.sd_ble_gatts_rw_authorize_reply
                0x0000000000026e28        0x4 _build/nrf52832_xxaa/main.c.o
 .text.sd_ble_gatts_sys_attr_set
                0x0000000000026e2c        0x4 _build/nrf52832_xxaa/main.c.o
 .text.sd_ble_user_mem_reply
                0x0000000000026e30        0x4 _build/nrf52832_xxaa/main.c.o
 .text.sd_app_evt_wait
                0x0000000000026e34        0x4 _build/nrf52832_xxaa/main.c.o
 .text.spi_event_handler
                0x0000000000026e38        0xc _build/nrf52832_xxaa/main.c.o
                0x0000000000026e38                spi_event_handler
 .text.conn_params_error_handler
                0x0000000000026e44        0x4 _build/nrf52832_xxaa/main.c.o
 .text.led_write_handler
                0x0000000000026e48       0x4c _build/nrf52832_xxaa/main.c.o
 .text.on_conn_params_evt
                0x0000000000026e94       0x24 _build/nrf52832_xxaa/main.c.o
 .text.button_event_handler
                0x0000000000026eb8       0x58 _build/nrf52832_xxaa/main.c.o
 .text.ble_evt_handler
                0x0000000000026f10      0x18c _build/nrf52832_xxaa/main.c.o
 .text.st7586_write.constprop.5
                0x000000000002709c       0xd4 _build/nrf52832_xxaa/main.c.o
 .text.st7586_write.constprop.6
                0x0000000000027170       0xd4 _build/nrf52832_xxaa/main.c.o
 .text.plane    0x0000000000027244      0x9b0 _build/nrf52832_xxaa/main.c.o
                0x0000000000027244                plane
 .text.start_gallag
                0x0000000000027bf4       0xd8 _build/nrf52832_xxaa/main.c.o
                0x0000000000027bf4                start_gallag
 .text.init     0x0000000000027ccc      0x3dc _build/nrf52832_xxaa/main.c.o
                0x0000000000027ccc                init
 .text.clear_noise
                0x00000000000280a8      0x13c _build/nrf52832_xxaa/main.c.o
                0x00000000000280a8                clear_noise
 .text.startup.main
                0x00000000000281e4      0x240 _build/nrf52832_xxaa/main.c.o
                0x00000000000281e4                main
 .text.sd_ble_gap_addr_get
                0x0000000000028424        0x4 _build/nrf52832_xxaa/ble_advdata.c.o
 .text.sd_ble_gap_adv_data_set
                0x0000000000028428        0x4 _build/nrf52832_xxaa/ble_advdata.c.o
 .text.sd_ble_gap_appearance_get
                0x000000000002842c        0x4 _build/nrf52832_xxaa/ble_advdata.c.o
 .text.sd_ble_gap_device_name_get
                0x0000000000028430        0x4 _build/nrf52832_xxaa/ble_advdata.c.o
 .text.sd_ble_uuid_encode
                0x0000000000028434        0x4 _build/nrf52832_xxaa/ble_advdata.c.o
 .text.uuid_list_sized_encode
                0x0000000000028438       0xd0 _build/nrf52832_xxaa/ble_advdata.c.o
 .text.ble_advdata_encode
                0x0000000000028508      0x3ec _build/nrf52832_xxaa/ble_advdata.c.o
                0x0000000000028508                ble_advdata_encode
 .text.ble_advdata_set
                0x00000000000288f4      0x4e4 _build/nrf52832_xxaa/ble_advdata.c.o
                0x00000000000288f4                ble_advdata_set
 .text.sd_ble_gap_conn_param_update
                0x0000000000028dd8        0x4 _build/nrf52832_xxaa/ble_conn_params.c.o
 .text.sd_ble_gap_disconnect
                0x0000000000028ddc        0x4 _build/nrf52832_xxaa/ble_conn_params.c.o
 .text.sd_ble_gap_ppcp_set
                0x0000000000028de0        0x4 _build/nrf52832_xxaa/ble_conn_params.c.o
 .text.sd_ble_gap_ppcp_get
                0x0000000000028de4        0x4 _build/nrf52832_xxaa/ble_conn_params.c.o
 .text.update_timeout_handler
                0x0000000000028de8       0x80 _build/nrf52832_xxaa/ble_conn_params.c.o
 .text.ble_evt_handler
                0x0000000000028e68      0x1d4 _build/nrf52832_xxaa/ble_conn_params.c.o
 .text.ble_conn_params_init
                0x000000000002903c       0x7c _build/nrf52832_xxaa/ble_conn_params.c.o
                0x000000000002903c                ble_conn_params_init
 .text.ble_evt_handler
                0x00000000000290b8      0x114 _build/nrf52832_xxaa/ble_conn_state.c.o
 .text.ble_srv_is_notification_enabled
                0x00000000000291cc        0x8 _build/nrf52832_xxaa/ble_srv_common.c.o
                0x00000000000291cc                ble_srv_is_notification_enabled
 .text.sd_ble_gap_data_length_update
                0x00000000000291d4        0x4 _build/nrf52832_xxaa/nrf_ble_gatt.c.o
 .text.sd_ble_gattc_exchange_mtu_request
                0x00000000000291d8        0x4 _build/nrf52832_xxaa/nrf_ble_gatt.c.o
 .text.sd_ble_gatts_exchange_mtu_reply
                0x00000000000291dc        0x4 _build/nrf52832_xxaa/nrf_ble_gatt.c.o
 .text.nrf_ble_gatt_init
                0x00000000000291e0       0x2c _build/nrf52832_xxaa/nrf_ble_gatt.c.o
                0x00000000000291e0                nrf_ble_gatt_init
 .text.nrf_ble_gatt_on_ble_evt
                0x000000000002920c      0x1f0 _build/nrf52832_xxaa/nrf_ble_gatt.c.o
                0x000000000002920c                nrf_ble_gatt_on_ble_evt
 .text          0x00000000000293fc       0x3c _build/nrf52832_xxaa/gcc_startup_nrf52.S.o
                0x00000000000293fc                Reset_Handler
                0x0000000000029424                NMI_Handler
                0x0000000000029426                HardFault_Handler
                0x0000000000029428                MemoryManagement_Handler
                0x000000000002942a                BusFault_Handler
                0x000000000002942c                UsageFault_Handler
                0x000000000002942e                SVC_Handler
                0x0000000000029430                DebugMon_Handler
                0x0000000000029432                PendSV_Handler
                0x0000000000029434                SysTick_Handler
                0x0000000000029436                I2S_IRQHandler
                0x0000000000029436                SWI4_EGU4_IRQHandler
                0x0000000000029436                TIMER0_IRQHandler
                0x0000000000029436                TIMER1_IRQHandler
                0x0000000000029436                PWM2_IRQHandler
                0x0000000000029436                ECB_IRQHandler
                0x0000000000029436                Default_Handler
                0x0000000000029436                SAADC_IRQHandler
                0x0000000000029436                CCM_AAR_IRQHandler
                0x0000000000029436                WDT_IRQHandler
                0x0000000000029436                SWI5_EGU5_IRQHandler
                0x0000000000029436                RNG_IRQHandler
                0x0000000000029436                RTC2_IRQHandler
                0x0000000000029436                PWM0_IRQHandler
                0x0000000000029436                SWI3_EGU3_IRQHandler
                0x0000000000029436                SWI1_EGU1_IRQHandler
                0x0000000000029436                SPIM2_SPIS2_SPI2_IRQHandler
                0x0000000000029436                NFCT_IRQHandler
                0x0000000000029436                MWU_IRQHandler
                0x0000000000029436                TIMER2_IRQHandler
                0x0000000000029436                COMP_LPCOMP_IRQHandler
                0x0000000000029436                RTC0_IRQHandler
                0x0000000000029436                PWM1_IRQHandler
                0x0000000000029436                RADIO_IRQHandler
                0x0000000000029436                PDM_IRQHandler
                0x0000000000029436                TEMP_IRQHandler
                0x0000000000029436                QDEC_IRQHandler
                0x0000000000029436                TIMER3_IRQHandler
                0x0000000000029436                FPU_IRQHandler
                0x0000000000029436                TIMER4_IRQHandler
 .text.SystemInit
                0x0000000000029438      0x384 _build/nrf52832_xxaa/system_nrf52.c.o
                0x0000000000029438                SystemInit
 .text.sd_ble_gatts_service_add
                0x00000000000297bc        0x4 _build/nrf52832_xxaa/ble_lbs.c.o
 .text.sd_ble_gatts_characteristic_add
                0x00000000000297c0        0x4 _build/nrf52832_xxaa/ble_lbs.c.o
 .text.sd_ble_gatts_hvx
                0x00000000000297c4        0x4 _build/nrf52832_xxaa/ble_lbs.c.o
 .text.sd_ble_uuid_vs_add
                0x00000000000297c8        0x4 _build/nrf52832_xxaa/ble_lbs.c.o
 .text.ble_lbs_on_ble_evt
                0x00000000000297cc       0x30 _build/nrf52832_xxaa/ble_lbs.c.o
                0x00000000000297cc                ble_lbs_on_ble_evt
 .text.ble_lbs_init
                0x00000000000297fc      0x1a8 _build/nrf52832_xxaa/ble_lbs.c.o
                0x00000000000297fc                ble_lbs_init
 .text.ble_lbs_on_button_change
                0x00000000000299a4       0x40 _build/nrf52832_xxaa/ble_lbs.c.o
                0x00000000000299a4                ble_lbs_on_button_change
 .text.sd_softdevice_enable
                0x00000000000299e4        0x4 _build/nrf52832_xxaa/nrf_sdh.c.o
 .text.nrf_sdh_enable_request
                0x00000000000299e8      0x108 _build/nrf52832_xxaa/nrf_sdh.c.o
                0x00000000000299e8                nrf_sdh_enable_request
 .text.nrf_sdh_is_enabled
                0x0000000000029af0        0xc _build/nrf52832_xxaa/nrf_sdh.c.o
                0x0000000000029af0                nrf_sdh_is_enabled
 .text.SWI2_EGU2_IRQHandler
                0x0000000000029afc       0x2c _build/nrf52832_xxaa/nrf_sdh.c.o
                0x0000000000029afc                SWI2_EGU2_IRQHandler
 .text.sd_ble_enable
                0x0000000000029b28        0x4 _build/nrf52832_xxaa/nrf_sdh_ble.c.o
 .text.sd_ble_cfg_set
                0x0000000000029b2c        0x4 _build/nrf52832_xxaa/nrf_sdh_ble.c.o
 .text.sd_ble_evt_get
                0x0000000000029b30        0x4 _build/nrf52832_xxaa/nrf_sdh_ble.c.o
 .text.nrf_sdh_ble_evts_poll
                0x0000000000029b34       0x4c _build/nrf52832_xxaa/nrf_sdh_ble.c.o
 .text.nrf_sdh_ble_default_cfg_set
                0x0000000000029b80      0x164 _build/nrf52832_xxaa/nrf_sdh_ble.c.o
                0x0000000000029b80                nrf_sdh_ble_default_cfg_set
 .text.nrf_sdh_ble_enable
                0x0000000000029ce4       0x74 _build/nrf52832_xxaa/nrf_sdh_ble.c.o
                0x0000000000029ce4                nrf_sdh_ble_enable
 .text.sd_evt_get
                0x0000000000029d58        0x4 _build/nrf52832_xxaa/nrf_sdh_soc.c.o
 .text.nrf_sdh_soc_evts_poll
                0x0000000000029d5c       0x4c _build/nrf52832_xxaa/nrf_sdh_soc.c.o
 .text.exit     0x0000000000029da8       0x28 /usr/local/gcc-arm/gcc-arm-none-eabi-7-2017-q4-major/bin/../lib/gcc/arm-none-eabi/7.2.1/../../../../arm-none-eabi/lib/thumb/v7e-m/fpv4-sp/hard/libc_nano.a(lib_a-exit.o)
                0x0000000000029da8                exit
 .text.__libc_init_array
                0x0000000000029dd0       0x48 /usr/local/gcc-arm/gcc-arm-none-eabi-7-2017-q4-major/bin/../lib/gcc/arm-none-eabi/7.2.1/../../../../arm-none-eabi/lib/thumb/v7e-m/fpv4-sp/hard/libc_nano.a(lib_a-init.o)
                0x0000000000029dd0                __libc_init_array
 .text.__locale_ctype_ptr
                0x0000000000029e18       0x1c /usr/local/gcc-arm/gcc-arm-none-eabi-7-2017-q4-major/bin/../lib/gcc/arm-none-eabi/7.2.1/../../../../arm-none-eabi/lib/thumb/v7e-m/fpv4-sp/hard/libc_nano.a(lib_a-locale.o)
                0x0000000000029e18                __locale_ctype_ptr
 .text.__ascii_mbtowc
                0x0000000000029e34       0x24 /usr/local/gcc-arm/gcc-arm-none-eabi-7-2017-q4-major/bin/../lib/gcc/arm-none-eabi/7.2.1/../../../../arm-none-eabi/lib/thumb/v7e-m/fpv4-sp/hard/libc_nano.a(lib_a-mbtowc_r.o)
                0x0000000000029e34                __ascii_mbtowc
 .text.memcpy   0x0000000000029e58       0x16 /usr/local/gcc-arm/gcc-arm-none-eabi-7-2017-q4-major/bin/../lib/gcc/arm-none-eabi/7.2.1/../../../../arm-none-eabi/lib/thumb/v7e-m/fpv4-sp/hard/libc_nano.a(lib_a-memcpy-stub.o)
                0x0000000000029e58                memcpy
 .text.memset   0x0000000000029e6e       0x10 /usr/local/gcc-arm/gcc-arm-none-eabi-7-2017-q4-major/bin/../lib/gcc/arm-none-eabi/7.2.1/../../../../arm-none-eabi/lib/thumb/v7e-m/fpv4-sp/hard/libc_nano.a(lib_a-memset.o)
                0x0000000000029e6e                memset
 .text          0x0000000000029e7e       0x10 /usr/local/gcc-arm/gcc-arm-none-eabi-7-2017-q4-major/bin/../lib/gcc/arm-none-eabi/7.2.1/../../../../arm-none-eabi/lib/thumb/v7e-m/fpv4-sp/hard/libc_nano.a(lib_a-strlen.o)
                0x0000000000029e7e                strlen
 .text.__ascii_wctomb
                0x0000000000029e8e       0x1a /usr/local/gcc-arm/gcc-arm-none-eabi-7-2017-q4-major/bin/../lib/gcc/arm-none-eabi/7.2.1/../../../../arm-none-eabi/lib/thumb/v7e-m/fpv4-sp/hard/libc_nano.a(lib_a-wctomb_r.o)
                0x0000000000029e8e                __ascii_wctomb
 .text._exit    0x0000000000029ea8        0x4 /usr/local/gcc-arm/gcc-arm-none-eabi-7-2017-q4-major/bin/../lib/gcc/arm-none-eabi/7.2.1/../../../../arm-none-eabi/lib/thumb/v7e-m/fpv4-sp/hard/libnosys.a(_exit.o)
                0x0000000000029ea8                _exit
 *(.init)
 .init          0x0000000000029eac        0x4 /usr/local/gcc-arm/gcc-arm-none-eabi-7-2017-q4-major/bin/../lib/gcc/arm-none-eabi/7.2.1/thumb/v7e-m/fpv4-sp/hard/crti.o
                0x0000000000029eac                _init
 .init          0x0000000000029eb0        0x8 /usr/local/gcc-arm/gcc-arm-none-eabi-7-2017-q4-major/bin/../lib/gcc/arm-none-eabi/7.2.1/thumb/v7e-m/fpv4-sp/hard/crtn.o
 *(.fini)
 .fini          0x0000000000029eb8        0x4 /usr/local/gcc-arm/gcc-arm-none-eabi-7-2017-q4-major/bin/../lib/gcc/arm-none-eabi/7.2.1/thumb/v7e-m/fpv4-sp/hard/crti.o
                0x0000000000029eb8                _fini
 .fini          0x0000000000029ebc        0x8 /usr/local/gcc-arm/gcc-arm-none-eabi-7-2017-q4-major/bin/../lib/gcc/arm-none-eabi/7.2.1/thumb/v7e-m/fpv4-sp/hard/crtn.o
 *crtbegin.o(.ctors)
 *crtbegin?.o(.ctors)
 *(EXCLUDE_FILE(*crtend.o *crtend?.o) .ctors)
 *(SORT_BY_NAME(.ctors.*))
 *(.ctors)
 *crtbegin.o(.dtors)
 *crtbegin?.o(.dtors)
 *(EXCLUDE_FILE(*crtend.o *crtend?.o) .dtors)
 *(SORT_BY_NAME(.dtors.*))
 *(.dtors)
 *(.rodata*)
 .rodata        0x0000000000029ec4       0x20 _build/nrf52832_xxaa/nrf_log_backend_uart.c.o
 .rodata.nrf_log_backend_uart_api
                0x0000000000029ee4        0xc _build/nrf52832_xxaa/nrf_log_backend_uart.c.o
                0x0000000000029ee4                nrf_log_backend_uart_api
 .rodata.mempool
                0x0000000000029ef0       0x14 _build/nrf52832_xxaa/nrf_log_frontend.c.o
 .rodata.str1.4
                0x0000000000029f04        0x4 _build/nrf52832_xxaa/nrf_log_frontend.c.o
 .rodata.m_colors
                0x0000000000029f08       0x24 _build/nrf52832_xxaa/nrf_log_str_formatter.c.o
 .rodata.nrf_log_hexdump_entry_process.str1.4
                0x0000000000029f2c       0x13 _build/nrf52832_xxaa/nrf_log_str_formatter.c.o
                                         0x16 (size before relaxing)
 *fill*         0x0000000000029f3f        0x1 
 .rodata.nrf_log_std_entry_process.str1.4
                0x0000000000029f40       0x1b _build/nrf52832_xxaa/nrf_log_str_formatter.c.o
 *fill*         0x0000000000029f5b        0x1 
 .rodata.severity_names
                0x0000000000029f5c       0x14 _build/nrf52832_xxaa/nrf_log_str_formatter.c.o
 .rodata.str1.4
                0x0000000000029f70       0x5e _build/nrf52832_xxaa/nrf_log_str_formatter.c.o
 *fill*         0x0000000000029fce        0x2 
 .rodata.m_board_led_list
                0x0000000000029fd0        0x4 _build/nrf52832_xxaa/boards.c.o
 .rodata.m_detection_delay_timer_id
                0x0000000000029fd4        0x4 _build/nrf52832_xxaa/app_button.c.o
 .rodata.app_error_fault_handler.str1.4
                0x0000000000029fd8       0x19 _build/nrf52832_xxaa/app_error_weak.c.o
 *fill*         0x0000000000029ff1        0x3 
 .rodata.str1.4
                0x0000000000029ff4        0x7 _build/nrf52832_xxaa/nrf_balloc.c.o
 *fill*         0x0000000000029ffb        0x1 
 .rodata._aV2C.7959
                0x0000000000029ffc       0x10 _build/nrf52832_xxaa/nrf_fprintf_format.c.o
 .rodata.str1.4
                0x000000000002a00c        0x9 _build/nrf52832_xxaa/nrf_pwr_mgmt.c.o
 *fill*         0x000000000002a015        0x3 
 .rodata.m_unknown_str
                0x000000000002a018       0x13 _build/nrf52832_xxaa/nrf_strerror.c.o
 *fill*         0x000000000002a02b        0x1 
 .rodata.nrf_strerror_array
                0x000000000002a02c       0xf0 _build/nrf52832_xxaa/nrf_strerror.c.o
 .rodata.str1.4
                0x000000000002a11c      0x308 _build/nrf52832_xxaa/nrf_strerror.c.o
 .rodata.str1.4
                0x000000000002a424        0x6 _build/nrf52832_xxaa/nrf_drv_clock.c.o
 *fill*         0x000000000002a42a        0x2 
 .rodata.str1.4
                0x000000000002a42c        0x7 _build/nrf52832_xxaa/nrf_drv_gpiote.c.o
 *fill*         0x000000000002a433        0x1 
 .rodata.str1.4
                0x000000000002a434        0x4 _build/nrf52832_xxaa/nrf_drv_spi.c.o
 .rodata.str1.4
                0x000000000002a438        0x5 _build/nrf52832_xxaa/nrf_drv_uart.c.o
 *fill*         0x000000000002a43d        0x3 
 .rodata        0x000000000002a440       0x10 _build/nrf52832_xxaa/main.c.o
 .rodata.ble_evt_handler.str1.4
                0x000000000002a450       0x19 _build/nrf52832_xxaa/main.c.o
 *fill*         0x000000000002a469        0x3 
 .rodata.button_event_handler.str1.4
                0x000000000002a46c       0x1a _build/nrf52832_xxaa/main.c.o
 *fill*         0x000000000002a486        0x2 
 .rodata.led_write_handler.str1.4
                0x000000000002a488       0x11 _build/nrf52832_xxaa/main.c.o
 *fill*         0x000000000002a499        0x3 
 .rodata.main.str1.4
                0x000000000002a49c        0x9 _build/nrf52832_xxaa/main.c.o
 *fill*         0x000000000002a4a5        0x3 
 .rodata.st7586_spi
                0x000000000002a4a8        0x8 _build/nrf52832_xxaa/main.c.o
 .rodata.nrf_ble_gatt_on_ble_evt.str1.4
                0x000000000002a4b0      0x130 _build/nrf52832_xxaa/nrf_ble_gatt.c.o
 .rodata.str1.4
                0x000000000002a5e0        0x9 _build/nrf52832_xxaa/nrf_ble_gatt.c.o
 *fill*         0x000000000002a5e9        0x3 
 .rodata        0x000000000002a5ec       0x10 _build/nrf52832_xxaa/ble_lbs.c.o
 .rodata        0x000000000002a5fc        0x4 _build/nrf52832_xxaa/nrf_sdh.c.o
 .rodata.sdh_req_observers
                0x000000000002a600        0xc _build/nrf52832_xxaa/nrf_sdh.c.o
 .rodata.sdh_stack_observers
                0x000000000002a60c        0xc _build/nrf52832_xxaa/nrf_sdh.c.o
 .rodata.sdh_state_observers
                0x000000000002a618        0xc _build/nrf52832_xxaa/nrf_sdh.c.o
 .rodata.str1.4
                0x000000000002a624        0x8 _build/nrf52832_xxaa/nrf_sdh.c.o
 .rodata.nrf_sdh_ble_default_cfg_set.str1.4
                0x000000000002a62c      0x187 _build/nrf52832_xxaa/nrf_sdh_ble.c.o
 *fill*         0x000000000002a7b3        0x1 
 .rodata.nrf_sdh_ble_enable.str1.4
                0x000000000002a7b4       0x71 _build/nrf52832_xxaa/nrf_sdh_ble.c.o
 *fill*         0x000000000002a825        0x3 
 .rodata.sdh_ble_observers
                0x000000000002a828        0xc _build/nrf52832_xxaa/nrf_sdh_ble.c.o
 .rodata.str1.4
                0x000000000002a834        0xc _build/nrf52832_xxaa/nrf_sdh_ble.c.o
 .rodata.sdh_soc_observers
                0x000000000002a840        0xc _build/nrf52832_xxaa/nrf_sdh_soc.c.o
 .rodata.str1.4
                0x000000000002a84c        0xc _build/nrf52832_xxaa/nrf_sdh_soc.c.o
 .rodata._global_impure_ptr
                0x000000000002a858        0x4 /usr/local/gcc-arm/gcc-arm-none-eabi-7-2017-q4-major/bin/../lib/gcc/arm-none-eabi/7.2.1/../../../../arm-none-eabi/lib/thumb/v7e-m/fpv4-sp/hard/libc_nano.a(lib_a-impure.o)
                0x000000000002a858                _global_impure_ptr
 .rodata._setlocale_r.str1.1
                0x000000000002a85c        0x8 /usr/local/gcc-arm/gcc-arm-none-eabi-7-2017-q4-major/bin/../lib/gcc/arm-none-eabi/7.2.1/../../../../arm-none-eabi/lib/thumb/v7e-m/fpv4-sp/hard/libc_nano.a(lib_a-locale.o)
                                          0x9 (size before relaxing)
 .rodata.str1.1
                0x000000000002a864        0x2 /usr/local/gcc-arm/gcc-arm-none-eabi-7-2017-q4-major/bin/../lib/gcc/arm-none-eabi/7.2.1/../../../../arm-none-eabi/lib/thumb/v7e-m/fpv4-sp/hard/libc_nano.a(lib_a-locale.o)
 .rodata._ctype_
                0x000000000002a866      0x101 /usr/local/gcc-arm/gcc-arm-none-eabi-7-2017-q4-major/bin/../lib/gcc/arm-none-eabi/7.2.1/../../../../arm-none-eabi/lib/thumb/v7e-m/fpv4-sp/hard/libc_nano.a(lib_a-ctype_.o)
                0x000000000002a866                _ctype_
 *(.eh_frame*)
 *fill*         0x000000000002a967        0x1 
 .eh_frame      0x000000000002a968        0x0 /usr/local/gcc-arm/gcc-arm-none-eabi-7-2017-q4-major/bin/../lib/gcc/arm-none-eabi/7.2.1/thumb/v7e-m/fpv4-sp/hard/crtbegin.o
 .eh_frame      0x000000000002a968        0x4 /usr/local/gcc-arm/gcc-arm-none-eabi-7-2017-q4-major/bin/../lib/gcc/arm-none-eabi/7.2.1/thumb/v7e-m/fpv4-sp/hard/crtend.o

.glue_7         0x000000000002a96c        0x0
 .glue_7        0x000000000002a96c        0x0 linker stubs

.glue_7t        0x000000000002a96c        0x0
 .glue_7t       0x000000000002a96c        0x0 linker stubs

.vfp11_veneer   0x000000000002a96c        0x0
 .vfp11_veneer  0x000000000002a96c        0x0 linker stubs

.v4_bx          0x000000000002a96c        0x0
 .v4_bx         0x000000000002a96c        0x0 linker stubs

.iplt           0x000000000002a96c        0x0
 .iplt          0x000000000002a96c        0x0 /usr/local/gcc-arm/gcc-arm-none-eabi-7-2017-q4-major/bin/../lib/gcc/arm-none-eabi/7.2.1/thumb/v7e-m/fpv4-sp/hard/crtbegin.o

.mem_section_dummy_rom

.sdh_soc_observers
                0x000000000002a96c        0x8
                0x000000000002a96c                PROVIDE (__start_sdh_soc_observers, .)
 *(SORT_BY_NAME(.sdh_soc_observers*))
 .sdh_soc_observers0
                0x000000000002a96c        0x8 _build/nrf52832_xxaa/nrf_drv_clock.c.o
                0x000000000002a974                PROVIDE (__stop_sdh_soc_observers, .)

.pwr_mgmt_data  0x000000000002a974        0x0
                0x000000000002a974                PROVIDE (__start_pwr_mgmt_data, .)
 *(SORT_BY_NAME(.pwr_mgmt_data*))
                0x000000000002a974                PROVIDE (__stop_pwr_mgmt_data, .)

.sdh_ble_observers
                0x000000000002a974       0x28
                0x000000000002a974                PROVIDE (__start_sdh_ble_observers, .)
 *(SORT_BY_NAME(.sdh_ble_observers*))
 .sdh_ble_observers0
                0x000000000002a974        0x8 _build/nrf52832_xxaa/ble_conn_state.c.o
 .sdh_ble_observers1
                0x000000000002a97c        0x8 _build/nrf52832_xxaa/main.c.o
 .sdh_ble_observers1
                0x000000000002a984        0x8 _build/nrf52832_xxaa/ble_conn_params.c.o
 .sdh_ble_observers2
                0x000000000002a98c        0x8 _build/nrf52832_xxaa/main.c.o
 .sdh_ble_observers3
                0x000000000002a994        0x8 _build/nrf52832_xxaa/main.c.o
                0x000000000002a99c                PROVIDE (__stop_sdh_ble_observers, .)

.log_const_data
                0x000000000002a99c       0x58
                0x000000000002a99c                PROVIDE (__start_log_const_data, .)
 *(SORT_BY_NAME(.log_const_data*))
 .log_const_data_app
                0x000000000002a99c        0x8 _build/nrf52832_xxaa/nrf_log_frontend.c.o
                0x000000000002a99c                m_nrf_log_app_logs_data_const
 .log_const_data_balloc
                0x000000000002a9a4        0x8 _build/nrf52832_xxaa/nrf_balloc.c.o
                0x000000000002a9a4                m_nrf_log_balloc_logs_data_const
 .log_const_data_ble_gatt
                0x000000000002a9ac        0x8 _build/nrf52832_xxaa/nrf_ble_gatt.c.o
                0x000000000002a9ac                m_nrf_log_ble_gatt_logs_data_const
 .log_const_data_clock
                0x000000000002a9b4        0x8 _build/nrf52832_xxaa/nrf_drv_clock.c.o
                0x000000000002a9b4                m_nrf_log_clock_logs_data_const
 .log_const_data_gpiote
                0x000000000002a9bc        0x8 _build/nrf52832_xxaa/nrf_drv_gpiote.c.o
                0x000000000002a9bc                m_nrf_log_gpiote_logs_data_const
 .log_const_data_nrf_sdh
                0x000000000002a9c4        0x8 _build/nrf52832_xxaa/nrf_sdh.c.o
                0x000000000002a9c4                m_nrf_log_nrf_sdh_logs_data_const
 .log_const_data_nrf_sdh_ble
                0x000000000002a9cc        0x8 _build/nrf52832_xxaa/nrf_sdh_ble.c.o
                0x000000000002a9cc                m_nrf_log_nrf_sdh_ble_logs_data_const
 .log_const_data_nrf_sdh_soc
                0x000000000002a9d4        0x8 _build/nrf52832_xxaa/nrf_sdh_soc.c.o
                0x000000000002a9d4                m_nrf_log_nrf_sdh_soc_logs_data_const
 .log_const_data_pwr_mgmt
                0x000000000002a9dc        0x8 _build/nrf52832_xxaa/nrf_pwr_mgmt.c.o
                0x000000000002a9dc                m_nrf_log_pwr_mgmt_logs_data_const
 .log_const_data_spi
                0x000000000002a9e4        0x8 _build/nrf52832_xxaa/nrf_drv_spi.c.o
                0x000000000002a9e4                m_nrf_log_spi_logs_data_const
 .log_const_data_uart
                0x000000000002a9ec        0x8 _build/nrf52832_xxaa/nrf_drv_uart.c.o
                0x000000000002a9ec                m_nrf_log_uart_logs_data_const
                0x000000000002a9f4                PROVIDE (__stop_log_const_data, .)

.sdh_req_observers
                0x000000000002a9f4        0x0
                0x000000000002a9f4                PROVIDE (__start_sdh_req_observers, .)
 *(SORT_BY_NAME(.sdh_req_observers*))
                0x000000000002a9f4                PROVIDE (__stop_sdh_req_observers, .)

.sdh_state_observers
                0x000000000002a9f4        0x8
                0x000000000002a9f4                PROVIDE (__start_sdh_state_observers, .)
 *(SORT_BY_NAME(.sdh_state_observers*))
 .sdh_state_observers0
                0x000000000002a9f4        0x8 _build/nrf52832_xxaa/nrf_drv_clock.c.o
                0x000000000002a9fc                PROVIDE (__stop_sdh_state_observers, .)

.sdh_stack_observers
                0x000000000002a9fc       0x10
                0x000000000002a9fc                PROVIDE (__start_sdh_stack_observers, .)
 *(SORT_BY_NAME(.sdh_stack_observers*))
 .sdh_stack_observers0
                0x000000000002a9fc        0x8 _build/nrf52832_xxaa/nrf_sdh_ble.c.o
 .sdh_stack_observers0
                0x000000000002aa04        0x8 _build/nrf52832_xxaa/nrf_sdh_soc.c.o
                0x000000000002aa0c                PROVIDE (__stop_sdh_stack_observers, .)

.cli_command    0x000000000002aa0c        0x0
                [!provide]                        PROVIDE (__start_cli_command, .)
 *(.cli_command)
                [!provide]                        PROVIDE (__stop_cli_command, .)

.ARM.extab
 *(.ARM.extab* .gnu.linkonce.armextab.*)
                0x000000000002aa0c                __exidx_start = .

.ARM.exidx      0x000000000002aa0c        0x8
 *(.ARM.exidx* .gnu.linkonce.armexidx.*)
 .ARM.exidx     0x000000000002aa0c        0x8 /usr/local/gcc-arm/gcc-arm-none-eabi-7-2017-q4-major/bin/../lib/gcc/arm-none-eabi/7.2.1/../../../../arm-none-eabi/lib/thumb/v7e-m/fpv4-sp/hard/crt0.o
                0x000000000002aa14                __exidx_end = .
                0x000000000002aa14                __etext = .

.rel.dyn        0x000000000002aa14        0x0
 .rel.iplt      0x000000000002aa14        0x0 /usr/local/gcc-arm/gcc-arm-none-eabi-7-2017-q4-major/bin/../lib/gcc/arm-none-eabi/7.2.1/thumb/v7e-m/fpv4-sp/hard/crtbegin.o

.data           0x0000000020002180      0x20c load address 0x000000000002aa14
                0x0000000020002180                __data_start__ = .
 *(vtable)
 *(.data*)
 .data.m_uart   0x0000000020002180        0x8 _build/nrf52832_xxaa/nrf_log_backend_uart.c.o
                0x0000000020002180                m_uart
 .data.uart_log_backend
                0x0000000020002188        0xc _build/nrf52832_xxaa/nrf_log_default_backends.c.o
 .data.ble_available
                0x0000000020002194        0x4 _build/nrf52832_xxaa/main.c.o
                0x0000000020002194                ble_available
 .data.buttons.11739
                0x0000000020002198        0x8 _build/nrf52832_xxaa/main.c.o
 .data.game_num
                0x00000000200021a0        0x4 _build/nrf52832_xxaa/main.c.o
                0x00000000200021a0                game_num
 .data.m_conn_handle
                0x00000000200021a4        0x2 _build/nrf52832_xxaa/main.c.o
 *fill*         0x00000000200021a6        0x2 
 .data.x        0x00000000200021a8        0x4 _build/nrf52832_xxaa/main.c.o
                0x00000000200021a8                x
 .data.y        0x00000000200021ac        0x4 _build/nrf52832_xxaa/main.c.o
                0x00000000200021ac                y
 .data.SystemCoreClock
                0x00000000200021b0        0x4 _build/nrf52832_xxaa/system_nrf52.c.o
                0x00000000200021b0                SystemCoreClock
 .data._impure_ptr
                0x00000000200021b4        0x4 /usr/local/gcc-arm/gcc-arm-none-eabi-7-2017-q4-major/bin/../lib/gcc/arm-none-eabi/7.2.1/../../../../arm-none-eabi/lib/thumb/v7e-m/fpv4-sp/hard/libc_nano.a(lib_a-impure.o)
                0x00000000200021b4                _impure_ptr
 .data.impure_data
                0x00000000200021b8       0x60 /usr/local/gcc-arm/gcc-arm-none-eabi-7-2017-q4-major/bin/../lib/gcc/arm-none-eabi/7.2.1/../../../../arm-none-eabi/lib/thumb/v7e-m/fpv4-sp/hard/libc_nano.a(lib_a-impure.o)
 .data.__global_locale
                0x0000000020002218      0x16c /usr/local/gcc-arm/gcc-arm-none-eabi-7-2017-q4-major/bin/../lib/gcc/arm-none-eabi/7.2.1/../../../../arm-none-eabi/lib/thumb/v7e-m/fpv4-sp/hard/libc_nano.a(lib_a-locale.o)
                0x0000000020002218                __global_locale
                0x0000000020002384                . = ALIGN (0x4)
                0x0000000020002384                PROVIDE (__preinit_array_start, .)
 *(.preinit_array)
                0x0000000020002384                PROVIDE (__preinit_array_end, .)
                0x0000000020002384                . = ALIGN (0x4)
                0x0000000020002384                PROVIDE (__init_array_start, .)
 *(SORT_BY_NAME(.init_array.*))
 *(.init_array)
 .init_array    0x0000000020002384        0x4 /usr/local/gcc-arm/gcc-arm-none-eabi-7-2017-q4-major/bin/../lib/gcc/arm-none-eabi/7.2.1/thumb/v7e-m/fpv4-sp/hard/crtbegin.o
                0x0000000020002388                PROVIDE (__init_array_end, .)
                0x0000000020002388                . = ALIGN (0x4)
                [!provide]                        PROVIDE (__fini_array_start, .)
 *(SORT_BY_NAME(.fini_array.*))
 *(.fini_array)
 .fini_array    0x0000000020002388        0x4 /usr/local/gcc-arm/gcc-arm-none-eabi-7-2017-q4-major/bin/../lib/gcc/arm-none-eabi/7.2.1/thumb/v7e-m/fpv4-sp/hard/crtbegin.o
                [!provide]                        PROVIDE (__fini_array_end, .)
 *(.jcr*)
                0x000000002000238c                . = ALIGN (0x4)
                0x000000002000238c                __data_end__ = .
LOAD /usr/local/gcc-arm/gcc-arm-none-eabi-7-2017-q4-major/bin/../lib/gcc/arm-none-eabi/7.2.1/thumb/v7e-m/fpv4-sp/hard/crti.o
LOAD /usr/local/gcc-arm/gcc-arm-none-eabi-7-2017-q4-major/bin/../lib/gcc/arm-none-eabi/7.2.1/thumb/v7e-m/fpv4-sp/hard/crtbegin.o
LOAD /usr/local/gcc-arm/gcc-arm-none-eabi-7-2017-q4-major/bin/../lib/gcc/arm-none-eabi/7.2.1/../../../../arm-none-eabi/lib/thumb/v7e-m/fpv4-sp/hard/crt0.o
LOAD _build/nrf52832_xxaa/nrf_log_backend_rtt.c.o
LOAD _build/nrf52832_xxaa/nrf_log_backend_serial.c.o
LOAD _build/nrf52832_xxaa/nrf_log_backend_uart.c.o
LOAD _build/nrf52832_xxaa/nrf_log_default_backends.c.o
LOAD _build/nrf52832_xxaa/nrf_log_frontend.c.o
LOAD _build/nrf52832_xxaa/nrf_log_str_formatter.c.o
LOAD _build/nrf52832_xxaa/boards.c.o
LOAD _build/nrf52832_xxaa/app_button.c.o
LOAD _build/nrf52832_xxaa/app_error.c.o
LOAD _build/nrf52832_xxaa/app_error_weak.c.o
LOAD _build/nrf52832_xxaa/app_scheduler.c.o
LOAD _build/nrf52832_xxaa/app_timer.c.o
LOAD _build/nrf52832_xxaa/app_util_platform.c.o
LOAD _build/nrf52832_xxaa/hardfault_implementation.c.o
LOAD _build/nrf52832_xxaa/nrf_assert.c.o
LOAD _build/nrf52832_xxaa/nrf_atfifo.c.o
LOAD _build/nrf52832_xxaa/nrf_balloc.c.o
LOAD _build/nrf52832_xxaa/nrf_fprintf.c.o
LOAD _build/nrf52832_xxaa/nrf_fprintf_format.c.o
LOAD _build/nrf52832_xxaa/nrf_memobj.c.o
LOAD _build/nrf52832_xxaa/nrf_pwr_mgmt.c.o
LOAD _build/nrf52832_xxaa/nrf_section_iter.c.o
LOAD _build/nrf52832_xxaa/nrf_strerror.c.o
LOAD _build/nrf52832_xxaa/sdk_mapped_flags.c.o
LOAD _build/nrf52832_xxaa/nrf_drv_clock.c.o
LOAD _build/nrf52832_xxaa/nrf_drv_common.c.o
LOAD _build/nrf52832_xxaa/nrf_drv_gpiote.c.o
LOAD _build/nrf52832_xxaa/nrf_drv_spi.c.o
LOAD _build/nrf52832_xxaa/nrf_drv_uart.c.o
LOAD _build/nrf52832_xxaa/bsp.c.o
LOAD _build/nrf52832_xxaa/bsp_nfc.c.o
LOAD _build/nrf52832_xxaa/main.c.o
LOAD _build/nrf52832_xxaa/SEGGER_RTT.c.o
LOAD _build/nrf52832_xxaa/SEGGER_RTT_Syscalls_GCC.c.o
LOAD _build/nrf52832_xxaa/SEGGER_RTT_printf.c.o
LOAD _build/nrf52832_xxaa/ble_advdata.c.o
LOAD _build/nrf52832_xxaa/ble_conn_params.c.o
LOAD _build/nrf52832_xxaa/ble_conn_state.c.o
LOAD _build/nrf52832_xxaa/ble_srv_common.c.o
LOAD _build/nrf52832_xxaa/nrf_ble_gatt.c.o
LOAD _build/nrf52832_xxaa/gcc_startup_nrf52.S.o
LOAD _build/nrf52832_xxaa/system_nrf52.c.o
LOAD _build/nrf52832_xxaa/ble_lbs.c.o
LOAD _build/nrf52832_xxaa/nrf_sdh.c.o
LOAD _build/nrf52832_xxaa/nrf_sdh_ble.c.o
LOAD _build/nrf52832_xxaa/nrf_sdh_soc.c.o
LOAD /usr/local/gcc-arm/gcc-arm-none-eabi-7-2017-q4-major/bin/../lib/gcc/arm-none-eabi/7.2.1/../../../../arm-none-eabi/lib/thumb/v7e-m/fpv4-sp/hard/libc_nano.a
LOAD /usr/local/gcc-arm/gcc-arm-none-eabi-7-2017-q4-major/bin/../lib/gcc/arm-none-eabi/7.2.1/../../../../arm-none-eabi/lib/thumb/v7e-m/fpv4-sp/hard/libnosys.a
LOAD /usr/local/gcc-arm/gcc-arm-none-eabi-7-2017-q4-major/bin/../lib/gcc/arm-none-eabi/7.2.1/../../../../arm-none-eabi/lib/thumb/v7e-m/fpv4-sp/hard/libm.a
START GROUP
LOAD /usr/local/gcc-arm/gcc-arm-none-eabi-7-2017-q4-major/bin/../lib/gcc/arm-none-eabi/7.2.1/thumb/v7e-m/fpv4-sp/hard/libgcc.a
LOAD /usr/local/gcc-arm/gcc-arm-none-eabi-7-2017-q4-major/bin/../lib/gcc/arm-none-eabi/7.2.1/../../../../arm-none-eabi/lib/thumb/v7e-m/fpv4-sp/hard/libg_nano.a
LOAD /usr/local/gcc-arm/gcc-arm-none-eabi-7-2017-q4-major/bin/../lib/gcc/arm-none-eabi/7.2.1/../../../../arm-none-eabi/lib/thumb/v7e-m/fpv4-sp/hard/libc_nano.a
END GROUP
START GROUP
LOAD /usr/local/gcc-arm/gcc-arm-none-eabi-7-2017-q4-major/bin/../lib/gcc/arm-none-eabi/7.2.1/thumb/v7e-m/fpv4-sp/hard/libgcc.a
LOAD /usr/local/gcc-arm/gcc-arm-none-eabi-7-2017-q4-major/bin/../lib/gcc/arm-none-eabi/7.2.1/../../../../arm-none-eabi/lib/thumb/v7e-m/fpv4-sp/hard/libc_nano.a
END GROUP
LOAD /usr/local/gcc-arm/gcc-arm-none-eabi-7-2017-q4-major/bin/../lib/gcc/arm-none-eabi/7.2.1/thumb/v7e-m/fpv4-sp/hard/crtend.o
LOAD /usr/local/gcc-arm/gcc-arm-none-eabi-7-2017-q4-major/bin/../lib/gcc/arm-none-eabi/7.2.1/thumb/v7e-m/fpv4-sp/hard/crtn.o
START GROUP
LOAD /usr/local/gcc-arm/gcc-arm-none-eabi-7-2017-q4-major/bin/../lib/gcc/arm-none-eabi/7.2.1/thumb/v7e-m/fpv4-sp/hard/libgcc.a
LOAD /usr/local/gcc-arm/gcc-arm-none-eabi-7-2017-q4-major/bin/../lib/gcc/arm-none-eabi/7.2.1/../../../../arm-none-eabi/lib/thumb/v7e-m/fpv4-sp/hard/libc.a
LOAD /usr/local/gcc-arm/gcc-arm-none-eabi-7-2017-q4-major/bin/../lib/gcc/arm-none-eabi/7.2.1/../../../../arm-none-eabi/lib/thumb/v7e-m/fpv4-sp/hard/libnosys.a
END GROUP

.igot.plt       0x000000002000238c        0x0 load address 0x000000000002ac20
 .igot.plt      0x000000002000238c        0x0 /usr/local/gcc-arm/gcc-arm-none-eabi-7-2017-q4-major/bin/../lib/gcc/arm-none-eabi/7.2.1/thumb/v7e-m/fpv4-sp/hard/crtbegin.o
                0x000000002000238c                . = ALIGN (0x4)

.mem_section_dummy_ram

.log_dynamic_data
                0x000000002000238c       0x84 load address 0x000000000002ac20
                0x000000002000238c                PROVIDE (__start_log_dynamic_data, .)
 *(SORT_BY_NAME(.log_dynamic_data*))
 .log_dynamic_data_app
                0x000000002000238c        0xc _build/nrf52832_xxaa/nrf_log_frontend.c.o
                0x000000002000238c                m_nrf_log_app_logs_data_dynamic
 .log_dynamic_data_balloc
                0x0000000020002398        0xc _build/nrf52832_xxaa/nrf_balloc.c.o
                0x0000000020002398                m_nrf_log_balloc_logs_data_dynamic
 .log_dynamic_data_ble_gatt
                0x00000000200023a4        0xc _build/nrf52832_xxaa/nrf_ble_gatt.c.o
                0x00000000200023a4                m_nrf_log_ble_gatt_logs_data_dynamic
 .log_dynamic_data_clock
                0x00000000200023b0        0xc _build/nrf52832_xxaa/nrf_drv_clock.c.o
                0x00000000200023b0                m_nrf_log_clock_logs_data_dynamic
 .log_dynamic_data_gpiote
                0x00000000200023bc        0xc _build/nrf52832_xxaa/nrf_drv_gpiote.c.o
                0x00000000200023bc                m_nrf_log_gpiote_logs_data_dynamic
 .log_dynamic_data_nrf_sdh
                0x00000000200023c8        0xc _build/nrf52832_xxaa/nrf_sdh.c.o
                0x00000000200023c8                m_nrf_log_nrf_sdh_logs_data_dynamic
 .log_dynamic_data_nrf_sdh_ble
                0x00000000200023d4        0xc _build/nrf52832_xxaa/nrf_sdh_ble.c.o
                0x00000000200023d4                m_nrf_log_nrf_sdh_ble_logs_data_dynamic
 .log_dynamic_data_nrf_sdh_soc
                0x00000000200023e0        0xc _build/nrf52832_xxaa/nrf_sdh_soc.c.o
                0x00000000200023e0                m_nrf_log_nrf_sdh_soc_logs_data_dynamic
 .log_dynamic_data_pwr_mgmt
                0x00000000200023ec        0xc _build/nrf52832_xxaa/nrf_pwr_mgmt.c.o
                0x00000000200023ec                m_nrf_log_pwr_mgmt_logs_data_dynamic
 .log_dynamic_data_spi
                0x00000000200023f8        0xc _build/nrf52832_xxaa/nrf_drv_spi.c.o
                0x00000000200023f8                m_nrf_log_spi_logs_data_dynamic
 .log_dynamic_data_uart
                0x0000000020002404        0xc _build/nrf52832_xxaa/nrf_drv_uart.c.o
                0x0000000020002404                m_nrf_log_uart_logs_data_dynamic
                [!provide]                        PROVIDE (__stop_log_dynamic_data, .)

.cli_sorted_cmd_ptrs
                0x0000000020002410        0x0
                [!provide]                        PROVIDE (__start_cli_sorted_cmd_ptrs, .)
 *(.cli_sorted_cmd_ptrs)
                [!provide]                        PROVIDE (__stop_cli_sorted_cmd_ptrs, .)

.fs_data        0x0000000020002410        0x0
                [!provide]                        PROVIDE (__start_fs_data, .)
 *(.fs_data)
                [!provide]                        PROVIDE (__stop_fs_data, .)

.bss            0x0000000020002410      0x984 load address 0x000000000002aca4
                0x0000000020002410                . = ALIGN (0x4)
                0x0000000020002410                __bss_start__ = .
 *(.bss*)
 .bss           0x0000000020002410       0x1c /usr/local/gcc-arm/gcc-arm-none-eabi-7-2017-q4-major/bin/../lib/gcc/arm-none-eabi/7.2.1/thumb/v7e-m/fpv4-sp/hard/crtbegin.o
 .bss.m_async_mode
                0x000000002000242c        0x1 _build/nrf52832_xxaa/nrf_log_backend_uart.c.o
 *fill*         0x000000002000242d        0x3 
 .bss.m_string_buff
                0x0000000020002430       0x40 _build/nrf52832_xxaa/nrf_log_backend_uart.c.o
 .bss.m_xfer_done
                0x0000000020002470        0x1 _build/nrf52832_xxaa/nrf_log_backend_uart.c.o
 *fill*         0x0000000020002471        0x3 
 .bss.m_log_data
                0x0000000020002474      0x420 _build/nrf52832_xxaa/nrf_log_frontend.c.o
 .bss.mempool_nrf_balloc_cb
                0x0000000020002894        0x8 _build/nrf52832_xxaa/nrf_log_frontend.c.o
 .bss.mempool_nrf_balloc_pool_mem
                0x000000002000289c       0xc0 _build/nrf52832_xxaa/nrf_log_frontend.c.o
 .bss.mempool_nrf_balloc_pool_stack
                0x000000002000295c        0x8 _build/nrf52832_xxaa/nrf_log_frontend.c.o
 .bss.m_button_count
                0x0000000020002964        0x1 _build/nrf52832_xxaa/app_button.c.o
 *fill*         0x0000000020002965        0x3 
 .bss.m_detection_delay
                0x0000000020002968        0x4 _build/nrf52832_xxaa/app_button.c.o
 .bss.m_detection_delay_timer_id_data
                0x000000002000296c       0x20 _build/nrf52832_xxaa/app_button.c.o
 .bss.m_pin_state
                0x000000002000298c        0x4 _build/nrf52832_xxaa/app_button.c.o
 .bss.m_pin_transition
                0x0000000020002990        0x4 _build/nrf52832_xxaa/app_button.c.o
 .bss.mp_buttons
                0x0000000020002994        0x4 _build/nrf52832_xxaa/app_button.c.o
 .bss.m_queue_end_index
                0x0000000020002998        0x1 _build/nrf52832_xxaa/app_scheduler.c.o
 *fill*         0x0000000020002999        0x3 
 .bss.m_queue_event_data
                0x000000002000299c        0x4 _build/nrf52832_xxaa/app_scheduler.c.o
 .bss.m_queue_event_headers
                0x00000000200029a0        0x4 _build/nrf52832_xxaa/app_scheduler.c.o
 .bss.m_queue_event_size
                0x00000000200029a4        0x2 _build/nrf52832_xxaa/app_scheduler.c.o
 .bss.m_queue_size
                0x00000000200029a6        0x2 _build/nrf52832_xxaa/app_scheduler.c.o
 .bss.m_queue_start_index
                0x00000000200029a8        0x1 _build/nrf52832_xxaa/app_scheduler.c.o
 *fill*         0x00000000200029a9        0x3 
 .bss.m_op_queue
                0x00000000200029ac      0x10c _build/nrf52832_xxaa/app_timer.c.o
 .bss.m_rtc1_reset
                0x0000000020002ab8        0x1 _build/nrf52832_xxaa/app_timer.c.o
 .bss.m_rtc1_running
                0x0000000020002ab9        0x1 _build/nrf52832_xxaa/app_timer.c.o
 *fill*         0x0000000020002aba        0x2 
 .bss.m_ticks_elapsed
                0x0000000020002abc        0x8 _build/nrf52832_xxaa/app_timer.c.o
 .bss.m_ticks_elapsed_q_read_ind
                0x0000000020002ac4        0x1 _build/nrf52832_xxaa/app_timer.c.o
 .bss.m_ticks_elapsed_q_write_ind
                0x0000000020002ac5        0x1 _build/nrf52832_xxaa/app_timer.c.o
 *fill*         0x0000000020002ac6        0x2 
 .bss.m_ticks_latest
                0x0000000020002ac8        0x4 _build/nrf52832_xxaa/app_timer.c.o
 .bss.mp_timer_id_head
                0x0000000020002acc        0x4 _build/nrf52832_xxaa/app_timer.c.o
 .bss.m_clock_cb
                0x0000000020002ad0       0x14 _build/nrf52832_xxaa/nrf_drv_clock.c.o
 .bss.m_cb      0x0000000020002ae4       0x58 _build/nrf52832_xxaa/nrf_drv_gpiote.c.o
 .bss.m_cb      0x0000000020002b3c       0x48 _build/nrf52832_xxaa/nrf_drv_spi.c.o
 .bss.m_cb      0x0000000020002b84       0x20 _build/nrf52832_xxaa/nrf_drv_uart.c.o
 .bss.APP_SCHED_BUF.11754
                0x0000000020002ba4       0x9c _build/nrf52832_xxaa/main.c.o
 .bss.m_gatt    0x0000000020002c40       0x14 _build/nrf52832_xxaa/main.c.o
 .bss.m_lbs     0x0000000020002c54       0x18 _build/nrf52832_xxaa/main.c.o
 .bss.rx_data   0x0000000020002c6c        0x1 _build/nrf52832_xxaa/main.c.o
 .bss.st7586_spi_xfer_done
                0x0000000020002c6d        0x1 _build/nrf52832_xxaa/main.c.o
 *fill*         0x0000000020002c6e        0x2 
 .bss.m_conn_params_config
                0x0000000020002c70       0x1c _build/nrf52832_xxaa/ble_conn_params.c.o
 .bss.m_conn_params_instances
                0x0000000020002c8c       0x14 _build/nrf52832_xxaa/ble_conn_params.c.o
 .bss.m_preferred_conn_params
                0x0000000020002ca0        0x8 _build/nrf52832_xxaa/ble_conn_params.c.o
 .bss.m_timer_data
                0x0000000020002ca8       0x20 _build/nrf52832_xxaa/ble_conn_params.c.o
 .bss.m_bcs     0x0000000020002cc8       0xb8 _build/nrf52832_xxaa/ble_conn_state.c.o
 .bss.m_nrf_sdh_continue
                0x0000000020002d80        0x1 _build/nrf52832_xxaa/nrf_sdh.c.o
 .bss.m_nrf_sdh_enabled
                0x0000000020002d81        0x1 _build/nrf52832_xxaa/nrf_sdh.c.o
 .bss.m_nrf_sdh_suspended
                0x0000000020002d82        0x1 _build/nrf52832_xxaa/nrf_sdh.c.o
 *(COMMON)
 *fill*         0x0000000020002d83        0x1 
 COMMON         0x0000000020002d84        0xc _build/nrf52832_xxaa/app_util_platform.c.o
                0x0000000020002d84                nrf_nvic_state
 COMMON         0x0000000020002d90        0x4 _build/nrf52832_xxaa/main.c.o
                0x0000000020002d90                p
                0x0000000020002d94                . = ALIGN (0x4)
                0x0000000020002d94                __bss_end__ = .

.heap           0x0000000020002d98     0x2000
                0x0000000020002d98                __HeapBase = .
                0x0000000020002d98                __end__ = .
                [!provide]                        PROVIDE (end, .)
 *(.heap*)
 .heap          0x0000000020002d98     0x2000 _build/nrf52832_xxaa/gcc_startup_nrf52.S.o
                0x0000000020004d98                __HeapLimit = .

.stack_dummy    0x0000000020002d98     0x2000
 *(.stack*)
 .stack         0x0000000020002d98     0x2000 _build/nrf52832_xxaa/gcc_startup_nrf52.S.o
                0x0000000020010000                __StackTop = (ORIGIN (RAM) + LENGTH (RAM))
                0x000000002000e000                __StackLimit = (__StackTop - SIZEOF (.stack_dummy))
                0x0000000020010000                PROVIDE (__stack, __StackTop)
                0x0000000000000001                ASSERT ((__StackLimit >= __HeapLimit), region RAM overflowed with stack)
                0x0000000000000290                DataInitFlashUsed = (__bss_start__ - __data_start__)
                0x0000000000007a14                CodeFlashUsed = (__etext - ORIGIN (FLASH))
                0x0000000000007ca4                TotalFlashUsed = (CodeFlashUsed + DataInitFlashUsed)
                0x0000000000000001                ASSERT ((TotalFlashUsed <= LENGTH (FLASH)), region FLASH overflowed with .data and user data)
OUTPUT(_build/nrf52832_xxaa.out elf32-littlearm)

.ARM.attributes
                0x0000000000000000       0x30
 .ARM.attributes
                0x0000000000000000       0x22 /usr/local/gcc-arm/gcc-arm-none-eabi-7-2017-q4-major/bin/../lib/gcc/arm-none-eabi/7.2.1/thumb/v7e-m/fpv4-sp/hard/crti.o
 .ARM.attributes
                0x0000000000000022       0x34 /usr/local/gcc-arm/gcc-arm-none-eabi-7-2017-q4-major/bin/../lib/gcc/arm-none-eabi/7.2.1/thumb/v7e-m/fpv4-sp/hard/crtbegin.o
 .ARM.attributes
                0x0000000000000056       0x20 /usr/local/gcc-arm/gcc-arm-none-eabi-7-2017-q4-major/bin/../lib/gcc/arm-none-eabi/7.2.1/../../../../arm-none-eabi/lib/thumb/v7e-m/fpv4-sp/hard/crt0.o
 .ARM.attributes
                0x0000000000000076       0x39 _build/nrf52832_xxaa/nrf_log_backend_serial.c.o
 .ARM.attributes
                0x00000000000000af       0x39 _build/nrf52832_xxaa/nrf_log_backend_uart.c.o
 .ARM.attributes
                0x00000000000000e8       0x39 _build/nrf52832_xxaa/nrf_log_default_backends.c.o
 .ARM.attributes
                0x0000000000000121       0x39 _build/nrf52832_xxaa/nrf_log_frontend.c.o
 .ARM.attributes
                0x000000000000015a       0x39 _build/nrf52832_xxaa/nrf_log_str_formatter.c.o
 .ARM.attributes
                0x0000000000000193       0x39 _build/nrf52832_xxaa/boards.c.o
 .ARM.attributes
                0x00000000000001cc       0x39 _build/nrf52832_xxaa/app_button.c.o
 .ARM.attributes
                0x0000000000000205       0x39 _build/nrf52832_xxaa/app_error.c.o
 .ARM.attributes
                0x000000000000023e       0x39 _build/nrf52832_xxaa/app_error_weak.c.o
 .ARM.attributes
                0x0000000000000277       0x39 _build/nrf52832_xxaa/app_scheduler.c.o
 .ARM.attributes
                0x00000000000002b0       0x39 _build/nrf52832_xxaa/app_timer.c.o
 .ARM.attributes
                0x00000000000002e9       0x39 _build/nrf52832_xxaa/app_util_platform.c.o
 .ARM.attributes
                0x0000000000000322       0x39 _build/nrf52832_xxaa/nrf_balloc.c.o
 .ARM.attributes
                0x000000000000035b       0x39 _build/nrf52832_xxaa/nrf_fprintf.c.o
 .ARM.attributes
                0x0000000000000394       0x39 _build/nrf52832_xxaa/nrf_fprintf_format.c.o
 .ARM.attributes
                0x00000000000003cd       0x39 _build/nrf52832_xxaa/nrf_memobj.c.o
 .ARM.attributes
                0x0000000000000406       0x39 _build/nrf52832_xxaa/nrf_pwr_mgmt.c.o
 .ARM.attributes
                0x000000000000043f       0x39 _build/nrf52832_xxaa/nrf_section_iter.c.o
 .ARM.attributes
                0x0000000000000478       0x39 _build/nrf52832_xxaa/nrf_strerror.c.o
 .ARM.attributes
                0x00000000000004b1       0x39 _build/nrf52832_xxaa/sdk_mapped_flags.c.o
 .ARM.attributes
                0x00000000000004ea       0x39 _build/nrf52832_xxaa/nrf_drv_clock.c.o
 .ARM.attributes
                0x0000000000000523       0x39 _build/nrf52832_xxaa/nrf_drv_common.c.o
 .ARM.attributes
                0x000000000000055c       0x39 _build/nrf52832_xxaa/nrf_drv_gpiote.c.o
 .ARM.attributes
                0x0000000000000595       0x39 _build/nrf52832_xxaa/nrf_drv_spi.c.o
 .ARM.attributes
                0x00000000000005ce       0x39 _build/nrf52832_xxaa/nrf_drv_uart.c.o
 .ARM.attributes
                0x0000000000000607       0x39 _build/nrf52832_xxaa/main.c.o
 .ARM.attributes
                0x0000000000000640       0x39 _build/nrf52832_xxaa/ble_advdata.c.o
 .ARM.attributes
                0x0000000000000679       0x39 _build/nrf52832_xxaa/ble_conn_params.c.o
 .ARM.attributes
                0x00000000000006b2       0x39 _build/nrf52832_xxaa/ble_conn_state.c.o
 .ARM.attributes
                0x00000000000006eb       0x39 _build/nrf52832_xxaa/ble_srv_common.c.o
 .ARM.attributes
                0x0000000000000724       0x39 _build/nrf52832_xxaa/nrf_ble_gatt.c.o
 .ARM.attributes
                0x000000000000075d       0x20 _build/nrf52832_xxaa/gcc_startup_nrf52.S.o
 .ARM.attributes
                0x000000000000077d       0x39 _build/nrf52832_xxaa/system_nrf52.c.o
 .ARM.attributes
                0x00000000000007b6       0x39 _build/nrf52832_xxaa/ble_lbs.c.o
 .ARM.attributes
                0x00000000000007ef       0x39 _build/nrf52832_xxaa/nrf_sdh.c.o
 .ARM.attributes
                0x0000000000000828       0x39 _build/nrf52832_xxaa/nrf_sdh_ble.c.o
 .ARM.attributes
                0x0000000000000861       0x39 _build/nrf52832_xxaa/nrf_sdh_soc.c.o
 .ARM.attributes
                0x000000000000089a       0x34 /usr/local/gcc-arm/gcc-arm-none-eabi-7-2017-q4-major/bin/../lib/gcc/arm-none-eabi/7.2.1/../../../../arm-none-eabi/lib/thumb/v7e-m/fpv4-sp/hard/libc_nano.a(lib_a-exit.o)
 .ARM.attributes
                0x00000000000008ce       0x34 /usr/local/gcc-arm/gcc-arm-none-eabi-7-2017-q4-major/bin/../lib/gcc/arm-none-eabi/7.2.1/../../../../arm-none-eabi/lib/thumb/v7e-m/fpv4-sp/hard/libc_nano.a(lib_a-impure.o)
 .ARM.attributes
                0x0000000000000902       0x34 /usr/local/gcc-arm/gcc-arm-none-eabi-7-2017-q4-major/bin/../lib/gcc/arm-none-eabi/7.2.1/../../../../arm-none-eabi/lib/thumb/v7e-m/fpv4-sp/hard/libc_nano.a(lib_a-init.o)
 .ARM.attributes
                0x0000000000000936       0x34 /usr/local/gcc-arm/gcc-arm-none-eabi-7-2017-q4-major/bin/../lib/gcc/arm-none-eabi/7.2.1/../../../../arm-none-eabi/lib/thumb/v7e-m/fpv4-sp/hard/libc_nano.a(lib_a-locale.o)
 .ARM.attributes
                0x000000000000096a       0x34 /usr/local/gcc-arm/gcc-arm-none-eabi-7-2017-q4-major/bin/../lib/gcc/arm-none-eabi/7.2.1/../../../../arm-none-eabi/lib/thumb/v7e-m/fpv4-sp/hard/libc_nano.a(lib_a-mbtowc_r.o)
 .ARM.attributes
                0x000000000000099e       0x34 /usr/local/gcc-arm/gcc-arm-none-eabi-7-2017-q4-major/bin/../lib/gcc/arm-none-eabi/7.2.1/../../../../arm-none-eabi/lib/thumb/v7e-m/fpv4-sp/hard/libc_nano.a(lib_a-memcpy-stub.o)
 .ARM.attributes
                0x00000000000009d2       0x34 /usr/local/gcc-arm/gcc-arm-none-eabi-7-2017-q4-major/bin/../lib/gcc/arm-none-eabi/7.2.1/../../../../arm-none-eabi/lib/thumb/v7e-m/fpv4-sp/hard/libc_nano.a(lib_a-memset.o)
 .ARM.attributes
                0x0000000000000a06       0x1b /usr/local/gcc-arm/gcc-arm-none-eabi-7-2017-q4-major/bin/../lib/gcc/arm-none-eabi/7.2.1/../../../../arm-none-eabi/lib/thumb/v7e-m/fpv4-sp/hard/libc_nano.a(lib_a-strlen.o)
 .ARM.attributes
                0x0000000000000a21       0x34 /usr/local/gcc-arm/gcc-arm-none-eabi-7-2017-q4-major/bin/../lib/gcc/arm-none-eabi/7.2.1/../../../../arm-none-eabi/lib/thumb/v7e-m/fpv4-sp/hard/libc_nano.a(lib_a-wctomb_r.o)
 .ARM.attributes
                0x0000000000000a55       0x34 /usr/local/gcc-arm/gcc-arm-none-eabi-7-2017-q4-major/bin/../lib/gcc/arm-none-eabi/7.2.1/../../../../arm-none-eabi/lib/thumb/v7e-m/fpv4-sp/hard/libc_nano.a(lib_a-ctype_.o)
 .ARM.attributes
                0x0000000000000a89       0x34 /usr/local/gcc-arm/gcc-arm-none-eabi-7-2017-q4-major/bin/../lib/gcc/arm-none-eabi/7.2.1/../../../../arm-none-eabi/lib/thumb/v7e-m/fpv4-sp/hard/libnosys.a(_exit.o)
 .ARM.attributes
                0x0000000000000abd       0x34 /usr/local/gcc-arm/gcc-arm-none-eabi-7-2017-q4-major/bin/../lib/gcc/arm-none-eabi/7.2.1/thumb/v7e-m/fpv4-sp/hard/crtend.o
 .ARM.attributes
                0x0000000000000af1       0x22 /usr/local/gcc-arm/gcc-arm-none-eabi-7-2017-q4-major/bin/../lib/gcc/arm-none-eabi/7.2.1/thumb/v7e-m/fpv4-sp/hard/crtn.o

.comment        0x0000000000000000       0x7e
 .comment       0x0000000000000000       0x7e _build/nrf52832_xxaa/nrf_log_backend_serial.c.o
                                         0x7f (size before relaxing)
 .comment       0x000000000000007e       0x7f _build/nrf52832_xxaa/nrf_log_backend_uart.c.o
 .comment       0x000000000000007e       0x7f _build/nrf52832_xxaa/nrf_log_default_backends.c.o
 .comment       0x000000000000007e       0x7f _build/nrf52832_xxaa/nrf_log_frontend.c.o
 .comment       0x000000000000007e       0x7f _build/nrf52832_xxaa/nrf_log_str_formatter.c.o
 .comment       0x000000000000007e       0x7f _build/nrf52832_xxaa/boards.c.o
 .comment       0x000000000000007e       0x7f _build/nrf52832_xxaa/app_button.c.o
 .comment       0x000000000000007e       0x7f _build/nrf52832_xxaa/app_error.c.o
 .comment       0x000000000000007e       0x7f _build/nrf52832_xxaa/app_error_weak.c.o
 .comment       0x000000000000007e       0x7f _build/nrf52832_xxaa/app_scheduler.c.o
 .comment       0x000000000000007e       0x7f _build/nrf52832_xxaa/app_timer.c.o
 .comment       0x000000000000007e       0x7f _build/nrf52832_xxaa/app_util_platform.c.o
 .comment       0x000000000000007e       0x7f _build/nrf52832_xxaa/nrf_balloc.c.o
 .comment       0x000000000000007e       0x7f _build/nrf52832_xxaa/nrf_fprintf.c.o
 .comment       0x000000000000007e       0x7f _build/nrf52832_xxaa/nrf_fprintf_format.c.o
 .comment       0x000000000000007e       0x7f _build/nrf52832_xxaa/nrf_memobj.c.o
 .comment       0x000000000000007e       0x7f _build/nrf52832_xxaa/nrf_pwr_mgmt.c.o
 .comment       0x000000000000007e       0x7f _build/nrf52832_xxaa/nrf_section_iter.c.o
 .comment       0x000000000000007e       0x7f _build/nrf52832_xxaa/nrf_strerror.c.o
 .comment       0x000000000000007e       0x7f _build/nrf52832_xxaa/sdk_mapped_flags.c.o
 .comment       0x000000000000007e       0x7f _build/nrf52832_xxaa/nrf_drv_clock.c.o
 .comment       0x000000000000007e       0x7f _build/nrf52832_xxaa/nrf_drv_common.c.o
 .comment       0x000000000000007e       0x7f _build/nrf52832_xxaa/nrf_drv_gpiote.c.o
 .comment       0x000000000000007e       0x7f _build/nrf52832_xxaa/nrf_drv_spi.c.o
 .comment       0x000000000000007e       0x7f _build/nrf52832_xxaa/nrf_drv_uart.c.o
 .comment       0x000000000000007e       0x7f _build/nrf52832_xxaa/main.c.o
 .comment       0x000000000000007e       0x7f _build/nrf52832_xxaa/ble_advdata.c.o
 .comment       0x000000000000007e       0x7f _build/nrf52832_xxaa/ble_conn_params.c.o
 .comment       0x000000000000007e       0x7f _build/nrf52832_xxaa/ble_conn_state.c.o
 .comment       0x000000000000007e       0x7f _build/nrf52832_xxaa/ble_srv_common.c.o
 .comment       0x000000000000007e       0x7f _build/nrf52832_xxaa/nrf_ble_gatt.c.o
 .comment       0x000000000000007e       0x7f _build/nrf52832_xxaa/system_nrf52.c.o
 .comment       0x000000000000007e       0x7f _build/nrf52832_xxaa/ble_lbs.c.o
 .comment       0x000000000000007e       0x7f _build/nrf52832_xxaa/nrf_sdh.c.o
 .comment       0x000000000000007e       0x7f _build/nrf52832_xxaa/nrf_sdh_ble.c.o
 .comment       0x000000000000007e       0x7f _build/nrf52832_xxaa/nrf_sdh_soc.c.o

.debug_info     0x0000000000000000    0x44011
 .debug_info    0x0000000000000000     0x1057 _build/nrf52832_xxaa/nrf_log_backend_serial.c.o
 .debug_info    0x0000000000001057     0x17ad _build/nrf52832_xxaa/nrf_log_backend_uart.c.o
 .debug_info    0x0000000000002804      0xba1 _build/nrf52832_xxaa/nrf_log_default_backends.c.o
 .debug_info    0x00000000000033a5     0x3cb8 _build/nrf52832_xxaa/nrf_log_frontend.c.o
 .debug_info    0x000000000000705d     0x106c _build/nrf52832_xxaa/nrf_log_str_formatter.c.o
 .debug_info    0x00000000000080c9     0x1405 _build/nrf52832_xxaa/boards.c.o
 .debug_info    0x00000000000094ce      0xe40 _build/nrf52832_xxaa/app_button.c.o
 .debug_info    0x000000000000a30e      0xb58 _build/nrf52832_xxaa/app_error.c.o
 .debug_info    0x000000000000ae66      0xcb6 _build/nrf52832_xxaa/app_error_weak.c.o
 .debug_info    0x000000000000bb1c      0xd38 _build/nrf52832_xxaa/app_scheduler.c.o
 .debug_info    0x000000000000c854     0x2371 _build/nrf52832_xxaa/app_timer.c.o
 .debug_info    0x000000000000ebc5     0x1199 _build/nrf52832_xxaa/app_util_platform.c.o
 .debug_info    0x000000000000fd5e      0xcce _build/nrf52832_xxaa/nrf_balloc.c.o
 .debug_info    0x0000000000010a2c      0xa92 _build/nrf52832_xxaa/nrf_fprintf.c.o
 .debug_info    0x00000000000114be     0x11df _build/nrf52832_xxaa/nrf_fprintf_format.c.o
 .debug_info    0x000000000001269d     0x1279 _build/nrf52832_xxaa/nrf_memobj.c.o
 .debug_info    0x0000000000013916     0x1ae7 _build/nrf52832_xxaa/nrf_pwr_mgmt.c.o
 .debug_info    0x00000000000153fd      0xa0b _build/nrf52832_xxaa/nrf_section_iter.c.o
 .debug_info    0x0000000000015e08      0xa8c _build/nrf52832_xxaa/nrf_strerror.c.o
 .debug_info    0x0000000000016894      0x623 _build/nrf52832_xxaa/sdk_mapped_flags.c.o
 .debug_info    0x0000000000016eb7     0x21bc _build/nrf52832_xxaa/nrf_drv_clock.c.o
 .debug_info    0x0000000000019073      0xece _build/nrf52832_xxaa/nrf_drv_common.c.o
 .debug_info    0x0000000000019f41     0x30b9 _build/nrf52832_xxaa/nrf_drv_gpiote.c.o
 .debug_info    0x000000000001cffa     0x2d9b _build/nrf52832_xxaa/nrf_drv_spi.c.o
 .debug_info    0x000000000001fd95     0x4c66 _build/nrf52832_xxaa/nrf_drv_uart.c.o
 .debug_info    0x00000000000249fb     0xa3ab _build/nrf52832_xxaa/main.c.o
 .debug_info    0x000000000002eda6     0x239e _build/nrf52832_xxaa/ble_advdata.c.o
 .debug_info    0x0000000000031144     0x2e4a _build/nrf52832_xxaa/ble_conn_params.c.o
 .debug_info    0x0000000000033f8e     0x29b0 _build/nrf52832_xxaa/ble_conn_state.c.o
 .debug_info    0x000000000003693e     0x150a _build/nrf52832_xxaa/ble_srv_common.c.o
 .debug_info    0x0000000000037e48     0x2cad _build/nrf52832_xxaa/nrf_ble_gatt.c.o
 .debug_info    0x000000000003aaf5       0x26 _build/nrf52832_xxaa/gcc_startup_nrf52.S.o
 .debug_info    0x000000000003ab1b     0x10fe _build/nrf52832_xxaa/system_nrf52.c.o
 .debug_info    0x000000000003bc19     0x2841 _build/nrf52832_xxaa/ble_lbs.c.o
 .debug_info    0x000000000003e45a     0x2028 _build/nrf52832_xxaa/nrf_sdh.c.o
 .debug_info    0x0000000000040482     0x2dbd _build/nrf52832_xxaa/nrf_sdh_ble.c.o
 .debug_info    0x000000000004323f      0xdd2 _build/nrf52832_xxaa/nrf_sdh_soc.c.o

.debug_abbrev   0x0000000000000000     0x800c
 .debug_abbrev  0x0000000000000000      0x27f _build/nrf52832_xxaa/nrf_log_backend_serial.c.o
 .debug_abbrev  0x000000000000027f      0x353 _build/nrf52832_xxaa/nrf_log_backend_uart.c.o
 .debug_abbrev  0x00000000000005d2      0x256 _build/nrf52832_xxaa/nrf_log_default_backends.c.o
 .debug_abbrev  0x0000000000000828      0x560 _build/nrf52832_xxaa/nrf_log_frontend.c.o
 .debug_abbrev  0x0000000000000d88      0x29d _build/nrf52832_xxaa/nrf_log_str_formatter.c.o
 .debug_abbrev  0x0000000000001025      0x384 _build/nrf52832_xxaa/boards.c.o
 .debug_abbrev  0x00000000000013a9      0x2b5 _build/nrf52832_xxaa/app_button.c.o
 .debug_abbrev  0x000000000000165e      0x235 _build/nrf52832_xxaa/app_error.c.o
 .debug_abbrev  0x0000000000001893      0x260 _build/nrf52832_xxaa/app_error_weak.c.o
 .debug_abbrev  0x0000000000001af3      0x345 _build/nrf52832_xxaa/app_scheduler.c.o
 .debug_abbrev  0x0000000000001e38      0x479 _build/nrf52832_xxaa/app_timer.c.o
 .debug_abbrev  0x00000000000022b1      0x381 _build/nrf52832_xxaa/app_util_platform.c.o
 .debug_abbrev  0x0000000000002632      0x2f9 _build/nrf52832_xxaa/nrf_balloc.c.o
 .debug_abbrev  0x000000000000292b      0x239 _build/nrf52832_xxaa/nrf_fprintf.c.o
 .debug_abbrev  0x0000000000002b64      0x352 _build/nrf52832_xxaa/nrf_fprintf_format.c.o
 .debug_abbrev  0x0000000000002eb6      0x397 _build/nrf52832_xxaa/nrf_memobj.c.o
 .debug_abbrev  0x000000000000324d      0x475 _build/nrf52832_xxaa/nrf_pwr_mgmt.c.o
 .debug_abbrev  0x00000000000036c2      0x1da _build/nrf52832_xxaa/nrf_section_iter.c.o
 .debug_abbrev  0x000000000000389c      0x248 _build/nrf52832_xxaa/nrf_strerror.c.o
 .debug_abbrev  0x0000000000003ae4      0x237 _build/nrf52832_xxaa/sdk_mapped_flags.c.o
 .debug_abbrev  0x0000000000003d1b      0x58d _build/nrf52832_xxaa/nrf_drv_clock.c.o
 .debug_abbrev  0x00000000000042a8      0x287 _build/nrf52832_xxaa/nrf_drv_common.c.o
 .debug_abbrev  0x000000000000452f      0x529 _build/nrf52832_xxaa/nrf_drv_gpiote.c.o
 .debug_abbrev  0x0000000000004a58      0x4b1 _build/nrf52832_xxaa/nrf_drv_spi.c.o
 .debug_abbrev  0x0000000000004f09      0x47b _build/nrf52832_xxaa/nrf_drv_uart.c.o
 .debug_abbrev  0x0000000000005384      0x67c _build/nrf52832_xxaa/main.c.o
 .debug_abbrev  0x0000000000005a00      0x3f1 _build/nrf52832_xxaa/ble_advdata.c.o
 .debug_abbrev  0x0000000000005df1      0x4fb _build/nrf52832_xxaa/ble_conn_params.c.o
 .debug_abbrev  0x00000000000062ec      0x447 _build/nrf52832_xxaa/ble_conn_state.c.o
 .debug_abbrev  0x0000000000006733      0x34f _build/nrf52832_xxaa/ble_srv_common.c.o
 .debug_abbrev  0x0000000000006a82      0x433 _build/nrf52832_xxaa/nrf_ble_gatt.c.o
 .debug_abbrev  0x0000000000006eb5       0x14 _build/nrf52832_xxaa/gcc_startup_nrf52.S.o
 .debug_abbrev  0x0000000000006ec9      0x1e2 _build/nrf52832_xxaa/system_nrf52.c.o
 .debug_abbrev  0x00000000000070ab      0x38d _build/nrf52832_xxaa/ble_lbs.c.o
 .debug_abbrev  0x0000000000007438      0x508 _build/nrf52832_xxaa/nrf_sdh.c.o
 .debug_abbrev  0x0000000000007940      0x40a _build/nrf52832_xxaa/nrf_sdh_ble.c.o
 .debug_abbrev  0x0000000000007d4a      0x2c2 _build/nrf52832_xxaa/nrf_sdh_soc.c.o

.debug_loc      0x0000000000000000    0x15309
 .debug_loc     0x0000000000000000      0x160 _build/nrf52832_xxaa/nrf_log_backend_serial.c.o
 .debug_loc     0x0000000000000160      0x153 _build/nrf52832_xxaa/nrf_log_backend_uart.c.o
 .debug_loc     0x00000000000002b3       0x15 _build/nrf52832_xxaa/nrf_log_default_backends.c.o
 .debug_loc     0x00000000000002c8     0x31dc _build/nrf52832_xxaa/nrf_log_frontend.c.o
 .debug_loc     0x00000000000034a4      0x544 _build/nrf52832_xxaa/nrf_log_str_formatter.c.o
 .debug_loc     0x00000000000039e8      0x845 _build/nrf52832_xxaa/boards.c.o
 .debug_loc     0x000000000000422d      0x3c1 _build/nrf52832_xxaa/app_button.c.o
 .debug_loc     0x00000000000045ee      0x145 _build/nrf52832_xxaa/app_error.c.o
 .debug_loc     0x0000000000004733       0x63 _build/nrf52832_xxaa/app_error_weak.c.o
 .debug_loc     0x0000000000004796      0x25a _build/nrf52832_xxaa/app_scheduler.c.o
 .debug_loc     0x00000000000049f0      0xdd8 _build/nrf52832_xxaa/app_timer.c.o
 .debug_loc     0x00000000000057c8      0x112 _build/nrf52832_xxaa/app_util_platform.c.o
 .debug_loc     0x00000000000058da      0x169 _build/nrf52832_xxaa/nrf_balloc.c.o
 .debug_loc     0x0000000000005a43       0x4a _build/nrf52832_xxaa/nrf_fprintf.c.o
 .debug_loc     0x0000000000005a8d      0xf00 _build/nrf52832_xxaa/nrf_fprintf_format.c.o
 .debug_loc     0x000000000000698d      0xa3b _build/nrf52832_xxaa/nrf_memobj.c.o
 .debug_loc     0x00000000000073c8       0xf4 _build/nrf52832_xxaa/nrf_pwr_mgmt.c.o
 .debug_loc     0x00000000000074bc      0x2db _build/nrf52832_xxaa/nrf_strerror.c.o
 .debug_loc     0x0000000000007797      0x512 _build/nrf52832_xxaa/sdk_mapped_flags.c.o
 .debug_loc     0x0000000000007ca9      0x5d0 _build/nrf52832_xxaa/nrf_drv_clock.c.o
 .debug_loc     0x0000000000008279       0xd7 _build/nrf52832_xxaa/nrf_drv_common.c.o
 .debug_loc     0x0000000000008350     0x24aa _build/nrf52832_xxaa/nrf_drv_gpiote.c.o
 .debug_loc     0x000000000000a7fa     0x1151 _build/nrf52832_xxaa/nrf_drv_spi.c.o
 .debug_loc     0x000000000000b94b     0x2889 _build/nrf52832_xxaa/nrf_drv_uart.c.o
 .debug_loc     0x000000000000e1d4     0x2b6c _build/nrf52832_xxaa/main.c.o
 .debug_loc     0x0000000000010d40     0x1ad5 _build/nrf52832_xxaa/ble_advdata.c.o
 .debug_loc     0x0000000000012815      0xb45 _build/nrf52832_xxaa/ble_conn_params.c.o
 .debug_loc     0x000000000001335a      0x4ab _build/nrf52832_xxaa/ble_conn_state.c.o
 .debug_loc     0x0000000000013805      0x545 _build/nrf52832_xxaa/ble_srv_common.c.o
 .debug_loc     0x0000000000013d4a      0xb45 _build/nrf52832_xxaa/nrf_ble_gatt.c.o
 .debug_loc     0x000000000001488f      0x2dc _build/nrf52832_xxaa/ble_lbs.c.o
 .debug_loc     0x0000000000014b6b      0x47d _build/nrf52832_xxaa/nrf_sdh.c.o
 .debug_loc     0x0000000000014fe8      0x2ad _build/nrf52832_xxaa/nrf_sdh_ble.c.o
 .debug_loc     0x0000000000015295       0x74 _build/nrf52832_xxaa/nrf_sdh_soc.c.o

.debug_aranges  0x0000000000000000      0xc78
 .debug_aranges
                0x0000000000000000       0x20 _build/nrf52832_xxaa/nrf_log_backend_serial.c.o
 .debug_aranges
                0x0000000000000020       0x48 _build/nrf52832_xxaa/nrf_log_backend_uart.c.o
 .debug_aranges
                0x0000000000000068       0x20 _build/nrf52832_xxaa/nrf_log_default_backends.c.o
 .debug_aranges
                0x0000000000000088       0xc0 _build/nrf52832_xxaa/nrf_log_frontend.c.o
 .debug_aranges
                0x0000000000000148       0x28 _build/nrf52832_xxaa/nrf_log_str_formatter.c.o
 .debug_aranges
                0x0000000000000170       0x80 _build/nrf52832_xxaa/boards.c.o
 .debug_aranges
                0x00000000000001f0       0x48 _build/nrf52832_xxaa/app_button.c.o
 .debug_aranges
                0x0000000000000238       0x30 _build/nrf52832_xxaa/app_error.c.o
 .debug_aranges
                0x0000000000000268       0x20 _build/nrf52832_xxaa/app_error_weak.c.o
 .debug_aranges
                0x0000000000000288       0x38 _build/nrf52832_xxaa/app_scheduler.c.o
 .debug_aranges
                0x00000000000002c0       0x70 _build/nrf52832_xxaa/app_timer.c.o
 .debug_aranges
                0x0000000000000330       0x48 _build/nrf52832_xxaa/app_util_platform.c.o
 .debug_aranges
                0x0000000000000378       0x30 _build/nrf52832_xxaa/nrf_balloc.c.o
 .debug_aranges
                0x00000000000003a8       0x28 _build/nrf52832_xxaa/nrf_fprintf.c.o
 .debug_aranges
                0x00000000000003d0       0x28 _build/nrf52832_xxaa/nrf_fprintf_format.c.o
 .debug_aranges
                0x00000000000003f8       0x50 _build/nrf52832_xxaa/nrf_memobj.c.o
 .debug_aranges
                0x0000000000000448       0x48 _build/nrf52832_xxaa/nrf_pwr_mgmt.c.o
 .debug_aranges
                0x0000000000000490       0x28 _build/nrf52832_xxaa/nrf_section_iter.c.o
 .debug_aranges
                0x00000000000004b8       0x28 _build/nrf52832_xxaa/nrf_strerror.c.o
 .debug_aranges
                0x00000000000004e0       0x50 _build/nrf52832_xxaa/sdk_mapped_flags.c.o
 .debug_aranges
                0x0000000000000530       0xa8 _build/nrf52832_xxaa/nrf_drv_clock.c.o
 .debug_aranges
                0x00000000000005d8       0x28 _build/nrf52832_xxaa/nrf_drv_common.c.o
 .debug_aranges
                0x0000000000000600       0xd8 _build/nrf52832_xxaa/nrf_drv_gpiote.c.o
 .debug_aranges
                0x00000000000006d8       0x60 _build/nrf52832_xxaa/nrf_drv_spi.c.o
 .debug_aranges
                0x0000000000000738       0x78 _build/nrf52832_xxaa/nrf_drv_uart.c.o
 .debug_aranges
                0x00000000000007b0      0x128 _build/nrf52832_xxaa/main.c.o
 .debug_aranges
                0x00000000000008d8       0x58 _build/nrf52832_xxaa/ble_advdata.c.o
 .debug_aranges
                0x0000000000000930       0x60 _build/nrf52832_xxaa/ble_conn_params.c.o
 .debug_aranges
                0x0000000000000990       0xa8 _build/nrf52832_xxaa/ble_conn_state.c.o
 .debug_aranges
                0x0000000000000a38       0x58 _build/nrf52832_xxaa/ble_srv_common.c.o
 .debug_aranges
                0x0000000000000a90       0x68 _build/nrf52832_xxaa/nrf_ble_gatt.c.o
 .debug_aranges
                0x0000000000000af8       0x20 _build/nrf52832_xxaa/gcc_startup_nrf52.S.o
 .debug_aranges
                0x0000000000000b18       0x28 _build/nrf52832_xxaa/system_nrf52.c.o
 .debug_aranges
                0x0000000000000b40       0x50 _build/nrf52832_xxaa/ble_lbs.c.o
 .debug_aranges
                0x0000000000000b90       0x70 _build/nrf52832_xxaa/nrf_sdh.c.o
 .debug_aranges
                0x0000000000000c00       0x50 _build/nrf52832_xxaa/nrf_sdh_ble.c.o
 .debug_aranges
                0x0000000000000c50       0x28 _build/nrf52832_xxaa/nrf_sdh_soc.c.o

.debug_ranges   0x0000000000000000     0x4898
 .debug_ranges  0x0000000000000000       0x28 _build/nrf52832_xxaa/nrf_log_backend_serial.c.o
 .debug_ranges  0x0000000000000028       0x80 _build/nrf52832_xxaa/nrf_log_backend_uart.c.o
 .debug_ranges  0x00000000000000a8       0x10 _build/nrf52832_xxaa/nrf_log_default_backends.c.o
 .debug_ranges  0x00000000000000b8      0x8d8 _build/nrf52832_xxaa/nrf_log_frontend.c.o
 .debug_ranges  0x0000000000000990       0xe8 _build/nrf52832_xxaa/nrf_log_str_formatter.c.o
 .debug_ranges  0x0000000000000a78      0x178 _build/nrf52832_xxaa/boards.c.o
 .debug_ranges  0x0000000000000bf0       0x98 _build/nrf52832_xxaa/app_button.c.o
 .debug_ranges  0x0000000000000c88       0x20 _build/nrf52832_xxaa/app_error.c.o
 .debug_ranges  0x0000000000000ca8       0x10 _build/nrf52832_xxaa/app_error_weak.c.o
 .debug_ranges  0x0000000000000cb8       0xe0 _build/nrf52832_xxaa/app_scheduler.c.o
 .debug_ranges  0x0000000000000d98      0x570 _build/nrf52832_xxaa/app_timer.c.o
 .debug_ranges  0x0000000000001308       0x80 _build/nrf52832_xxaa/app_util_platform.c.o
 .debug_ranges  0x0000000000001388       0x78 _build/nrf52832_xxaa/nrf_balloc.c.o
 .debug_ranges  0x0000000000001400       0x18 _build/nrf52832_xxaa/nrf_fprintf.c.o
 .debug_ranges  0x0000000000001418      0x1e8 _build/nrf52832_xxaa/nrf_fprintf_format.c.o
 .debug_ranges  0x0000000000001600       0xa8 _build/nrf52832_xxaa/nrf_memobj.c.o
 .debug_ranges  0x00000000000016a8       0x80 _build/nrf52832_xxaa/nrf_pwr_mgmt.c.o
 .debug_ranges  0x0000000000001728       0x18 _build/nrf52832_xxaa/nrf_section_iter.c.o
 .debug_ranges  0x0000000000001740       0x80 _build/nrf52832_xxaa/nrf_strerror.c.o
 .debug_ranges  0x00000000000017c0      0x148 _build/nrf52832_xxaa/sdk_mapped_flags.c.o
 .debug_ranges  0x0000000000001908      0x3b8 _build/nrf52832_xxaa/nrf_drv_clock.c.o
 .debug_ranges  0x0000000000001cc0       0x38 _build/nrf52832_xxaa/nrf_drv_common.c.o
 .debug_ranges  0x0000000000001cf8      0xa60 _build/nrf52832_xxaa/nrf_drv_gpiote.c.o
 .debug_ranges  0x0000000000002758      0x448 _build/nrf52832_xxaa/nrf_drv_spi.c.o
 .debug_ranges  0x0000000000002ba0      0x800 _build/nrf52832_xxaa/nrf_drv_uart.c.o
 .debug_ranges  0x00000000000033a0      0x838 _build/nrf52832_xxaa/main.c.o
 .debug_ranges  0x0000000000003bd8      0x328 _build/nrf52832_xxaa/ble_advdata.c.o
 .debug_ranges  0x0000000000003f00      0x228 _build/nrf52832_xxaa/ble_conn_params.c.o
 .debug_ranges  0x0000000000004128       0xe8 _build/nrf52832_xxaa/ble_conn_state.c.o
 .debug_ranges  0x0000000000004210      0x120 _build/nrf52832_xxaa/ble_srv_common.c.o
 .debug_ranges  0x0000000000004330       0xc8 _build/nrf52832_xxaa/nrf_ble_gatt.c.o
 .debug_ranges  0x00000000000043f8      0x150 _build/nrf52832_xxaa/system_nrf52.c.o
 .debug_ranges  0x0000000000004548       0x60 _build/nrf52832_xxaa/ble_lbs.c.o
 .debug_ranges  0x00000000000045a8      0x228 _build/nrf52832_xxaa/nrf_sdh.c.o
 .debug_ranges  0x00000000000047d0       0x98 _build/nrf52832_xxaa/nrf_sdh_ble.c.o
 .debug_ranges  0x0000000000004868       0x30 _build/nrf52832_xxaa/nrf_sdh_soc.c.o

.debug_macro    0x0000000000000000     0xa22b
 .debug_macro   0x0000000000000000      0x366 _build/nrf52832_xxaa/nrf_log_backend_serial.c.o
 .debug_macro   0x0000000000000366       0x16 _build/nrf52832_xxaa/nrf_log_backend_serial.c.o
 .debug_macro   0x000000000000037c       0x22 _build/nrf52832_xxaa/nrf_log_backend_serial.c.o
 .debug_macro   0x000000000000039e       0x16 _build/nrf52832_xxaa/nrf_log_backend_serial.c.o
 .debug_macro   0x00000000000003b4       0x40 _build/nrf52832_xxaa/nrf_log_backend_serial.c.o
 .debug_macro   0x00000000000003f4       0x70 _build/nrf52832_xxaa/nrf_log_backend_serial.c.o
 .debug_macro   0x0000000000000464       0x2e _build/nrf52832_xxaa/nrf_log_backend_serial.c.o
 .debug_macro   0x0000000000000492       0x1c _build/nrf52832_xxaa/nrf_log_backend_serial.c.o
 .debug_macro   0x00000000000004ae       0x10 _build/nrf52832_xxaa/nrf_log_backend_serial.c.o
 .debug_macro   0x00000000000004be       0x10 _build/nrf52832_xxaa/nrf_log_backend_serial.c.o
 .debug_macro   0x00000000000004ce       0xb6 _build/nrf52832_xxaa/nrf_log_backend_serial.c.o
 .debug_macro   0x0000000000000584       0x16 _build/nrf52832_xxaa/nrf_log_backend_serial.c.o
 .debug_macro   0x000000000000059a      0x129 _build/nrf52832_xxaa/nrf_log_backend_serial.c.o
 .debug_macro   0x00000000000006c3       0x2b _build/nrf52832_xxaa/nrf_log_backend_serial.c.o
 .debug_macro   0x00000000000006ee       0x10 _build/nrf52832_xxaa/nrf_log_backend_serial.c.o
 .debug_macro   0x00000000000006fe       0x7e _build/nrf52832_xxaa/nrf_log_backend_serial.c.o
 .debug_macro   0x000000000000077c       0x8c _build/nrf52832_xxaa/nrf_log_backend_serial.c.o
 .debug_macro   0x0000000000000808       0x10 _build/nrf52832_xxaa/nrf_log_backend_serial.c.o
 .debug_macro   0x0000000000000818       0x22 _build/nrf52832_xxaa/nrf_log_backend_serial.c.o
 .debug_macro   0x000000000000083a       0x1c _build/nrf52832_xxaa/nrf_log_backend_serial.c.o
 .debug_macro   0x0000000000000856      0x16d _build/nrf52832_xxaa/nrf_log_backend_serial.c.o
 .debug_macro   0x00000000000009c3      0x3a5 _build/nrf52832_xxaa/nrf_log_backend_uart.c.o
 .debug_macro   0x0000000000000d68      0x372 _build/nrf52832_xxaa/nrf_log_backend_uart.c.o
 .debug_macro   0x00000000000010da       0x10 _build/nrf52832_xxaa/nrf_log_backend_uart.c.o
 .debug_macro   0x00000000000010ea       0x43 _build/nrf52832_xxaa/nrf_log_backend_uart.c.o
 .debug_macro   0x000000000000112d      0x357 _build/nrf52832_xxaa/nrf_log_default_backends.c.o
 .debug_macro   0x0000000000001484       0x10 _build/nrf52832_xxaa/nrf_log_default_backends.c.o
 .debug_macro   0x0000000000001494      0x3b1 _build/nrf52832_xxaa/nrf_log_frontend.c.o
 .debug_macro   0x0000000000001845       0x31 _build/nrf52832_xxaa/nrf_log_frontend.c.o
 .debug_macro   0x0000000000001876       0x10 _build/nrf52832_xxaa/nrf_log_frontend.c.o
 .debug_macro   0x0000000000001886       0x76 _build/nrf52832_xxaa/nrf_log_frontend.c.o
 .debug_macro   0x00000000000018fc       0x92 _build/nrf52832_xxaa/nrf_log_frontend.c.o
 .debug_macro   0x000000000000198e       0x16 _build/nrf52832_xxaa/nrf_log_frontend.c.o
 .debug_macro   0x00000000000019a4       0x3b _build/nrf52832_xxaa/nrf_log_frontend.c.o
 .debug_macro   0x00000000000019df      0x3a2 _build/nrf52832_xxaa/nrf_log_str_formatter.c.o
 .debug_macro   0x0000000000001d81       0x9c _build/nrf52832_xxaa/nrf_log_str_formatter.c.o
 .debug_macro   0x0000000000001e1d      0x29c _build/nrf52832_xxaa/boards.c.o
 .debug_macro   0x00000000000020b9       0x35 _build/nrf52832_xxaa/boards.c.o
 .debug_macro   0x00000000000020ee       0x22 _build/nrf52832_xxaa/boards.c.o
 .debug_macro   0x0000000000002110       0x16 _build/nrf52832_xxaa/boards.c.o
 .debug_macro   0x0000000000002126       0x97 _build/nrf52832_xxaa/boards.c.o
 .debug_macro   0x00000000000021bd       0xf6 _build/nrf52832_xxaa/boards.c.o
 .debug_macro   0x00000000000022b3       0x16 _build/nrf52832_xxaa/boards.c.o
 .debug_macro   0x00000000000022c9      0x261 _build/nrf52832_xxaa/boards.c.o
 .debug_macro   0x000000000000252a      0x115 _build/nrf52832_xxaa/boards.c.o
 .debug_macro   0x000000000000263f      0x318 _build/nrf52832_xxaa/app_button.c.o
 .debug_macro   0x0000000000002957       0x1c _build/nrf52832_xxaa/app_button.c.o
 .debug_macro   0x0000000000002973       0x28 _build/nrf52832_xxaa/app_button.c.o
 .debug_macro   0x000000000000299b       0x1f _build/nrf52832_xxaa/app_button.c.o
 .debug_macro   0x00000000000029ba       0x30 _build/nrf52832_xxaa/app_button.c.o
 .debug_macro   0x00000000000029ea      0x228 _build/nrf52832_xxaa/app_error.c.o
 .debug_macro   0x0000000000002c12      0x387 _build/nrf52832_xxaa/app_error_weak.c.o
 .debug_macro   0x0000000000002f99       0x16 _build/nrf52832_xxaa/app_error_weak.c.o
 .debug_macro   0x0000000000002faf      0x167 _build/nrf52832_xxaa/app_error_weak.c.o
 .debug_macro   0x0000000000003116       0x16 _build/nrf52832_xxaa/app_error_weak.c.o
 .debug_macro   0x000000000000312c       0x1c _build/nrf52832_xxaa/app_error_weak.c.o
 .debug_macro   0x0000000000003148      0x10d _build/nrf52832_xxaa/app_error_weak.c.o
 .debug_macro   0x0000000000003255      0x310 _build/nrf52832_xxaa/app_scheduler.c.o
 .debug_macro   0x0000000000003565       0x16 _build/nrf52832_xxaa/app_scheduler.c.o
 .debug_macro   0x000000000000357b      0x344 _build/nrf52832_xxaa/app_timer.c.o
 .debug_macro   0x00000000000038bf       0x16 _build/nrf52832_xxaa/app_timer.c.o
 .debug_macro   0x00000000000038d5      0x278 _build/nrf52832_xxaa/app_util_platform.c.o
 .debug_macro   0x0000000000003b4d      0x33a _build/nrf52832_xxaa/nrf_balloc.c.o
 .debug_macro   0x0000000000003e87      0x167 _build/nrf52832_xxaa/nrf_balloc.c.o
 .debug_macro   0x0000000000003fee      0x299 _build/nrf52832_xxaa/nrf_fprintf.c.o
 .debug_macro   0x0000000000004287       0x58 _build/nrf52832_xxaa/nrf_fprintf.c.o
 .debug_macro   0x00000000000042df      0x2ab _build/nrf52832_xxaa/nrf_fprintf_format.c.o
 .debug_macro   0x000000000000458a      0x325 _build/nrf52832_xxaa/nrf_memobj.c.o
 .debug_macro   0x00000000000048af      0x10e _build/nrf52832_xxaa/nrf_memobj.c.o